Archive member included to satisfy reference by file (symbol)

../app/libapp.a(main.c.obj)   (--whole-archive)
libzephyr.a(heap.c.obj)       (--whole-archive)
libzephyr.a(cbprintf_packaged.c.obj)
                              (--whole-archive)
libzephyr.a(printk.c.obj)     (--whole-archive)
libzephyr.a(sem.c.obj)        (--whole-archive)
libzephyr.a(thread_entry.c.obj)
                              (--whole-archive)
libzephyr.a(cbprintf_complete.c.obj)
                              (--whole-archive)
libzephyr.a(assert.c.obj)     (--whole-archive)
libzephyr.a(reboot.c.obj)     (--whole-archive)
libzephyr.a(dec.c.obj)        (--whole-archive)
libzephyr.a(hex.c.obj)        (--whole-archive)
libzephyr.a(rb.c.obj)         (--whole-archive)
libzephyr.a(timeutil.c.obj)   (--whole-archive)
libzephyr.a(bitarray.c.obj)   (--whole-archive)
libzephyr.a(ring_buffer.c.obj)
                              (--whole-archive)
libzephyr.a(resource_table.c.obj)
                              (--whole-archive)
libzephyr.a(configs.c.obj)    (--whole-archive)
libzephyr.a(ctrl_partitions.c.obj)
                              (--whole-archive)
libzephyr.a(soc.c.obj)        (--whole-archive)
libzephyr.a(tracing_none.c.obj)
                              (--whole-archive)
arch/common/libarch__common.a(sw_isr_common.c.obj)
                              (--whole-archive)
arch/arch/arm/core/libarch__arm__core.a(fatal.c.obj)
                              (--whole-archive)
arch/arch/arm/core/libarch__arm__core.a(nmi.c.obj)
                              (--whole-archive)
arch/arch/arm/core/libarch__arm__core.a(nmi_on_reset.S.obj)
                              (--whole-archive)
arch/arch/arm/core/libarch__arm__core.a(tls.c.obj)
                              (--whole-archive)
arch/arch/arm/core/cortex_a_r/libarch__arm__core__cortex_a_r.a(exc.S.obj)
                              (--whole-archive)
arch/arch/arm/core/cortex_a_r/libarch__arm__core__cortex_a_r.a(fault.c.obj)
                              (--whole-archive)
arch/arch/arm/core/cortex_a_r/libarch__arm__core__cortex_a_r.a(irq_init.c.obj)
                              (--whole-archive)
arch/arch/arm/core/cortex_a_r/libarch__arm__core__cortex_a_r.a(reboot.c.obj)
                              (--whole-archive)
arch/arch/arm/core/cortex_a_r/libarch__arm__core__cortex_a_r.a(reset.S.obj)
                              (--whole-archive)
arch/arch/arm/core/cortex_a_r/libarch__arm__core__cortex_a_r.a(stacks.c.obj)
                              (--whole-archive)
arch/arch/arm/core/cortex_a_r/libarch__arm__core__cortex_a_r.a(tcm.c.obj)
                              (--whole-archive)
arch/arch/arm/core/cortex_a_r/libarch__arm__core__cortex_a_r.a(vector_table.S.obj)
                              (--whole-archive)
arch/arch/arm/core/cortex_a_r/libarch__arm__core__cortex_a_r.a(irq_manage.c.obj)
                              (--whole-archive)
arch/arch/arm/core/cortex_a_r/libarch__arm__core__cortex_a_r.a(prep_c.c.obj)
                              (--whole-archive)
arch/arch/arm/core/cortex_a_r/libarch__arm__core__cortex_a_r.a(thread.c.obj)
                              (--whole-archive)
arch/arch/arm/core/cortex_a_r/libarch__arm__core__cortex_a_r.a(cpu_idle.S.obj)
                              (--whole-archive)
arch/arch/arm/core/cortex_a_r/libarch__arm__core__cortex_a_r.a(smp.c.obj)
                              (--whole-archive)
arch/arch/arm/core/cortex_a_r/libarch__arm__core__cortex_a_r.a(isr_wrapper.S.obj)
                              (--whole-archive)
arch/arch/arm/core/cortex_a_r/libarch__arm__core__cortex_a_r.a(__aeabi_read_tp.S.obj)
                              (--whole-archive)
arch/arch/arm/core/cortex_a_r/libarch__arm__core__cortex_a_r.a(swap_helper.S.obj)
                              (--whole-archive)
arch/arch/arm/core/cortex_a_r/libarch__arm__core__cortex_a_r.a(exc_exit.S.obj)
                              (--whole-archive)
lib/libc/picolibc/liblib__libc__picolibc.a(assert.c.obj)
                              (--whole-archive)
lib/libc/picolibc/liblib__libc__picolibc.a(cbprintf.c.obj)
                              (--whole-archive)
lib/libc/picolibc/liblib__libc__picolibc.a(chk_fail.c.obj)
                              (--whole-archive)
lib/libc/picolibc/liblib__libc__picolibc.a(errno_wrap.c.obj)
                              (--whole-archive)
lib/libc/picolibc/liblib__libc__picolibc.a(exit.c.obj)
                              (--whole-archive)
lib/libc/picolibc/liblib__libc__picolibc.a(locks.c.obj)
                              (--whole-archive)
lib/libc/picolibc/liblib__libc__picolibc.a(stdio.c.obj)
                              (--whole-archive)
lib/libc/common/liblib__libc__common.a(abort.c.obj)
                              (--whole-archive)
lib/libc/common/liblib__libc__common.a(malloc.c.obj)
                              (--whole-archive)
drivers/interrupt_controller/libdrivers__interrupt_controller.a(intc_vim.c.obj)
                              (--whole-archive)
[...]
Memory Configuration

Name             Origin             Length             Attributes
FLASH            0x0000000000000000 0x0000000000000000 xr
RAM              0x0000000000000000 0x0000000000008000 xw
ATCM             0x0000000000000000 0x0000000000008000 rw
BTCM             0x0000000041010000 0x0000000000008000 rw
RSC_TABLE        0x00000000a1100000 0x0000000000100000 rw
DRAM             0x00000000a1200000 0x0000000000e00000 rw
IDT_LIST         0x00000000ffff8000 0x0000000000008000 xw
*default*        0x0000000000000000 0xffffffffffffffff

Linker script and memory map

                0x0000000000001b7c                vfprintf = __d_vfprintf
                0x0000000000000000                vfscanf = __d_vfscanf
LOAD CMakeFiles/zephyr_final.dir/misc/empty_file.c.obj
LOAD CMakeFiles/zephyr_final.dir/isr_tables.c.obj
LOAD CMakeFiles/offsets.dir/arch/arm/core/offsets/offsets.c.obj
LOAD ../app/libapp.a
LOAD libzephyr.a
LOAD arch/common/libarch__common.a
LOAD arch/arch/arm/core/libarch__arm__core.a
LOAD arch/arch/arm/core/cortex_a_r/libarch__arm__core__cortex_a_r.a
LOAD lib/libc/picolibc/liblib__libc__picolibc.a
LOAD lib/libc/common/liblib__libc__common.a
LOAD drivers/interrupt_controller/libdrivers__interrupt_controller.a
LOAD drivers/console/libdrivers__console.a
LOAD drivers/gpio/libdrivers__gpio.a
LOAD drivers/pinctrl/libdrivers__pinctrl.a
LOAD drivers/serial/libdrivers__serial.a
LOAD drivers/timer/libdrivers__timer.a
LOAD ../modules/libmetal/libmetal/lib/libmetal.a
LOAD ../modules/open-amp/open-amp/lib/libopen_amp.a
LOAD kernel/libkernel.a
LOAD arch/common/libisr_tables.a
LOAD /home/junpinfoo/zephyr-sdk-0.17.0/arm-zephyr-eabi/bin/../lib/gcc/../../picolibc/arm-zephyr-eabi/lib/thumb/v7-r+fp.sp/hard/libc.a
LOAD /home/junpinfoo/zephyr-sdk-0.17.0/arm-zephyr-eabi/bin/../lib/gcc/arm-zephyr-eabi/12.2.0/thumb/v7-r+fp.sp/hard/libgcc.a
                0x0000000000000004                _region_min_align = 0x4

.rel.plt        0x0000000000000000        0x0
 *(SORT_BY_ALIGNMENT(.rel.plt))
                [!provide]                        PROVIDE (__rel_iplt_start = .)
 *(SORT_BY_ALIGNMENT(.rel.iplt))
 .rel.iplt      0x0000000000000000        0x0 CMakeFiles/zephyr_final.dir/isr_tables.c.obj
                [!provide]                        PROVIDE (__rel_iplt_end = .)

.rela.plt       0x0000000000000000        0x0
 *(SORT_BY_ALIGNMENT(.rela.plt))
                [!provide]                        PROVIDE (__rela_iplt_start = .)
 *(SORT_BY_ALIGNMENT(.rela.iplt))
                [!provide]                        PROVIDE (__rela_iplt_end = .)

.rel.dyn
 *(SORT_BY_ALIGNMENT(.rel.*))

.rela.dyn
 *(SORT_BY_ALIGNMENT(.rela.*))

.plt
 *(SORT_BY_ALIGNMENT(.plt))

.iplt           0x0000000000000000        0x0
 *(SORT_BY_ALIGNMENT(.iplt))
 .iplt          0x0000000000000000        0x0 CMakeFiles/zephyr_final.dir/isr_tables.c.obj
                0x0000000000000000                __rom_region_start = 0x0

rom_start       0x0000000000000000       0x3c
                0x0000000000000000                __rom_start_address = .
 FILL mask 0x00
                0x0000000000000000                . = (. + (0x0 - (. - __rom_start_address)))
                0x0000000000000000                . = ALIGN (0x4)
                0x0000000000000000                _vector_start = .
 *(SORT_BY_ALIGNMENT(.exc_vector_table))
 *(SORT_BY_ALIGNMENT(.exc_vector_table.*))
 .exc_vector_table._vector_table_section
                0x0000000000000000       0x3c arch/arch/arm/core/cortex_a_r/libarch__arm__core__cortex_a_r.a(vector_table.S.obj)
                0x0000000000000000                _vector_table
 *(SORT_BY_ALIGNMENT(.vectors))
                0x000000000000003c                _vector_end = .

text            0x0000000000000040     0x3910
                0x0000000000000040                . = ALIGN (_region_min_align)
                0x0000000000000040                __text_region_start = .
                0x0000000000000040                z_mapped_start = .
 *(SORT_BY_ALIGNMENT(.text))
 .text          0x0000000000000040       0x30 /home/junpinfoo/zephyr-sdk-0.17.0/arm-zephyr-eabi/bin/../lib/gcc/arm-zephyr-eabi/12.2.0/thumb/v7-r+fp.sp/hard/libgcc.a(_aeabi_uldivmod.o)
                0x0000000000000040                __aeabi_uldivmod
 .text          0x0000000000000070        0x4 /home/junpinfoo/zephyr-sdk-0.17.0/arm-zephyr-eabi/bin/../lib/gcc/arm-zephyr-eabi/12.2.0/thumb/v7-r+fp.sp/hard/libgcc.a(_dvmd_tls.o)
                0x0000000000000070                __aeabi_ldiv0
                0x0000000000000070                __aeabi_idiv0
 .text          0x0000000000000074      0x29c /home/junpinfoo/zephyr-sdk-0.17.0/arm-zephyr-eabi/bin/../lib/gcc/arm-zephyr-eabi/12.2.0/thumb/v7-r+fp.sp/hard/libgcc.a(_udivmoddi4.o)
                0x0000000000000074                __udivmoddi4
 *(SORT_BY_ALIGNMENT(.text.*))
 .text.gpio_pin_set_dt.constprop.0.isra.0
                0x0000000000000310       0x24 ../app/libapp.a(main.c.obj)
 .text.setColor
                0x0000000000000334       0x70 ../app/libapp.a(main.c.obj)
 .text.initialize_gpio
                0x00000000000003a4       0x6c ../app/libapp.a(main.c.obj)
 .text.main     0x0000000000000410      0x180 ../app/libapp.a(main.c.obj)
                0x0000000000000410                main
 .text.char_out
                0x0000000000000590        0xc libzephyr.a(printk.c.obj)
 .text.__printk_hook_install
                0x000000000000059c        0xc libzephyr.a(printk.c.obj)
                0x000000000000059c                __printk_hook_install
 .text.vprintk  0x00000000000005a8       0x30 libzephyr.a(printk.c.obj)
                0x00000000000005a8                vprintk
 .text.z_thread_entry
                0x00000000000005d8       0x34 libzephyr.a(thread_entry.c.obj)
                0x00000000000005d8                z_thread_entry
 .text.z_arm_nmi
                0x000000000000060c       0x14 arch/arch/arm/core/libarch__arm__core.a(nmi.c.obj)
                0x000000000000060c                z_arm_nmi
 .text.z_SysNmiOnReset
                0x0000000000000620        0x8 arch/arch/arm/core/libarch__arm__core.a(nmi_on_reset.S.obj)
                0x0000000000000620                z_SysNmiOnReset
 .text.arch_tls_stack_setup
                0x0000000000000628       0x40 arch/arch/arm/core/libarch__arm__core.a(tls.c.obj)
                0x0000000000000628                arch_tls_stack_setup
 .text.__exc    0x0000000000000668      0x11c arch/arch/arm/core/cortex_a_r/libarch__arm__core__cortex_a_r.a(exc.S.obj)
                0x0000000000000668                z_arm_undef_instruction
                0x00000000000006d8                z_arm_prefetch_abort
                0x0000000000000728                z_arm_data_abort
 .text.z_arm_fault_undef_instruction_fp
                0x0000000000000784       0x60 arch/arch/arm/core/cortex_a_r/libarch__arm__core__cortex_a_r.a(fault.c.obj)
                0x0000000000000784                z_arm_fault_undef_instruction_fp
 .text._reset_section
                0x00000000000007e4       0x78 arch/arch/arm/core/cortex_a_r/libarch__arm__core__cortex_a_r.a(reset.S.obj)
                0x00000000000007e4                z_arm_reset
                0x00000000000007e4                __start
 .text.z_prep_c
                0x000000000000085c       0x30 arch/arch/arm/core/cortex_a_r/libarch__arm__core__cortex_a_r.a(prep_c.c.obj)
                0x000000000000085c                z_prep_c
 .text.arch_new_thread
                0x000000000000088c       0x44 arch/arch/arm/core/cortex_a_r/libarch__arm__core__cortex_a_r.a(thread.c.obj)
                0x000000000000088c                arch_new_thread
 .text.arch_float_disable
                0x00000000000008d0       0x40 arch/arch/arm/core/cortex_a_r/libarch__arm__core__cortex_a_r.a(thread.c.obj)
                0x00000000000008d0                arch_float_disable
 .text.arch_cpu_idle
                0x0000000000000910       0x14 arch/arch/arm/core/cortex_a_r/libarch__arm__core__cortex_a_r.a(cpu_idle.S.obj)
                0x0000000000000910                arch_cpu_idle
 .text._isr_wrapper
                0x0000000000000924       0xb8 arch/arch/arm/core/cortex_a_r/libarch__arm__core__cortex_a_r.a(isr_wrapper.S.obj)
                0x0000000000000924                _isr_wrapper
 .text.__aeabi_read_tp
                0x00000000000009dc        0x8 arch/arch/arm/core/cortex_a_r/libarch__arm__core__cortex_a_r.a(__aeabi_read_tp.S.obj)
                0x00000000000009dc                __aeabi_read_tp
 .text.z_arm_do_swap
                0x00000000000009e4       0xcc arch/arch/arm/core/cortex_a_r/libarch__arm__core__cortex_a_r.a(swap_helper.S.obj)
                0x00000000000009e4                z_arm_do_swap
 .text.z_arm_svc
                0x0000000000000ab0       0xc0 arch/arch/arm/core/cortex_a_r/libarch__arm__core__cortex_a_r.a(swap_helper.S.obj)
                0x0000000000000ab0                z_arm_svc
 .text.z_arm_cortex_r_svc
                0x0000000000000b70        0x8 arch/arch/arm/core/cortex_a_r/libarch__arm__core__cortex_a_r.a(swap_helper.S.obj)
                0x0000000000000b70                z_arm_cortex_r_svc
 .text._HandlerModeExit
                0x0000000000000b78      0x164 arch/arch/arm/core/cortex_a_r/libarch__arm__core__cortex_a_r.a(exc_exit.S.obj)
                0x0000000000000b78                z_arm_int_exit
                0x0000000000000c20                z_arm_exc_exit
 .text._exit    0x0000000000000cdc       0x10 lib/libc/picolibc/liblib__libc__picolibc.a(exit.c.obj)
                0x0000000000000cdc                _exit
 .text.z_impl_zephyr_fputc
                0x0000000000000cec       0x10 lib/libc/picolibc/liblib__libc__picolibc.a(stdio.c.obj)
                0x0000000000000cec                z_impl_zephyr_fputc
 .text.__stdout_hook_install
                0x0000000000000cfc       0x18 lib/libc/picolibc/liblib__libc__picolibc.a(stdio.c.obj)
                0x0000000000000cfc                __stdout_hook_install
 .text.malloc_prepare
                0x0000000000000d14       0x20 lib/libc/common/liblib__libc__common.a(malloc.c.obj)
 .text.z_vim_irq_get_active
                0x0000000000000d34       0x48 drivers/interrupt_controller/libdrivers__interrupt_controller.a(intc_vim.c.obj)
                0x0000000000000d34                z_vim_irq_get_active
 .text.z_vim_irq_eoi
                0x0000000000000d7c       0x10 drivers/interrupt_controller/libdrivers__interrupt_controller.a(intc_vim.c.obj)
                0x0000000000000d7c                z_vim_irq_eoi
 .text.z_vim_irq_priority_set
                0x0000000000000d8c       0x50 drivers/interrupt_controller/libdrivers__interrupt_controller.a(intc_vim.c.obj)
                0x0000000000000d8c                z_vim_irq_priority_set
 .text.z_vim_irq_enable
                0x0000000000000ddc       0x24 drivers/interrupt_controller/libdrivers__interrupt_controller.a(intc_vim.c.obj)
                0x0000000000000ddc                z_vim_irq_enable
 .text.uart_console_init
                0x0000000000000e00       0x28 drivers/console/libdrivers__console.a(uart_console.c.obj)
 .text.console_out
                0x0000000000000e28       0x28 drivers/console/libdrivers__console.a(uart_console.c.obj)
 .text.pinctrl_configure_pins
                0x0000000000000e50       0x2c drivers/pinctrl/libdrivers__pinctrl.a(pinctrl_ti_k3.c.obj)
                0x0000000000000e50                pinctrl_configure_pins
 .text.ti_dmtimer_isr
                0x0000000000000e7c       0x68 drivers/timer/libdrivers__timer.a(ti_dmtimer.c.obj)
 .text.sys_clock_driver_init
                0x0000000000000ee4       0xe8 drivers/timer/libdrivers__timer.a(ti_dmtimer.c.obj)
 .text.sys_clock_set_timeout
                0x0000000000000fcc       0x5c drivers/timer/libdrivers__timer.a(ti_dmtimer.c.obj)
                0x0000000000000fcc                sys_clock_set_timeout
 .text.sys_clock_cycle_get_32
                0x0000000000001028       0x24 drivers/timer/libdrivers__timer.a(ti_dmtimer.c.obj)
                0x0000000000001028                sys_clock_cycle_get_32
 .text.sys_clock_elapsed
                0x000000000000104c       0x34 drivers/timer/libdrivers__timer.a(ti_dmtimer.c.obj)
                0x000000000000104c                sys_clock_elapsed
 .text.z_impl_k_busy_wait
                0x0000000000001080       0x38 kernel/libkernel.a(busy_wait.c.obj)
                0x0000000000001080                z_impl_k_busy_wait
 .text.z_fatal_error
                0x00000000000010b8       0x38 kernel/libkernel.a(fatal.c.obj)
                0x00000000000010b8                z_fatal_error
 .text.z_sys_init_run_level
                0x00000000000010f0       0x30 kernel/libkernel.a(init.c.obj)
 .text.bg_thread_main
                0x0000000000001120       0xc4 kernel/libkernel.a(init.c.obj)
 .text.z_bss_zero
                0x00000000000011e4       0x18 kernel/libkernel.a(init.c.obj)
                0x00000000000011e4                z_bss_zero
 .text.z_init_cpu
                0x00000000000011fc       0x68 kernel/libkernel.a(init.c.obj)
                0x00000000000011fc                z_init_cpu
 .text.z_cstart
                0x0000000000001264       0x94 kernel/libkernel.a(init.c.obj)
                0x0000000000001264                z_cstart
 .text.z_setup_new_thread
                0x00000000000012f8       0x6c kernel/libkernel.a(thread.c.obj)
                0x00000000000012f8                z_setup_new_thread
 .text.z_dummy_thread_init
                0x0000000000001364       0x14 kernel/libkernel.a(thread.c.obj)
                0x0000000000001364                z_dummy_thread_init
 .text.ready_thread
                0x0000000000001378       0x80 kernel/libkernel.a(sched.c.obj)
 .text.z_swap_irqlock
                0x00000000000013f8       0x24 kernel/libkernel.a(sched.c.obj)
 .text.move_thread_to_end_of_prio_q
                0x000000000000141c       0x8c kernel/libkernel.a(sched.c.obj)
                0x000000000000141c                move_thread_to_end_of_prio_q
 .text.z_reschedule
                0x00000000000014a8       0x24 kernel/libkernel.a(sched.c.obj)
                0x00000000000014a8                z_reschedule
 .text.z_reschedule_irqlock
                0x00000000000014cc       0x24 kernel/libkernel.a(sched.c.obj)
                0x00000000000014cc                z_reschedule_irqlock
 .text.k_sched_lock
                0x00000000000014f0       0x20 kernel/libkernel.a(sched.c.obj)
                0x00000000000014f0                k_sched_lock
 .text.k_sched_unlock
                0x0000000000001510       0x50 kernel/libkernel.a(sched.c.obj)
                0x0000000000001510                k_sched_unlock
 .text.z_sched_init
                0x0000000000001560       0x10 kernel/libkernel.a(sched.c.obj)
                0x0000000000001560                z_sched_init
 .text.z_impl_k_wakeup
                0x0000000000001570       0x40 kernel/libkernel.a(sched.c.obj)
                0x0000000000001570                z_impl_k_wakeup
 .text.z_impl_k_sched_current_thread_query
                0x00000000000015b0        0xc kernel/libkernel.a(sched.c.obj)
                0x00000000000015b0                z_impl_k_sched_current_thread_query
 .text.z_thread_abort
                0x00000000000015bc      0x138 kernel/libkernel.a(sched.c.obj)
                0x00000000000015bc                z_thread_abort
 .text.slice_timeout
                0x00000000000016f4       0x20 kernel/libkernel.a(timeslicing.c.obj)
 .text.thread_is_sliceable
                0x0000000000001714       0x3c kernel/libkernel.a(timeslicing.c.obj)
                0x0000000000001714                thread_is_sliceable
 .text.z_reset_time_slice
                0x0000000000001750       0x50 kernel/libkernel.a(timeslicing.c.obj)
                0x0000000000001750                z_reset_time_slice
 .text.z_time_slice
                0x00000000000017a0       0x40 kernel/libkernel.a(timeslicing.c.obj)
                0x00000000000017a0                z_time_slice
 .text.first    0x00000000000017e0       0x10 kernel/libkernel.a(timeout.c.obj)
 .text.elapsed  0x00000000000017f0       0x14 kernel/libkernel.a(timeout.c.obj)
 .text.remove_timeout
                0x0000000000001804       0x38 kernel/libkernel.a(timeout.c.obj)
 .text.z_add_timeout
                0x000000000000183c       0xdc kernel/libkernel.a(timeout.c.obj)
                0x000000000000183c                z_add_timeout
 .text.sys_clock_announce
                0x0000000000001918       0xa0 kernel/libkernel.a(timeout.c.obj)
                0x0000000000001918                sys_clock_announce
 .text.boot_banner
                0x00000000000019b8        0xc kernel/libkernel.a(banner.c.obj)
                0x00000000000019b8                boot_banner
 .text.exit     0x00000000000019c4       0x1c /home/junpinfoo/zephyr-sdk-0.17.0/arm-zephyr-eabi/bin/../lib/gcc/../../picolibc/arm-zephyr-eabi/lib/thumb/v7-r+fp.sp/hard/libc.a(libc_stdlib_pico-exit.c.o)
                0x00000000000019c4                exit
 .text.printf   0x00000000000019e0       0x24 /home/junpinfoo/zephyr-sdk-0.17.0/arm-zephyr-eabi/bin/../lib/gcc/../../picolibc/arm-zephyr-eabi/lib/thumb/v7-r+fp.sp/hard/libc.a(libc_tinystdio_printf.c.o)
                0x00000000000019e0                printf
 .text.puts     0x0000000000001a04       0x40 /home/junpinfoo/zephyr-sdk-0.17.0/arm-zephyr-eabi/bin/../lib/gcc/../../picolibc/arm-zephyr-eabi/lib/thumb/v7-r+fp.sp/hard/libc.a(libc_tinystdio_puts.c.o)
                0x0000000000001a04                puts
 .text.skip_to_arg
                0x0000000000001a44      0x138 /home/junpinfoo/zephyr-sdk-0.17.0/arm-zephyr-eabi/bin/../lib/gcc/../../picolibc/arm-zephyr-eabi/lib/thumb/v7-r+fp.sp/hard/libc.a(libc_tinystdio_vfprintf.c.o)
 .text.vfprintf
                0x0000000000001b7c      0x9a0 /home/junpinfoo/zephyr-sdk-0.17.0/arm-zephyr-eabi/bin/../lib/gcc/../../picolibc/arm-zephyr-eabi/lib/thumb/v7-r+fp.sp/hard/libc.a(libc_tinystdio_vfprintf.c.o)
                0x0000000000001b7c                __d_vfprintf
 .text.div10    0x000000000000251c       0x28 /home/junpinfoo/zephyr-sdk-0.17.0/arm-zephyr-eabi/bin/../lib/gcc/../../picolibc/arm-zephyr-eabi/lib/thumb/v7-r+fp.sp/hard/libc.a(libc_tinystdio_dtoa_ryu.c.o)
 .text.__dtoa_engine
                0x0000000000002544      0x4ac /home/junpinfoo/zephyr-sdk-0.17.0/arm-zephyr-eabi/bin/../lib/gcc/../../picolibc/arm-zephyr-eabi/lib/thumb/v7-r+fp.sp/hard/libc.a(libc_tinystdio_dtoa_ryu.c.o)
                0x0000000000002544                __dtoa_engine
 .text.__log10Pow2
                0x00000000000029f0        0xc /home/junpinfoo/zephyr-sdk-0.17.0/arm-zephyr-eabi/bin/../lib/gcc/../../picolibc/arm-zephyr-eabi/lib/thumb/v7-r+fp.sp/hard/libc.a(libc_tinystdio_ryu_log10.c.o)
                0x00000000000029f0                __log10Pow2
 .text.__log10Pow5
                0x00000000000029fc        0xc /home/junpinfoo/zephyr-sdk-0.17.0/arm-zephyr-eabi/bin/../lib/gcc/../../picolibc/arm-zephyr-eabi/lib/thumb/v7-r+fp.sp/hard/libc.a(libc_tinystdio_ryu_log10.c.o)
                0x00000000000029fc                __log10Pow5
 .text.__pow5bits
                0x0000000000002a08       0x10 /home/junpinfoo/zephyr-sdk-0.17.0/arm-zephyr-eabi/bin/../lib/gcc/../../picolibc/arm-zephyr-eabi/lib/thumb/v7-r+fp.sp/hard/libc.a(libc_tinystdio_ryu_pow5bits.c.o)
                0x0000000000002a08                __pow5bits
 .text.__pow5Factor
                0x0000000000002a18       0x30 /home/junpinfoo/zephyr-sdk-0.17.0/arm-zephyr-eabi/bin/../lib/gcc/../../picolibc/arm-zephyr-eabi/lib/thumb/v7-r+fp.sp/hard/libc.a(libc_tinystdio_ryu_table.c.o)
                0x0000000000002a18                __pow5Factor
 .text.__double_computePow5
                0x0000000000002a48       0xe4 /home/junpinfoo/zephyr-sdk-0.17.0/arm-zephyr-eabi/bin/../lib/gcc/../../picolibc/arm-zephyr-eabi/lib/thumb/v7-r+fp.sp/hard/libc.a(libc_tinystdio_ryu_table.c.o)
                0x0000000000002a48                __double_computePow5
 .text.__double_computeInvPow5
                0x0000000000002b2c       0xf8 /home/junpinfoo/zephyr-sdk-0.17.0/arm-zephyr-eabi/bin/../lib/gcc/../../picolibc/arm-zephyr-eabi/lib/thumb/v7-r+fp.sp/hard/libc.a(libc_tinystdio_ryu_table.c.o)
                0x0000000000002b2c                __double_computeInvPow5
 .text.__libc_fini_array
                0x0000000000002c24       0x2c /home/junpinfoo/zephyr-sdk-0.17.0/arm-zephyr-eabi/bin/../lib/gcc/../../picolibc/arm-zephyr-eabi/lib/thumb/v7-r+fp.sp/hard/libc.a(libc_misc_fini.c.o)
                0x0000000000002c24                __libc_fini_array
 .text._OffsetAbsSyms
                0x0000000000002c50        0x2 CMakeFiles/offsets.dir/arch/arm/core/offsets/offsets.c.obj
                0x0000000000002c50                _OffsetAbsSyms
 .text.chunk_size
                0x0000000000002c52        0xa libzephyr.a(heap.c.obj)
 .text.free_list_add
                0x0000000000002c5c       0x4e libzephyr.a(heap.c.obj)
 .text.sys_heap_init
                0x0000000000002caa       0x7a libzephyr.a(heap.c.obj)
                0x0000000000002caa                sys_heap_init
 .text.arch_printk_char_out
                0x0000000000002d24        0x4 libzephyr.a(printk.c.obj)
                0x0000000000002d24                arch_printk_char_out
 .text.printk   0x0000000000002d28       0x1a libzephyr.a(printk.c.obj)
                0x0000000000002d28                printk
 .text._ConfigAbsSyms
                0x0000000000002d42        0x2 libzephyr.a(configs.c.obj)
                0x0000000000002d42                _ConfigAbsSyms
 .text.k3_unlock_all_ctrl_partitions
                0x0000000000002d44        0x2 libzephyr.a(ctrl_partitions.c.obj)
                0x0000000000002d44                k3_unlock_all_ctrl_partitions
 .text.z_soc_irq_get_active
                0x0000000000002d46        0x4 libzephyr.a(soc.c.obj)
                0x0000000000002d46                z_soc_irq_get_active
 .text.z_soc_irq_eoi
                0x0000000000002d4a        0x4 libzephyr.a(soc.c.obj)
                0x0000000000002d4a                z_soc_irq_eoi
 .text.z_soc_irq_init
                0x0000000000002d4e        0x4 libzephyr.a(soc.c.obj)
                0x0000000000002d4e                z_soc_irq_init
 .text.z_soc_irq_priority_set
                0x0000000000002d52        0x4 libzephyr.a(soc.c.obj)
                0x0000000000002d52                z_soc_irq_priority_set
 .text.z_soc_irq_enable
                0x0000000000002d56        0x4 libzephyr.a(soc.c.obj)
                0x0000000000002d56                z_soc_irq_enable
 .text.soc_early_init_hook
                0x0000000000002d5a        0x4 libzephyr.a(soc.c.obj)
                0x0000000000002d5a                soc_early_init_hook
 .text.z_arm_fatal_error
                0x0000000000002d5e        0x4 arch/arch/arm/core/libarch__arm__core.a(fatal.c.obj)
                0x0000000000002d5e                z_arm_fatal_error
 .text.z_do_kernel_oops
                0x0000000000002d62        0x8 arch/arch/arm/core/libarch__arm__core.a(fatal.c.obj)
                0x0000000000002d62                z_do_kernel_oops
 .text.dump_fault.constprop.0
                0x0000000000002d6a       0x50 arch/arch/arm/core/cortex_a_r/libarch__arm__core__cortex_a_r.a(fault.c.obj)
 .text.z_arm_fault_undef_instruction
                0x0000000000002dba       0x1e arch/arch/arm/core/cortex_a_r/libarch__arm__core__cortex_a_r.a(fault.c.obj)
                0x0000000000002dba                z_arm_fault_undef_instruction
 .text.z_arm_fault_prefetch
                0x0000000000002dd8       0x24 arch/arch/arm/core/cortex_a_r/libarch__arm__core__cortex_a_r.a(fault.c.obj)
                0x0000000000002dd8                z_arm_fault_prefetch
 .text.z_arm_fault_data
                0x0000000000002dfc       0x24 arch/arch/arm/core/cortex_a_r/libarch__arm__core__cortex_a_r.a(fault.c.obj)
                0x0000000000002dfc                z_arm_fault_data
 .text.z_arm_interrupt_init
                0x0000000000002e20        0x4 arch/arch/arm/core/cortex_a_r/libarch__arm__core__cortex_a_r.a(irq_init.c.obj)
                0x0000000000002e20                z_arm_interrupt_init
 .text.relocate_vector_table
                0x0000000000002e24        0x2 arch/arch/arm/core/cortex_a_r/libarch__arm__core__cortex_a_r.a(reboot.c.obj)
                0x0000000000002e24                relocate_vector_table
 .text.z_arm_relocate_vector_table
                0x0000000000002e26        0x8 arch/arch/arm/core/cortex_a_r/libarch__arm__core__cortex_a_r.a(reboot.c.obj)
                0x0000000000002e26                z_arm_relocate_vector_table
 .text.z_irq_spurious
                0x0000000000002e2e        0x8 arch/arch/arm/core/cortex_a_r/libarch__arm__core__cortex_a_r.a(irq_manage.c.obj)
                0x0000000000002e2e                z_irq_spurious
 .text.picolibc_put
                0x0000000000002e36        0xa lib/libc/picolibc/liblib__libc__picolibc.a(stdio.c.obj)
 .text.z_vim_irq_init
                0x0000000000002e40        0xc drivers/interrupt_controller/libdrivers__interrupt_controller.a(intc_vim.c.obj)
                0x0000000000002e40                z_vim_irq_init
 .text.gpio_davinci_configure
                0x0000000000002e4c       0x34 drivers/gpio/libdrivers__gpio.a(gpio_davinci.c.obj)
 .text.gpio_davinci_port_get_raw
                0x0000000000002e80        0xc drivers/gpio/libdrivers__gpio.a(gpio_davinci.c.obj)
 .text.gpio_davinci_port_set_masked_raw
                0x0000000000002e8c       0x12 drivers/gpio/libdrivers__gpio.a(gpio_davinci.c.obj)
 .text.gpio_davinci_port_set_bits_raw
                0x0000000000002e9e        0xe drivers/gpio/libdrivers__gpio.a(gpio_davinci.c.obj)
 .text.gpio_davinci_port_clear_bits_raw
                0x0000000000002eac        0xe drivers/gpio/libdrivers__gpio.a(gpio_davinci.c.obj)
 .text.gpio_davinci_port_toggle_bits
                0x0000000000002eba        0xe drivers/gpio/libdrivers__gpio.a(gpio_davinci.c.obj)
 .text.gpio_davinci_bank_0_config
                0x0000000000002ec8        0x2 drivers/gpio/libdrivers__gpio.a(gpio_davinci.c.obj)
 .text.gpio_davinci_init
                0x0000000000002eca       0x32 drivers/gpio/libdrivers__gpio.a(gpio_davinci.c.obj)
 .text.pinctrl_lookup_state
                0x0000000000002efc       0x26 drivers/pinctrl/libdrivers__pinctrl.a(common.c.obj)
                0x0000000000002efc                pinctrl_lookup_state
 .text.pinctrl_ti_k3_init
                0x0000000000002f22        0x4 drivers/pinctrl/libdrivers__pinctrl.a(pinctrl_ti_k3.c.obj)
 .text.ns16550_read_char
                0x0000000000002f26       0x2e drivers/serial/libdrivers__serial.a(uart_ns16550.c.obj)
 .text.uart_ns16550_config_get
                0x0000000000002f54       0x1a drivers/serial/libdrivers__serial.a(uart_ns16550.c.obj)
 .text.uart_ns16550_poll_in
                0x0000000000002f6e       0x16 drivers/serial/libdrivers__serial.a(uart_ns16550.c.obj)
 .text.uart_ns16550_poll_out
                0x0000000000002f84       0x32 drivers/serial/libdrivers__serial.a(uart_ns16550.c.obj)
 .text.uart_ns16550_err_check
                0x0000000000002fb6       0x26 drivers/serial/libdrivers__serial.a(uart_ns16550.c.obj)
 .text.uart_ns16550_fifo_fill
                0x0000000000002fdc       0x34 drivers/serial/libdrivers__serial.a(uart_ns16550.c.obj)
 .text.uart_ns16550_fifo_read
                0x0000000000003010       0x3a drivers/serial/libdrivers__serial.a(uart_ns16550.c.obj)
 .text.uart_ns16550_irq_tx_enable
                0x000000000000304a       0x2a drivers/serial/libdrivers__serial.a(uart_ns16550.c.obj)
 .text.uart_ns16550_irq_tx_disable
                0x0000000000003074       0x28 drivers/serial/libdrivers__serial.a(uart_ns16550.c.obj)
 .text.uart_ns16550_irq_tx_ready
                0x000000000000309c       0x1e drivers/serial/libdrivers__serial.a(uart_ns16550.c.obj)
 .text.uart_ns16550_irq_tx_complete
                0x00000000000030ba       0x2e drivers/serial/libdrivers__serial.a(uart_ns16550.c.obj)
 .text.uart_ns16550_irq_rx_enable
                0x00000000000030e8       0x2a drivers/serial/libdrivers__serial.a(uart_ns16550.c.obj)
 .text.uart_ns16550_irq_rx_disable
                0x0000000000003112       0x28 drivers/serial/libdrivers__serial.a(uart_ns16550.c.obj)
 .text.uart_ns16550_irq_rx_ready
                0x000000000000313a       0x1e drivers/serial/libdrivers__serial.a(uart_ns16550.c.obj)
 .text.uart_ns16550_irq_err_enable
                0x0000000000003158       0x2a drivers/serial/libdrivers__serial.a(uart_ns16550.c.obj)
 .text.uart_ns16550_irq_err_disable
                0x0000000000003182       0x28 drivers/serial/libdrivers__serial.a(uart_ns16550.c.obj)
 .text.uart_ns16550_irq_is_pending
                0x00000000000031aa       0x1a drivers/serial/libdrivers__serial.a(uart_ns16550.c.obj)
 .text.uart_ns16550_irq_update
                0x00000000000031c4       0x26 drivers/serial/libdrivers__serial.a(uart_ns16550.c.obj)
 .text.uart_ns16550_irq_callback_set
                0x00000000000031ea       0x16 drivers/serial/libdrivers__serial.a(uart_ns16550.c.obj)
 .text.uart_ns16550_isr
                0x0000000000003200        0xc drivers/serial/libdrivers__serial.a(uart_ns16550.c.obj)
 .text.uart_ns16550_irq_config_func0
                0x000000000000320c       0x16 drivers/serial/libdrivers__serial.a(uart_ns16550.c.obj)
 .text.uart_ns16550_configure
                0x0000000000003222      0x1f6 drivers/serial/libdrivers__serial.a(uart_ns16550.c.obj)
 .text.uart_ns16550_init
                0x0000000000003418       0x1a drivers/serial/libdrivers__serial.a(uart_ns16550.c.obj)
 .text.z_device_state_init
                0x0000000000003432        0x2 kernel/libkernel.a(device.c.obj)
                0x0000000000003432                z_device_state_init
 .text.z_impl_device_is_ready
                0x0000000000003434       0x16 kernel/libkernel.a(device.c.obj)
                0x0000000000003434                z_impl_device_is_ready
 .text.arch_system_halt
                0x000000000000344a        0xc kernel/libkernel.a(fatal.c.obj)
                0x000000000000344a                arch_system_halt
 .text.k_sys_fatal_error_handler
                0x0000000000003456        0x6 kernel/libkernel.a(fatal.c.obj)
                0x0000000000003456                k_sys_fatal_error_handler
 .text.do_device_init
                0x000000000000345c       0x2e kernel/libkernel.a(init.c.obj)
 .text.z_early_memset
                0x000000000000348a        0x4 kernel/libkernel.a(init.c.obj)
                0x000000000000348a                z_early_memset
 .text.z_init_static
                0x000000000000348e        0x2 kernel/libkernel.a(init_static.c.obj)
                0x000000000000348e                z_init_static
 .text.idle     0x0000000000003490       0x12 kernel/libkernel.a(idle.c.obj)
                0x0000000000003490                idle
 .text.sys_dlist_remove
                0x00000000000034a2       0x10 kernel/libkernel.a(sched.c.obj)
 .text.unpend_thread_no_timeout
                0x00000000000034b2       0x14 kernel/libkernel.a(sched.c.obj)
 .text.z_ready_thread
                0x00000000000034c6       0x16 kernel/libkernel.a(sched.c.obj)
                0x00000000000034c6                z_ready_thread
 .text.z_sched_wake_thread
                0x00000000000034dc       0x32 kernel/libkernel.a(sched.c.obj)
                0x00000000000034dc                z_sched_wake_thread
 .text.z_thread_timeout
                0x000000000000350e        0x8 kernel/libkernel.a(sched.c.obj)
                0x000000000000350e                z_thread_timeout
 .text.z_reschedule_unlocked
                0x0000000000003516        0xe kernel/libkernel.a(sched.c.obj)
 .text.z_impl_k_thread_abort
                0x0000000000003524        0x4 kernel/libkernel.a(sched.c.obj)
                0x0000000000003524                z_impl_k_thread_abort
 .text.next_timeout
                0x0000000000003528       0x32 kernel/libkernel.a(timeout.c.obj)
 .text.z_abort_timeout
                0x000000000000355a       0x3a kernel/libkernel.a(timeout.c.obj)
                0x000000000000355a                z_abort_timeout
 .text.memcpy   0x0000000000003594       0x1c /home/junpinfoo/zephyr-sdk-0.17.0/arm-zephyr-eabi/bin/../lib/gcc/../../picolibc/arm-zephyr-eabi/lib/thumb/v7-r+fp.sp/hard/libc.a(memcpy.c.o)
                0x0000000000003594                memcpy
                0x0000000000003594                __aeabi_memcpy
                0x0000000000003594                __aeabi_memcpy4
                0x0000000000003594                __aeabi_memcpy8
 .text.memset   0x00000000000035b0       0x10 /home/junpinfoo/zephyr-sdk-0.17.0/arm-zephyr-eabi/bin/../lib/gcc/../../picolibc/arm-zephyr-eabi/lib/thumb/v7-r+fp.sp/hard/libc.a(memset.c.o)
                0x00000000000035b0                memset
 .text.strnlen  0x00000000000035c0       0x18 /home/junpinfoo/zephyr-sdk-0.17.0/arm-zephyr-eabi/bin/../lib/gcc/../../picolibc/arm-zephyr-eabi/lib/thumb/v7-r+fp.sp/hard/libc.a(libc_string_strnlen.c.o)
                0x00000000000035c0                strnlen
 .text.__ultoa_invert
                0x00000000000035d8       0x4e /home/junpinfoo/zephyr-sdk-0.17.0/arm-zephyr-eabi/bin/../lib/gcc/../../picolibc/arm-zephyr-eabi/lib/thumb/v7-r+fp.sp/hard/libc.a(libc_tinystdio_vfprintf.c.o)
 .text.mulShiftAll64
                0x0000000000003626      0x17a /home/junpinfoo/zephyr-sdk-0.17.0/arm-zephyr-eabi/bin/../lib/gcc/../../picolibc/arm-zephyr-eabi/lib/thumb/v7-r+fp.sp/hard/libc.a(libc_tinystdio_dtoa_ryu.c.o)
 .text.__umul128
                0x00000000000037a0       0x36 /home/junpinfoo/zephyr-sdk-0.17.0/arm-zephyr-eabi/bin/../lib/gcc/../../picolibc/arm-zephyr-eabi/lib/thumb/v7-r+fp.sp/hard/libc.a(libc_tinystdio_ryu_umul128.c.o)
                0x00000000000037a0                __umul128
 .text.__shiftright128
                0x00000000000037d6       0x3e /home/junpinfoo/zephyr-sdk-0.17.0/arm-zephyr-eabi/bin/../lib/gcc/../../picolibc/arm-zephyr-eabi/lib/thumb/v7-r+fp.sp/hard/libc.a(libc_tinystdio_ryu_umul128.c.o)
                0x00000000000037d6                __shiftright128
 .text.__dtox_engine
                0x0000000000003814      0x12e /home/junpinfoo/zephyr-sdk-0.17.0/arm-zephyr-eabi/bin/../lib/gcc/../../picolibc/arm-zephyr-eabi/lib/thumb/v7-r+fp.sp/hard/libc.a(libc_tinystdio_dtox_engine.c.o)
                0x0000000000003814                __dtox_engine
 *fill*         0x0000000000003942        0x6 
 .text.__dtox_engine.__stub
                0x0000000000003948        0x8 linker stubs
 *(SORT_BY_ALIGNMENT(.gnu.linkonce.t.*))
 *(SORT_BY_ALIGNMENT(.glue_7t))
 .glue_7t       0x0000000000003950        0x0 linker stubs
 *(SORT_BY_ALIGNMENT(.glue_7))
 .glue_7        0x0000000000003950        0x0 linker stubs
 *(SORT_BY_ALIGNMENT(.vfp11_veneer))
 .vfp11_veneer  0x0000000000003950        0x0 linker stubs
 *(SORT_BY_ALIGNMENT(.v4_bx))
 .v4_bx         0x0000000000003950        0x0 linker stubs
                0x0000000000003950                __text_region_end = .
                0x0000000000003950                . = ALIGN (_region_min_align)
 *fill*         0x0000000000003950        0x0 

.ARM.exidx      0x0000000000003950        0x8
                0x0000000000003950                __exidx_start = .
 *(SORT_BY_ALIGNMENT(.ARM.exidx*) SORT_BY_ALIGNMENT(gnu.linkonce.armexidx.*))
 .ARM.exidx     0x0000000000003950        0x8 /home/junpinfoo/zephyr-sdk-0.17.0/arm-zephyr-eabi/bin/../lib/gcc/arm-zephyr-eabi/12.2.0/thumb/v7-r+fp.sp/hard/libgcc.a(_udivmoddi4.o)
                0x0000000000003958                __exidx_end = .

rodata_start    0x0000000000003958        0x0
                0x0000000000003958                . = ALIGN (_region_min_align)
                0x0000000000003958                __rodata_region_start = .

initlevel       0x0000000000003958       0x38
                0x0000000000003958                __init_start = .
                0x0000000000003958                __init_EARLY_start = .
 *(SORT_BY_NAME(SORT_BY_ALIGNMENT(.z_init_EARLY_P_?_*)))
 *(SORT_BY_NAME(SORT_BY_ALIGNMENT(.z_init_EARLY_P_??_*)))
 *(SORT_BY_NAME(SORT_BY_ALIGNMENT(.z_init_EARLY_P_???_*)))
                0x0000000000003958                __init_PRE_KERNEL_1_start = .
 *(SORT_BY_NAME(SORT_BY_ALIGNMENT(.z_init_PRE_KERNEL_1_P_?_*)))
 *(SORT_BY_NAME(SORT_BY_ALIGNMENT(.z_init_PRE_KERNEL_1_P_??_*)))
 .z_init_PRE_KERNEL_1_P_40_SUB_00014_
                0x0000000000003958        0x8 drivers/pinctrl/libdrivers__pinctrl.a(pinctrl_ti_k3.c.obj)
 .z_init_PRE_KERNEL_1_P_50_SUB_00017_
                0x0000000000003960        0x8 drivers/serial/libdrivers__serial.a(uart_ns16550.c.obj)
 .z_init_PRE_KERNEL_1_P_60_SUB_0_
                0x0000000000003968        0x8 drivers/console/libdrivers__console.a(uart_console.c.obj)
 *(SORT_BY_NAME(SORT_BY_ALIGNMENT(.z_init_PRE_KERNEL_1_P_???_*)))
                0x0000000000003970                __init_PRE_KERNEL_2_start = .
 *(SORT_BY_NAME(SORT_BY_ALIGNMENT(.z_init_PRE_KERNEL_2_P_?_*)))
 .z_init_PRE_KERNEL_2_P_0_SUB_00012_
                0x0000000000003970        0x8 drivers/timer/libdrivers__timer.a(ti_dmtimer.c.obj)
 .z_init_PRE_KERNEL_2_P_0_SUB_0_
                0x0000000000003978        0x8 drivers/timer/libdrivers__timer.a(ti_dmtimer.c.obj)
 *(SORT_BY_NAME(SORT_BY_ALIGNMENT(.z_init_PRE_KERNEL_2_P_??_*)))
 .z_init_PRE_KERNEL_2_P_40_SUB_00028_
                0x0000000000003980        0x8 drivers/gpio/libdrivers__gpio.a(gpio_davinci.c.obj)
 *(SORT_BY_NAME(SORT_BY_ALIGNMENT(.z_init_PRE_KERNEL_2_P_???_*)))
                0x0000000000003988                __init_POST_KERNEL_start = .
 *(SORT_BY_NAME(SORT_BY_ALIGNMENT(.z_init_POST_KERNEL_P_?_*)))
 *(SORT_BY_NAME(SORT_BY_ALIGNMENT(.z_init_POST_KERNEL_P_??_*)))
 .z_init_POST_KERNEL_P_35_SUB_0_
                0x0000000000003988        0x8 lib/libc/common/liblib__libc__common.a(malloc.c.obj)
 *(SORT_BY_NAME(SORT_BY_ALIGNMENT(.z_init_POST_KERNEL_P_???_*)))
                0x0000000000003990                __init_APPLICATION_start = .
 *(SORT_BY_NAME(SORT_BY_ALIGNMENT(.z_init_APPLICATION_P_?_*)))
 *(SORT_BY_NAME(SORT_BY_ALIGNMENT(.z_init_APPLICATION_P_??_*)))
 *(SORT_BY_NAME(SORT_BY_ALIGNMENT(.z_init_APPLICATION_P_???_*)))
                0x0000000000003990                __init_SMP_start = .
 *(SORT_BY_NAME(SORT_BY_ALIGNMENT(.z_init_SMP_P_?_*)))
 *(SORT_BY_NAME(SORT_BY_ALIGNMENT(.z_init_SMP_P_??_*)))
 *(SORT_BY_NAME(SORT_BY_ALIGNMENT(.z_init_SMP_P_???_*)))
                0x0000000000003990                __init_end = .

device_area     0x0000000000003990       0x80
                0x0000000000003990                _device_list_start = .
 *(SORT_BY_NAME(SORT_BY_ALIGNMENT(._device.static.*_?_*)))
 ._device.static.2_0_
                0x0000000000003990       0x20 drivers/timer/libdrivers__timer.a(ti_dmtimer.c.obj)
                0x0000000000003990                __device_dts_ord_12
 *(SORT_BY_NAME(SORT_BY_ALIGNMENT(._device.static.*_??_*)))
 ._device.static.1_40_
                0x00000000000039b0       0x20 drivers/pinctrl/libdrivers__pinctrl.a(pinctrl_ti_k3.c.obj)
                0x00000000000039b0                __device_dts_ord_14
 ._device.static.1_50_
                0x00000000000039d0       0x20 drivers/serial/libdrivers__serial.a(uart_ns16550.c.obj)
                0x00000000000039d0                __device_dts_ord_17
 ._device.static.2_40_
                0x00000000000039f0       0x20 drivers/gpio/libdrivers__gpio.a(gpio_davinci.c.obj)
                0x00000000000039f0                __device_dts_ord_28
 *(SORT_BY_NAME(SORT_BY_ALIGNMENT(._device.static.*_???_*)))
 *(SORT_BY_NAME(SORT_BY_ALIGNMENT(._device.static.*_????_*)))
 *(SORT_BY_NAME(SORT_BY_ALIGNMENT(._device.static.*_?????_*)))
                0x0000000000003a10                _device_list_end = .

sw_isr_table    0x0000000000003a10     0x1000
                0x0000000000003a10                . = ALIGN (0x4)
 *(SORT_BY_ALIGNMENT(.gnu.linkonce.sw_isr_table*))
 .gnu.linkonce.sw_isr_table
                0x0000000000003a10     0x1000 CMakeFiles/zephyr_final.dir/isr_tables.c.obj
                0x0000000000003a10                _sw_isr_table

initlevel_error
                0x0000000000000000        0x0
 *(SORT_BY_NAME(SORT_BY_ALIGNMENT(.z_init_*)))
                0x0000000000000001                ASSERT ((SIZEOF (initlevel_error) == 0x0), Undefined initialization levels used.)

app_shmem_regions
                0x0000000000004a10        0x0
                0x0000000000004a10                __app_shmem_regions_start = .
 *(SORT_BY_NAME(SORT_BY_ALIGNMENT(.app_regions.*)))
                0x0000000000004a10                __app_shmem_regions_end = .

k_p4wq_initparam_area
                0x0000000000004a10        0x0
                0x0000000000004a10                _k_p4wq_initparam_list_start = .
 *(SORT_BY_NAME(SORT_BY_ALIGNMENT(._k_p4wq_initparam.static.*)))
                0x0000000000004a10                _k_p4wq_initparam_list_end = .

_static_thread_data_area
                0x0000000000004a10        0x0
                0x0000000000004a10                __static_thread_data_list_start = .
 *(SORT_BY_NAME(SORT_BY_ALIGNMENT(.__static_thread_data.static.*)))
                0x0000000000004a10                __static_thread_data_list_end = .

device_deps     0x0000000000004a10        0x0
                0x0000000000004a10                __device_deps_start = .
 *(SORT_BY_NAME(SORT_BY_ALIGNMENT(.__device_deps_pass2*)))
                0x0000000000004a10                __device_deps_end = .

gpio_driver_api_area
                0x0000000000004a10       0x24
                0x0000000000004a10                _gpio_driver_api_list_start = .
 *(SORT_BY_NAME(SORT_BY_ALIGNMENT(._gpio_driver_api.static.*)))
 ._gpio_driver_api.static.gpio_davinci_driver_api_
                0x0000000000004a10       0x24 drivers/gpio/libdrivers__gpio.a(gpio_davinci.c.obj)
                0x0000000000004a34                _gpio_driver_api_list_end = .

shared_irq_driver_api_area
                0x0000000000004a34        0x0
                0x0000000000004a34                _shared_irq_driver_api_list_start = .
 *(SORT_BY_NAME(SORT_BY_ALIGNMENT(._shared_irq_driver_api.static.*)))
                0x0000000000004a34                _shared_irq_driver_api_list_end = .

crypto_driver_api_area
                0x0000000000004a34        0x0
                0x0000000000004a34                _crypto_driver_api_list_start = .
 *(SORT_BY_NAME(SORT_BY_ALIGNMENT(._crypto_driver_api.static.*)))
                0x0000000000004a34                _crypto_driver_api_list_end = .

adc_driver_api_area
                0x0000000000004a34        0x0
                0x0000000000004a34                _adc_driver_api_list_start = .
 *(SORT_BY_NAME(SORT_BY_ALIGNMENT(._adc_driver_api.static.*)))
                0x0000000000004a34                _adc_driver_api_list_end = .

auxdisplay_driver_api_area
                0x0000000000004a34        0x0
                0x0000000000004a34                _auxdisplay_driver_api_list_start = .
 *(SORT_BY_NAME(SORT_BY_ALIGNMENT(._auxdisplay_driver_api.static.*)))
                0x0000000000004a34                _auxdisplay_driver_api_list_end = .

bbram_driver_api_area
                0x0000000000004a34        0x0
                0x0000000000004a34                _bbram_driver_api_list_start = .
 *(SORT_BY_NAME(SORT_BY_ALIGNMENT(._bbram_driver_api.static.*)))
                0x0000000000004a34                _bbram_driver_api_list_end = .

bt_hci_driver_api_area
                0x0000000000004a34        0x0
                0x0000000000004a34                _bt_hci_driver_api_list_start = .
 *(SORT_BY_NAME(SORT_BY_ALIGNMENT(._bt_hci_driver_api.static.*)))
                0x0000000000004a34                _bt_hci_driver_api_list_end = .

can_driver_api_area
                0x0000000000004a34        0x0
                0x0000000000004a34                _can_driver_api_list_start = .
 *(SORT_BY_NAME(SORT_BY_ALIGNMENT(._can_driver_api.static.*)))
                0x0000000000004a34                _can_driver_api_list_end = .

cellular_driver_api_area
                0x0000000000004a34        0x0
                0x0000000000004a34                _cellular_driver_api_list_start = .
 *(SORT_BY_NAME(SORT_BY_ALIGNMENT(._cellular_driver_api.static.*)))
                0x0000000000004a34                _cellular_driver_api_list_end = .

charger_driver_api_area
                0x0000000000004a34        0x0
                0x0000000000004a34                _charger_driver_api_list_start = .
 *(SORT_BY_NAME(SORT_BY_ALIGNMENT(._charger_driver_api.static.*)))
                0x0000000000004a34                _charger_driver_api_list_end = .

clock_control_driver_api_area
                0x0000000000004a34        0x0
                0x0000000000004a34                _clock_control_driver_api_list_start = .
 *(SORT_BY_NAME(SORT_BY_ALIGNMENT(._clock_control_driver_api.static.*)))
                0x0000000000004a34                _clock_control_driver_api_list_end = .

comparator_driver_api_area
                0x0000000000004a34        0x0
                0x0000000000004a34                _comparator_driver_api_list_start = .
 *(SORT_BY_NAME(SORT_BY_ALIGNMENT(._comparator_driver_api.static.*)))
                0x0000000000004a34                _comparator_driver_api_list_end = .

coredump_driver_api_area
                0x0000000000004a34        0x0
                0x0000000000004a34                _coredump_driver_api_list_start = .
 *(SORT_BY_NAME(SORT_BY_ALIGNMENT(._coredump_driver_api.static.*)))
                0x0000000000004a34                _coredump_driver_api_list_end = .

counter_driver_api_area
                0x0000000000004a34        0x0
                0x0000000000004a34                _counter_driver_api_list_start = .
 *(SORT_BY_NAME(SORT_BY_ALIGNMENT(._counter_driver_api.static.*)))
                0x0000000000004a34                _counter_driver_api_list_end = .

dac_driver_api_area
                0x0000000000004a34        0x0
                0x0000000000004a34                _dac_driver_api_list_start = .
 *(SORT_BY_NAME(SORT_BY_ALIGNMENT(._dac_driver_api.static.*)))
                0x0000000000004a34                _dac_driver_api_list_end = .

dai_driver_api_area
                0x0000000000004a34        0x0
                0x0000000000004a34                _dai_driver_api_list_start = .
 *(SORT_BY_NAME(SORT_BY_ALIGNMENT(._dai_driver_api.static.*)))
                0x0000000000004a34                _dai_driver_api_list_end = .

display_driver_api_area
                0x0000000000004a34        0x0
                0x0000000000004a34                _display_driver_api_list_start = .
 *(SORT_BY_NAME(SORT_BY_ALIGNMENT(._display_driver_api.static.*)))
                0x0000000000004a34                _display_driver_api_list_end = .

dma_driver_api_area
                0x0000000000004a34        0x0
                0x0000000000004a34                _dma_driver_api_list_start = .
 *(SORT_BY_NAME(SORT_BY_ALIGNMENT(._dma_driver_api.static.*)))
                0x0000000000004a34                _dma_driver_api_list_end = .

edac_driver_api_area
                0x0000000000004a34        0x0
                0x0000000000004a34                _edac_driver_api_list_start = .
 *(SORT_BY_NAME(SORT_BY_ALIGNMENT(._edac_driver_api.static.*)))
                0x0000000000004a34                _edac_driver_api_list_end = .

eeprom_driver_api_area
                0x0000000000004a34        0x0
                0x0000000000004a34                _eeprom_driver_api_list_start = .
 *(SORT_BY_NAME(SORT_BY_ALIGNMENT(._eeprom_driver_api.static.*)))
                0x0000000000004a34                _eeprom_driver_api_list_end = .

emul_bbram_driver_api_area
                0x0000000000004a34        0x0
                0x0000000000004a34                _emul_bbram_driver_api_list_start = .
 *(SORT_BY_NAME(SORT_BY_ALIGNMENT(._emul_bbram_driver_api.static.*)))
                0x0000000000004a34                _emul_bbram_driver_api_list_end = .

fuel_gauge_emul_driver_api_area
                0x0000000000004a34        0x0
                0x0000000000004a34                _fuel_gauge_emul_driver_api_list_start = .
 *(SORT_BY_NAME(SORT_BY_ALIGNMENT(._fuel_gauge_emul_driver_api.static.*)))
                0x0000000000004a34                _fuel_gauge_emul_driver_api_list_end = .

emul_sensor_driver_api_area
                0x0000000000004a34        0x0
                0x0000000000004a34                _emul_sensor_driver_api_list_start = .
 *(SORT_BY_NAME(SORT_BY_ALIGNMENT(._emul_sensor_driver_api.static.*)))
                0x0000000000004a34                _emul_sensor_driver_api_list_end = .

entropy_driver_api_area
                0x0000000000004a34        0x0
                0x0000000000004a34                _entropy_driver_api_list_start = .
 *(SORT_BY_NAME(SORT_BY_ALIGNMENT(._entropy_driver_api.static.*)))
                0x0000000000004a34                _entropy_driver_api_list_end = .

espi_driver_api_area
                0x0000000000004a34        0x0
                0x0000000000004a34                _espi_driver_api_list_start = .
 *(SORT_BY_NAME(SORT_BY_ALIGNMENT(._espi_driver_api.static.*)))
                0x0000000000004a34                _espi_driver_api_list_end = .

espi_saf_driver_api_area
                0x0000000000004a34        0x0
                0x0000000000004a34                _espi_saf_driver_api_list_start = .
 *(SORT_BY_NAME(SORT_BY_ALIGNMENT(._espi_saf_driver_api.static.*)))
                0x0000000000004a34                _espi_saf_driver_api_list_end = .

flash_driver_api_area
                0x0000000000004a34        0x0
                0x0000000000004a34                _flash_driver_api_list_start = .
 *(SORT_BY_NAME(SORT_BY_ALIGNMENT(._flash_driver_api.static.*)))
                0x0000000000004a34                _flash_driver_api_list_end = .

fpga_driver_api_area
                0x0000000000004a34        0x0
                0x0000000000004a34                _fpga_driver_api_list_start = .
 *(SORT_BY_NAME(SORT_BY_ALIGNMENT(._fpga_driver_api.static.*)))
                0x0000000000004a34                _fpga_driver_api_list_end = .

fuel_gauge_driver_api_area
                0x0000000000004a34        0x0
                0x0000000000004a34                _fuel_gauge_driver_api_list_start = .
 *(SORT_BY_NAME(SORT_BY_ALIGNMENT(._fuel_gauge_driver_api.static.*)))
                0x0000000000004a34                _fuel_gauge_driver_api_list_end = .

gnss_driver_api_area
                0x0000000000004a34        0x0
                0x0000000000004a34                _gnss_driver_api_list_start = .
 *(SORT_BY_NAME(SORT_BY_ALIGNMENT(._gnss_driver_api.static.*)))
                0x0000000000004a34                _gnss_driver_api_list_end = .

haptics_driver_api_area
                0x0000000000004a34        0x0
                0x0000000000004a34                _haptics_driver_api_list_start = .
 *(SORT_BY_NAME(SORT_BY_ALIGNMENT(._haptics_driver_api.static.*)))
                0x0000000000004a34                _haptics_driver_api_list_end = .

hwspinlock_driver_api_area
                0x0000000000004a34        0x0
                0x0000000000004a34                _hwspinlock_driver_api_list_start = .
 *(SORT_BY_NAME(SORT_BY_ALIGNMENT(._hwspinlock_driver_api.static.*)))
                0x0000000000004a34                _hwspinlock_driver_api_list_end = .

i2c_driver_api_area
                0x0000000000004a34        0x0
                0x0000000000004a34                _i2c_driver_api_list_start = .
 *(SORT_BY_NAME(SORT_BY_ALIGNMENT(._i2c_driver_api.static.*)))
                0x0000000000004a34                _i2c_driver_api_list_end = .

i2c_target_driver_api_area
                0x0000000000004a34        0x0
                0x0000000000004a34                _i2c_target_driver_api_list_start = .
 *(SORT_BY_NAME(SORT_BY_ALIGNMENT(._i2c_target_driver_api.static.*)))
                0x0000000000004a34                _i2c_target_driver_api_list_end = .

i2s_driver_api_area
                0x0000000000004a34        0x0
                0x0000000000004a34                _i2s_driver_api_list_start = .
 *(SORT_BY_NAME(SORT_BY_ALIGNMENT(._i2s_driver_api.static.*)))
                0x0000000000004a34                _i2s_driver_api_list_end = .

i3c_driver_api_area
                0x0000000000004a34        0x0
                0x0000000000004a34                _i3c_driver_api_list_start = .
 *(SORT_BY_NAME(SORT_BY_ALIGNMENT(._i3c_driver_api.static.*)))
                0x0000000000004a34                _i3c_driver_api_list_end = .

ipm_driver_api_area
                0x0000000000004a34        0x0
                0x0000000000004a34                _ipm_driver_api_list_start = .
 *(SORT_BY_NAME(SORT_BY_ALIGNMENT(._ipm_driver_api.static.*)))
                0x0000000000004a34                _ipm_driver_api_list_end = .

led_driver_api_area
                0x0000000000004a34        0x0
                0x0000000000004a34                _led_driver_api_list_start = .
 *(SORT_BY_NAME(SORT_BY_ALIGNMENT(._led_driver_api.static.*)))
                0x0000000000004a34                _led_driver_api_list_end = .

led_strip_driver_api_area
                0x0000000000004a34        0x0
                0x0000000000004a34                _led_strip_driver_api_list_start = .
 *(SORT_BY_NAME(SORT_BY_ALIGNMENT(._led_strip_driver_api.static.*)))
                0x0000000000004a34                _led_strip_driver_api_list_end = .

lora_driver_api_area
                0x0000000000004a34        0x0
                0x0000000000004a34                _lora_driver_api_list_start = .
 *(SORT_BY_NAME(SORT_BY_ALIGNMENT(._lora_driver_api.static.*)))
                0x0000000000004a34                _lora_driver_api_list_end = .

mbox_driver_api_area
                0x0000000000004a34        0x0
                0x0000000000004a34                _mbox_driver_api_list_start = .
 *(SORT_BY_NAME(SORT_BY_ALIGNMENT(._mbox_driver_api.static.*)))
                0x0000000000004a34                _mbox_driver_api_list_end = .

mdio_driver_api_area
                0x0000000000004a34        0x0
                0x0000000000004a34                _mdio_driver_api_list_start = .
 *(SORT_BY_NAME(SORT_BY_ALIGNMENT(._mdio_driver_api.static.*)))
                0x0000000000004a34                _mdio_driver_api_list_end = .

mipi_dbi_driver_api_area
                0x0000000000004a34        0x0
                0x0000000000004a34                _mipi_dbi_driver_api_list_start = .
 *(SORT_BY_NAME(SORT_BY_ALIGNMENT(._mipi_dbi_driver_api.static.*)))
                0x0000000000004a34                _mipi_dbi_driver_api_list_end = .

mipi_dsi_driver_api_area
                0x0000000000004a34        0x0
                0x0000000000004a34                _mipi_dsi_driver_api_list_start = .
 *(SORT_BY_NAME(SORT_BY_ALIGNMENT(._mipi_dsi_driver_api.static.*)))
                0x0000000000004a34                _mipi_dsi_driver_api_list_end = .

mspi_driver_api_area
                0x0000000000004a34        0x0
                0x0000000000004a34                _mspi_driver_api_list_start = .
 *(SORT_BY_NAME(SORT_BY_ALIGNMENT(._mspi_driver_api.static.*)))
                0x0000000000004a34                _mspi_driver_api_list_end = .

peci_driver_api_area
                0x0000000000004a34        0x0
                0x0000000000004a34                _peci_driver_api_list_start = .
 *(SORT_BY_NAME(SORT_BY_ALIGNMENT(._peci_driver_api.static.*)))
                0x0000000000004a34                _peci_driver_api_list_end = .

ps2_driver_api_area
                0x0000000000004a34        0x0
                0x0000000000004a34                _ps2_driver_api_list_start = .
 *(SORT_BY_NAME(SORT_BY_ALIGNMENT(._ps2_driver_api.static.*)))
                0x0000000000004a34                _ps2_driver_api_list_end = .

ptp_clock_driver_api_area
                0x0000000000004a34        0x0
                0x0000000000004a34                _ptp_clock_driver_api_list_start = .
 *(SORT_BY_NAME(SORT_BY_ALIGNMENT(._ptp_clock_driver_api.static.*)))
                0x0000000000004a34                _ptp_clock_driver_api_list_end = .

pwm_driver_api_area
                0x0000000000004a34        0x0
                0x0000000000004a34                _pwm_driver_api_list_start = .
 *(SORT_BY_NAME(SORT_BY_ALIGNMENT(._pwm_driver_api.static.*)))
                0x0000000000004a34                _pwm_driver_api_list_end = .

regulator_parent_driver_api_area
                0x0000000000004a34        0x0
                0x0000000000004a34                _regulator_parent_driver_api_list_start = .
 *(SORT_BY_NAME(SORT_BY_ALIGNMENT(._regulator_parent_driver_api.static.*)))
                0x0000000000004a34                _regulator_parent_driver_api_list_end = .

regulator_driver_api_area
                0x0000000000004a34        0x0
                0x0000000000004a34                _regulator_driver_api_list_start = .
 *(SORT_BY_NAME(SORT_BY_ALIGNMENT(._regulator_driver_api.static.*)))
                0x0000000000004a34                _regulator_driver_api_list_end = .

reset_driver_api_area
                0x0000000000004a34        0x0
                0x0000000000004a34                _reset_driver_api_list_start = .
 *(SORT_BY_NAME(SORT_BY_ALIGNMENT(._reset_driver_api.static.*)))
                0x0000000000004a34                _reset_driver_api_list_end = .

retained_mem_driver_api_area
                0x0000000000004a34        0x0
                0x0000000000004a34                _retained_mem_driver_api_list_start = .
 *(SORT_BY_NAME(SORT_BY_ALIGNMENT(._retained_mem_driver_api.static.*)))
                0x0000000000004a34                _retained_mem_driver_api_list_end = .

rtc_driver_api_area
                0x0000000000004a34        0x0
                0x0000000000004a34                _rtc_driver_api_list_start = .
 *(SORT_BY_NAME(SORT_BY_ALIGNMENT(._rtc_driver_api.static.*)))
                0x0000000000004a34                _rtc_driver_api_list_end = .

sdhc_driver_api_area
                0x0000000000004a34        0x0
                0x0000000000004a34                _sdhc_driver_api_list_start = .
 *(SORT_BY_NAME(SORT_BY_ALIGNMENT(._sdhc_driver_api.static.*)))
                0x0000000000004a34                _sdhc_driver_api_list_end = .

sensor_driver_api_area
                0x0000000000004a34        0x0
                0x0000000000004a34                _sensor_driver_api_list_start = .
 *(SORT_BY_NAME(SORT_BY_ALIGNMENT(._sensor_driver_api.static.*)))
                0x0000000000004a34                _sensor_driver_api_list_end = .

smbus_driver_api_area
                0x0000000000004a34        0x0
                0x0000000000004a34                _smbus_driver_api_list_start = .
 *(SORT_BY_NAME(SORT_BY_ALIGNMENT(._smbus_driver_api.static.*)))
                0x0000000000004a34                _smbus_driver_api_list_end = .

spi_driver_api_area
                0x0000000000004a34        0x0
                0x0000000000004a34                _spi_driver_api_list_start = .
 *(SORT_BY_NAME(SORT_BY_ALIGNMENT(._spi_driver_api.static.*)))
                0x0000000000004a34                _spi_driver_api_list_end = .

stepper_driver_api_area
                0x0000000000004a34        0x0
                0x0000000000004a34                _stepper_driver_api_list_start = .
 *(SORT_BY_NAME(SORT_BY_ALIGNMENT(._stepper_driver_api.static.*)))
                0x0000000000004a34                _stepper_driver_api_list_end = .

syscon_driver_api_area
                0x0000000000004a34        0x0
                0x0000000000004a34                _syscon_driver_api_list_start = .
 *(SORT_BY_NAME(SORT_BY_ALIGNMENT(._syscon_driver_api.static.*)))
                0x0000000000004a34                _syscon_driver_api_list_end = .

tee_driver_api_area
                0x0000000000004a34        0x0
                0x0000000000004a34                _tee_driver_api_list_start = .
 *(SORT_BY_NAME(SORT_BY_ALIGNMENT(._tee_driver_api.static.*)))
                0x0000000000004a34                _tee_driver_api_list_end = .

video_driver_api_area
                0x0000000000004a34        0x0
                0x0000000000004a34                _video_driver_api_list_start = .
 *(SORT_BY_NAME(SORT_BY_ALIGNMENT(._video_driver_api.static.*)))
                0x0000000000004a34                _video_driver_api_list_end = .

w1_driver_api_area
                0x0000000000004a34        0x0
                0x0000000000004a34                _w1_driver_api_list_start = .
 *(SORT_BY_NAME(SORT_BY_ALIGNMENT(._w1_driver_api.static.*)))
                0x0000000000004a34                _w1_driver_api_list_end = .

wdt_driver_api_area
                0x0000000000004a34        0x0
                0x0000000000004a34                _wdt_driver_api_list_start = .
 *(SORT_BY_NAME(SORT_BY_ALIGNMENT(._wdt_driver_api.static.*)))
                0x0000000000004a34                _wdt_driver_api_list_end = .

can_transceiver_driver_api_area
                0x0000000000004a34        0x0
                0x0000000000004a34                _can_transceiver_driver_api_list_start = .
 *(SORT_BY_NAME(SORT_BY_ALIGNMENT(._can_transceiver_driver_api.static.*)))
                0x0000000000004a34                _can_transceiver_driver_api_list_end = .

nrf_clock_control_driver_api_area
                0x0000000000004a34        0x0
                0x0000000000004a34                _nrf_clock_control_driver_api_list_start = .
 *(SORT_BY_NAME(SORT_BY_ALIGNMENT(._nrf_clock_control_driver_api.static.*)))
                0x0000000000004a34                _nrf_clock_control_driver_api_list_end = .

i3c_target_driver_api_area
                0x0000000000004a34        0x0
                0x0000000000004a34                _i3c_target_driver_api_list_start = .
 *(SORT_BY_NAME(SORT_BY_ALIGNMENT(._i3c_target_driver_api.static.*)))
                0x0000000000004a34                _i3c_target_driver_api_list_end = .

its_driver_api_area
                0x0000000000004a34        0x0
                0x0000000000004a34                _its_driver_api_list_start = .
 *(SORT_BY_NAME(SORT_BY_ALIGNMENT(._its_driver_api.static.*)))
                0x0000000000004a34                _its_driver_api_list_end = .

vtd_driver_api_area
                0x0000000000004a34        0x0
                0x0000000000004a34                _vtd_driver_api_list_start = .
 *(SORT_BY_NAME(SORT_BY_ALIGNMENT(._vtd_driver_api.static.*)))
                0x0000000000004a34                _vtd_driver_api_list_end = .

tgpio_driver_api_area
                0x0000000000004a34        0x0
                0x0000000000004a34                _tgpio_driver_api_list_start = .
 *(SORT_BY_NAME(SORT_BY_ALIGNMENT(._tgpio_driver_api.static.*)))
                0x0000000000004a34                _tgpio_driver_api_list_end = .

pcie_ctrl_driver_api_area
                0x0000000000004a34        0x0
                0x0000000000004a34                _pcie_ctrl_driver_api_list_start = .
 *(SORT_BY_NAME(SORT_BY_ALIGNMENT(._pcie_ctrl_driver_api.static.*)))
                0x0000000000004a34                _pcie_ctrl_driver_api_list_end = .

pcie_ep_driver_api_area
                0x0000000000004a34        0x0
                0x0000000000004a34                _pcie_ep_driver_api_list_start = .
 *(SORT_BY_NAME(SORT_BY_ALIGNMENT(._pcie_ep_driver_api.static.*)))
                0x0000000000004a34                _pcie_ep_driver_api_list_end = .

svc_driver_api_area
                0x0000000000004a34        0x0
                0x0000000000004a34                _svc_driver_api_list_start = .
 *(SORT_BY_NAME(SORT_BY_ALIGNMENT(._svc_driver_api.static.*)))
                0x0000000000004a34                _svc_driver_api_list_end = .

uart_driver_api_area
                0x0000000000004a34       0x4c
                0x0000000000004a34                _uart_driver_api_list_start = .
 *(SORT_BY_NAME(SORT_BY_ALIGNMENT(._uart_driver_api.static.*)))
 ._uart_driver_api.static.uart_ns16550_driver_api_
                0x0000000000004a34       0x4c drivers/serial/libdrivers__serial.a(uart_ns16550.c.obj)
                0x0000000000004a80                _uart_driver_api_list_end = .

bc12_emul_driver_api_area
                0x0000000000004a80        0x0
                0x0000000000004a80                _bc12_emul_driver_api_list_start = .
 *(SORT_BY_NAME(SORT_BY_ALIGNMENT(._bc12_emul_driver_api.static.*)))
                0x0000000000004a80                _bc12_emul_driver_api_list_end = .

bc12_driver_api_area
                0x0000000000004a80        0x0
                0x0000000000004a80                _bc12_driver_api_list_start = .
 *(SORT_BY_NAME(SORT_BY_ALIGNMENT(._bc12_driver_api.static.*)))
                0x0000000000004a80                _bc12_driver_api_list_end = .

usbc_ppc_driver_api_area
                0x0000000000004a80        0x0
                0x0000000000004a80                _usbc_ppc_driver_api_list_start = .
 *(SORT_BY_NAME(SORT_BY_ALIGNMENT(._usbc_ppc_driver_api.static.*)))
                0x0000000000004a80                _usbc_ppc_driver_api_list_end = .

tcpc_driver_api_area
                0x0000000000004a80        0x0
                0x0000000000004a80                _tcpc_driver_api_list_start = .
 *(SORT_BY_NAME(SORT_BY_ALIGNMENT(._tcpc_driver_api.static.*)))
                0x0000000000004a80                _tcpc_driver_api_list_end = .

usbc_vbus_driver_api_area
                0x0000000000004a80        0x0
                0x0000000000004a80                _usbc_vbus_driver_api_list_start = .
 *(SORT_BY_NAME(SORT_BY_ALIGNMENT(._usbc_vbus_driver_api.static.*)))
                0x0000000000004a80                _usbc_vbus_driver_api_list_end = .

ivshmem_driver_api_area
                0x0000000000004a80        0x0
                0x0000000000004a80                _ivshmem_driver_api_list_start = .
 *(SORT_BY_NAME(SORT_BY_ALIGNMENT(._ivshmem_driver_api.static.*)))
                0x0000000000004a80                _ivshmem_driver_api_list_end = .

ethphy_driver_api_area
                0x0000000000004a80        0x0
                0x0000000000004a80                _ethphy_driver_api_list_start = .
 *(SORT_BY_NAME(SORT_BY_ALIGNMENT(._ethphy_driver_api.static.*)))
                0x0000000000004a80                _ethphy_driver_api_list_end = .

ztest           0x0000000000004a80        0x0
                0x0000000000004a80                _ztest_expected_result_entry_list_start = .
 *(SORT_BY_NAME(SORT_BY_ALIGNMENT(._ztest_expected_result_entry.static.*)))
                0x0000000000004a80                _ztest_expected_result_entry_list_end = .
                0x0000000000004a80                _ztest_suite_node_list_start = .
 *(SORT_BY_NAME(SORT_BY_ALIGNMENT(._ztest_suite_node.static.*)))
                0x0000000000004a80                _ztest_suite_node_list_end = .
                0x0000000000004a80                _ztest_unit_test_list_start = .
 *(SORT_BY_NAME(SORT_BY_ALIGNMENT(._ztest_unit_test.static.*)))
                0x0000000000004a80                _ztest_unit_test_list_end = .
                0x0000000000004a80                _ztest_test_rule_list_start = .
 *(SORT_BY_NAME(SORT_BY_ALIGNMENT(._ztest_test_rule.static.*)))
                0x0000000000004a80                _ztest_test_rule_list_end = .

init_array      0x0000000000004a80        0x0
 *(SORT_BY_NAME(SORT_BY_ALIGNMENT(.ctors*)))
 *(SORT_BY_NAME(SORT_BY_ALIGNMENT(.init_array*)))
                0x0000000000000001                ASSERT ((SIZEOF (init_array) == 0x0), GNU-style constructors required but STATIC_INIT_GNU not enabled)

bt_l2cap_fixed_chan_area
                0x0000000000004a80        0x0
                0x0000000000004a80                _bt_l2cap_fixed_chan_list_start = .
 *(SORT_BY_NAME(SORT_BY_ALIGNMENT(._bt_l2cap_fixed_chan.static.*)))
                0x0000000000004a80                _bt_l2cap_fixed_chan_list_end = .

bt_gatt_service_static_area
                0x0000000000004a80        0x0
                0x0000000000004a80                _bt_gatt_service_static_list_start = .
 *(SORT_BY_NAME(SORT_BY_ALIGNMENT(._bt_gatt_service_static.static.*)))
                0x0000000000004a80                _bt_gatt_service_static_list_end = .

log_strings_area
                0x0000000000004a80        0x0
                0x0000000000004a80                _log_strings_list_start = .
 *(SORT_BY_NAME(SORT_BY_ALIGNMENT(._log_strings.static.*)))
                0x0000000000004a80                _log_strings_list_end = .

log_stmesp_ptr_area
                0x0000000000004a80        0x0
                0x0000000000004a80                _log_stmesp_ptr_list_start = .
 *(SORT_BY_NAME(SORT_BY_ALIGNMENT(._log_stmesp_ptr.static.*)))
                0x0000000000004a80                _log_stmesp_ptr_list_end = .

log_stmesp_str_area
                0x0000000000004a80        0x0
                0x0000000000004a80                _log_stmesp_str_list_start = .
 *(SORT_BY_NAME(SORT_BY_ALIGNMENT(._log_stmesp_str.static.*)))
                0x0000000000004a80                _log_stmesp_str_list_end = .

log_const_area  0x0000000000004a80        0x0
                0x0000000000004a80                _log_const_list_start = .
 *(SORT_BY_NAME(SORT_BY_ALIGNMENT(._log_const.static.*)))
                0x0000000000004a80                _log_const_list_end = .

log_backend_area
                0x0000000000004a80        0x0
                0x0000000000004a80                _log_backend_list_start = .
 *(SORT_BY_NAME(SORT_BY_ALIGNMENT(._log_backend.static.*)))
                0x0000000000004a80                _log_backend_list_end = .

log_link_area   0x0000000000004a80        0x0
                0x0000000000004a80                _log_link_list_start = .
 *(SORT_BY_NAME(SORT_BY_ALIGNMENT(._log_link.static.*)))
                0x0000000000004a80                _log_link_list_end = .

tracing_backend_area
                0x0000000000004a80        0x0
                0x0000000000004a80                _tracing_backend_list_start = .
 *(SORT_BY_NAME(SORT_BY_ALIGNMENT(._tracing_backend.static.*)))
                0x0000000000004a80                _tracing_backend_list_end = .

zephyr_dbg_info
 *(SORT_BY_ALIGNMENT(.dbg_thread_info))

intc_table_area
                0x0000000000004a80        0x0
                0x0000000000004a80                _intc_table_list_start = .
 *(SORT_BY_NAME(SORT_BY_ALIGNMENT(._intc_table.static.*)))
                0x0000000000004a80                _intc_table_list_end = .

symbol_to_keep  0x0000000000004a80        0x0
                0x0000000000004a80                __symbol_to_keep_start = .
 *(SORT_BY_NAME(SORT_BY_ALIGNMENT(.symbol_to_keep*)))
                0x0000000000004a80                __symbol_to_keep_end = .

shell_area      0x0000000000004a80        0x0
                0x0000000000004a80                _shell_list_start = .
 *(SORT_BY_NAME(SORT_BY_ALIGNMENT(._shell.static.*)))
                0x0000000000004a80                _shell_list_end = .

shell_root_cmds_area
                0x0000000000004a80        0x0
                0x0000000000004a80                _shell_root_cmds_list_start = .
 *(SORT_BY_NAME(SORT_BY_ALIGNMENT(._shell_root_cmds.static.*)))
                0x0000000000004a80                _shell_root_cmds_list_end = .

shell_subcmds_area
                0x0000000000004a80        0x0
                0x0000000000004a80                _shell_subcmds_list_start = .
 *(SORT_BY_NAME(SORT_BY_ALIGNMENT(._shell_subcmds.static.*)))
                0x0000000000004a80                _shell_subcmds_list_end = .

shell_dynamic_subcmds_area
                0x0000000000004a80        0x0
                0x0000000000004a80                _shell_dynamic_subcmds_list_start = .
 *(SORT_BY_NAME(SORT_BY_ALIGNMENT(._shell_dynamic_subcmds.static.*)))
                0x0000000000004a80                _shell_dynamic_subcmds_list_end = .

cfb_font_area   0x0000000000004a80        0x0
                0x0000000000004a80                _cfb_font_list_start = .
 *(SORT_BY_NAME(SORT_BY_ALIGNMENT(._cfb_font.static.*)))
                0x0000000000004a80                _cfb_font_list_end = .

tdata           0x0000000000004a80        0x0
 *(SORT_BY_ALIGNMENT(.tdata) SORT_BY_ALIGNMENT(.tdata.*) SORT_BY_ALIGNMENT(.gnu.linkonce.td.*))

tbss            0x0000000000004a80        0x4
 *(SORT_BY_ALIGNMENT(.tbss) SORT_BY_ALIGNMENT(.tbss.*) SORT_BY_ALIGNMENT(.gnu.linkonce.tb.*) SORT_BY_ALIGNMENT(.tcommon))
 .tbss.z_tls_current
                0x0000000000004a80        0x4 libzephyr.a(thread_entry.c.obj)
                0x0000000000004a80                z_tls_current
                0x0000000000004a80                PROVIDE (__tdata_start = ADDR (tdata))
                0x0000000000000001                PROVIDE (__tdata_align = ALIGNOF (tdata))
                0x0000000000000000                PROVIDE (__tdata_size = (((SIZEOF (tdata) + __tdata_align) - 0x1) & ~ ((__tdata_align - 0x1))))
                [!provide]                        PROVIDE (__tdata_end = (__tdata_start + __tdata_size))
                0x0000000000000004                PROVIDE (__tbss_align = ALIGNOF (tbss))
                [!provide]                        PROVIDE (__tbss_start = ADDR (tbss))
                0x0000000000000004                PROVIDE (__tbss_size = (((SIZEOF (tbss) + __tbss_align) - 0x1) & ~ ((__tbss_align - 0x1))))
                [!provide]                        PROVIDE (__tbss_end = (__tbss_start + __tbss_size))
                [!provide]                        PROVIDE (__tls_start = __tdata_start)
                [!provide]                        PROVIDE (__tls_end = __tbss_end)
                [!provide]                        PROVIDE (__tls_size = (__tbss_end - __tdata_start))

rodata          0x0000000000004a80      0x4ec
 *(SORT_BY_ALIGNMENT(.rodata))
 *(SORT_BY_ALIGNMENT(.rodata.*))
 .rodata.DOUBLE_POW5_TABLE
                0x0000000000004a80       0xd0 /home/junpinfoo/zephyr-sdk-0.17.0/arm-zephyr-eabi/bin/../lib/gcc/../../picolibc/arm-zephyr-eabi/lib/thumb/v7-r+fp.sp/hard/libc.a(libc_tinystdio_ryu_table.c.o)
 .rodata.DOUBLE_POW5_SPLIT2
                0x0000000000004b50       0xd0 /home/junpinfoo/zephyr-sdk-0.17.0/arm-zephyr-eabi/bin/../lib/gcc/../../picolibc/arm-zephyr-eabi/lib/thumb/v7-r+fp.sp/hard/libc.a(libc_tinystdio_ryu_table.c.o)
 .rodata.DOUBLE_POW5_INV_SPLIT2
                0x0000000000004c20       0xf0 /home/junpinfoo/zephyr-sdk-0.17.0/arm-zephyr-eabi/bin/../lib/gcc/../../picolibc/arm-zephyr-eabi/lib/thumb/v7-r+fp.sp/hard/libc.a(libc_tinystdio_ryu_table.c.o)
 .rodata.neopixel
                0x0000000000004d10        0x8 ../app/libapp.a(main.c.obj)
 .rodata.btn    0x0000000000004d18        0x8 ../app/libapp.a(main.c.obj)
 .rodata.led    0x0000000000004d20        0x8 ../app/libapp.a(main.c.obj)
 .rodata.stdout
                0x0000000000004d28        0x4 lib/libc/picolibc/liblib__libc__picolibc.a(stdio.c.obj)
                0x0000000000004d28                stdout
                0x0000000000004d28                stderr
 .rodata.gpio_davinci_0_config
                0x0000000000004d2c       0x14 drivers/gpio/libdrivers__gpio.a(gpio_davinci.c.obj)
 .rodata.__pinctrl_dev_config__device_dts_ord_28
                0x0000000000004d40        0x8 drivers/gpio/libdrivers__gpio.a(gpio_davinci.c.obj)
 .rodata.__pinctrl_states__device_dts_ord_28
                0x0000000000004d48        0x8 drivers/gpio/libdrivers__gpio.a(gpio_davinci.c.obj)
 .rodata.__pinctrl_state_pins_0__device_dts_ord_28
                0x0000000000004d50        0x8 drivers/gpio/libdrivers__gpio.a(gpio_davinci.c.obj)
 .rodata.uart_ns16550_dev_cfg_0
                0x0000000000004d58       0x1c drivers/serial/libdrivers__serial.a(uart_ns16550.c.obj)
 .rodata.__pinctrl_dev_config__device_dts_ord_17
                0x0000000000004d74        0x8 drivers/serial/libdrivers__serial.a(uart_ns16550.c.obj)
 .rodata.__pinctrl_states__device_dts_ord_17
                0x0000000000004d7c        0x8 drivers/serial/libdrivers__serial.a(uart_ns16550.c.obj)
 .rodata.__pinctrl_state_pins_0__device_dts_ord_17
                0x0000000000004d84       0x10 drivers/serial/libdrivers__serial.a(uart_ns16550.c.obj)
 .rodata.ti_dm_timer_config_0
                0x0000000000004d94        0x4 drivers/timer/libdrivers__timer.a(ti_dmtimer.c.obj)
 .rodata.levels.0
                0x0000000000004d98       0x18 kernel/libkernel.a(init.c.obj)
 .rodata.POW5_OFFSETS
                0x0000000000004db0       0x54 /home/junpinfoo/zephyr-sdk-0.17.0/arm-zephyr-eabi/bin/../lib/gcc/../../picolibc/arm-zephyr-eabi/lib/thumb/v7-r+fp.sp/hard/libc.a(libc_tinystdio_ryu_table.c.o)
 .rodata.POW5_INV_OFFSETS
                0x0000000000004e04       0x54 /home/junpinfoo/zephyr-sdk-0.17.0/arm-zephyr-eabi/bin/../lib/gcc/../../picolibc/arm-zephyr-eabi/lib/thumb/v7-r+fp.sp/hard/libc.a(libc_tinystdio_ryu_table.c.o)
 .rodata.initialize_gpio.str1.1
                0x0000000000004e58       0x5d ../app/libapp.a(main.c.obj)
 .rodata.main.str1.1
                0x0000000000004eb5       0x2d ../app/libapp.a(main.c.obj)
 .rodata._exit.str1.1
                0x0000000000004ee2        0x5 lib/libc/picolibc/liblib__libc__picolibc.a(exit.c.obj)
 .rodata.str1.1
                0x0000000000004ee7        0xd drivers/gpio/libdrivers__gpio.a(gpio_davinci.c.obj)
 .rodata.str1.1
                0x0000000000004ef4        0xe drivers/pinctrl/libdrivers__pinctrl.a(pinctrl_ti_k3.c.obj)
 .rodata.str1.1
                0x0000000000004f02        0xd drivers/serial/libdrivers__serial.a(uart_ns16550.c.obj)
 .rodata.str1.1
                0x0000000000004f0f        0xe drivers/timer/libdrivers__timer.a(ti_dmtimer.c.obj)
 .rodata.z_cstart.str1.1
                0x0000000000004f1d        0x5 kernel/libkernel.a(init.c.obj)
 .rodata.boot_banner.str1.1
                0x0000000000004f22       0x3b kernel/libkernel.a(banner.c.obj)
 .rodata.vfprintf.str1.1
                0x0000000000004f5d        0xf /home/junpinfoo/zephyr-sdk-0.17.0/arm-zephyr-eabi/bin/../lib/gcc/../../picolibc/arm-zephyr-eabi/lib/thumb/v7-r+fp.sp/hard/libc.a(libc_tinystdio_vfprintf.c.o)
 *(SORT_BY_ALIGNMENT(.gnu.linkonce.r.*))
                0x0000000000004f6c                . = ALIGN (0x4)
                0x0000000000004f6c                . = ALIGN (_region_min_align)
                0x0000000000004f6c                __rodata_region_end = .
                0x0000000000004f6c                __rom_region_end = .
                0x0000000000004f6c                . = ALIGN (_region_min_align)
                0x000000000000001c                _image_rom_end_order = ((LOG2CEIL (__rom_region_end) - 0x1) << 0x1)

.got            0x0000000000004f6c        0x0
 *(SORT_BY_ALIGNMENT(.got.plt))
 *(SORT_BY_ALIGNMENT(.igot.plt))
 .igot.plt      0x0000000000004f6c        0x0 CMakeFiles/zephyr_final.dir/isr_tables.c.obj
 *(SORT_BY_ALIGNMENT(.got))
 *(SORT_BY_ALIGNMENT(.igot))
                0x0000000000000000                . = 0x0
                0x0000000000000000                . = ALIGN (_region_min_align)
                0x0000000000000000                _image_ram_start = .

bss             0x0000000000004f70      0x2aa
                0x0000000000004f70                . = ALIGN (0x4)
                0x0000000000004f70                __bss_start = .
                0x0000000000004f70                __kernel_ram_start = .
 *(SORT_BY_ALIGNMENT(.bss))
 *(SORT_BY_ALIGNMENT(.bss.*))
 .bss.z_idle_threads
                0x0000000000004f70       0xb8 kernel/libkernel.a(init.c.obj)
                0x0000000000004f70                z_idle_threads
 .bss.z_main_thread
                0x0000000000005028       0xb8 kernel/libkernel.a(init.c.obj)
                0x0000000000005028                z_main_thread
 .bss._thread_dummy
                0x00000000000050e0       0xb8 kernel/libkernel.a(sched.c.obj)
                0x00000000000050e0                _thread_dummy
 .bss.slice_timeouts
                0x0000000000005198       0x18 kernel/libkernel.a(timeslicing.c.obj)
 .bss.curr_tick
                0x00000000000051b0        0x8 kernel/libkernel.a(timeout.c.obj)
 .bss.junk_delay
                0x00000000000051b8        0x4 ../app/libapp.a(main.c.obj)
                0x00000000000051b8                junk_delay
 .bss.pR5Base   0x00000000000051bc        0x4 ../app/libapp.a(main.c.obj)
 .bss._stdout_hook
                0x00000000000051c0        0x4 lib/libc/picolibc/liblib__libc__picolibc.a(stdio.c.obj)
 .bss.z_malloc_heap
                0x00000000000051c4        0xc lib/libc/common/liblib__libc__common.a(malloc.c.obj)
 .bss.gpio_davinci_0_data
                0x00000000000051d0        0xc drivers/gpio/libdrivers__gpio.a(gpio_davinci.c.obj)
 .bss.ti_dm_timer_data_0
                0x00000000000051dc        0x4 drivers/timer/libdrivers__timer.a(ti_dmtimer.c.obj)
 .bss.systick_timer_dev
                0x00000000000051e0        0x4 drivers/timer/libdrivers__timer.a(ti_dmtimer.c.obj)
 .bss._kernel   0x00000000000051e4       0x28 kernel/libkernel.a(init.c.obj)
                0x00000000000051e4                _kernel
 .bss.slice_max_prio
                0x000000000000520c        0x4 kernel/libkernel.a(timeslicing.c.obj)
 .bss.slice_ticks
                0x0000000000005210        0x4 kernel/libkernel.a(timeslicing.c.obj)
 .bss.announce_remaining
                0x0000000000005214        0x4 kernel/libkernel.a(timeout.c.obj)
 .bss.pinctrl_ti_k3_dev
                0x0000000000005218        0x0 drivers/pinctrl/libdrivers__pinctrl.a(pinctrl_ti_k3.c.obj)
 .bss.z_sys_post_kernel
                0x0000000000005218        0x1 kernel/libkernel.a(init.c.obj)
                0x0000000000005218                z_sys_post_kernel
 .bss._sched_spinlock
                0x0000000000005219        0x0 kernel/libkernel.a(sched.c.obj)
                0x0000000000005219                _sched_spinlock
 .bss.slice_expired
                0x0000000000005219        0x1 kernel/libkernel.a(timeslicing.c.obj)
 *(SORT_BY_ALIGNMENT(COMMON))
 *(SORT_BY_ALIGNMENT(.kernel_bss.*))
                0x000000000000521c                __bss_end = ALIGN (0x4)

noinit          0x0000000000005220     0x1640
 *(SORT_BY_ALIGNMENT(.noinit))
 *(SORT_BY_ALIGNMENT(.noinit.*))
 .noinit."WEST_TOPDIR/zephyr/arch/arm/core/cortex_a_r/stacks.c".4
                0x0000000000005220      0x400 arch/arch/arm/core/cortex_a_r/libarch__arm__core__cortex_a_r.a(stacks.c.obj)
                0x0000000000005220                z_arm_sys_stack
 .noinit."WEST_TOPDIR/zephyr/arch/arm/core/cortex_a_r/stacks.c".3
                0x0000000000005620      0x200 arch/arch/arm/core/cortex_a_r/libarch__arm__core__cortex_a_r.a(stacks.c.obj)
                0x0000000000005620                z_arm_svc_stack
 .noinit."WEST_TOPDIR/zephyr/arch/arm/core/cortex_a_r/stacks.c".2
                0x0000000000005820      0x100 arch/arch/arm/core/cortex_a_r/libarch__arm__core__cortex_a_r.a(stacks.c.obj)
                0x0000000000005820                z_arm_undef_stack
 .noinit."WEST_TOPDIR/zephyr/arch/arm/core/cortex_a_r/stacks.c".1
                0x0000000000005920      0x100 arch/arch/arm/core/cortex_a_r/libarch__arm__core__cortex_a_r.a(stacks.c.obj)
                0x0000000000005920                z_arm_abort_stack
 .noinit."WEST_TOPDIR/zephyr/arch/arm/core/cortex_a_r/stacks.c".0
                0x0000000000005a20      0x100 arch/arch/arm/core/cortex_a_r/libarch__arm__core__cortex_a_r.a(stacks.c.obj)
                0x0000000000005a20                z_arm_fiq_stack
 .noinit."WEST_TOPDIR/zephyr/kernel/init.c".2
                0x0000000000005b20      0x800 kernel/libkernel.a(init.c.obj)
                0x0000000000005b20                z_interrupt_stacks
 .noinit."WEST_TOPDIR/zephyr/kernel/init.c".1
                0x0000000000006320      0x140 kernel/libkernel.a(init.c.obj)
 .noinit."WEST_TOPDIR/zephyr/kernel/init.c".0
                0x0000000000006460      0x400 kernel/libkernel.a(init.c.obj)
                0x0000000000006460                z_main_stack

datas           0x0000000000006860       0x64
                0x0000000000006860                __data_region_start = .
                0x0000000000006860                __data_start = .
 *(SORT_BY_ALIGNMENT(.data))
 *(SORT_BY_ALIGNMENT(.data.*))
 .data._char_out
                0x0000000000006860        0x4 libzephyr.a(printk.c.obj)
 .data.handler  0x0000000000006864        0x4 arch/arch/arm/core/libarch__arm__core.a(nmi.c.obj)
 .data.arm_cpu_boot_params
                0x0000000000006868       0x2c arch/arch/arm/core/cortex_a_r/libarch__arm__core__cortex_a_r.a(smp.c.obj)
                0x0000000000006868                arm_cpu_boot_params
 .data.__stdout
                0x0000000000006894       0x10 lib/libc/picolibc/liblib__libc__picolibc.a(stdio.c.obj)
 .data.pinctrl_ti_k3_cfg
                0x00000000000068a4        0x4 drivers/pinctrl/libdrivers__pinctrl.a(pinctrl_ti_k3.c.obj)
 .data.uart_ns16550_dev_data_0
                0x00000000000068a8       0x14 drivers/serial/libdrivers__serial.a(uart_ns16550.c.obj)
 .data.timeout_list
                0x00000000000068bc        0x8 kernel/libkernel.a(timeout.c.obj)
 *(SORT_BY_ALIGNMENT(.kernel.*))
                0x00000000000068c4                __data_end = .
                0x0000000000000064                __data_size = (__data_end - __data_start)
                0x0000000000006860                __data_load_start = LOADADDR (datas)
                0x0000000000006860                __data_region_load_start = LOADADDR (datas)

device_states   0x00000000000068c4        0x8
                0x00000000000068c4                __device_states_start = .
 *(SORT_BY_ALIGNMENT(.z_devstate))
 .z_devstate    0x00000000000068c4        0x2 drivers/gpio/libdrivers__gpio.a(gpio_davinci.c.obj)
 .z_devstate    0x00000000000068c6        0x2 drivers/pinctrl/libdrivers__pinctrl.a(pinctrl_ti_k3.c.obj)
 .z_devstate    0x00000000000068c8        0x2 drivers/serial/libdrivers__serial.a(uart_ns16550.c.obj)
 .z_devstate    0x00000000000068ca        0x2 drivers/timer/libdrivers__timer.a(ti_dmtimer.c.obj)
 *(SORT_BY_ALIGNMENT(.z_devstate.*))
                0x00000000000068cc                __device_states_end = .

log_mpsc_pbuf_area
                0x00000000000068cc        0x0
                0x00000000000068cc                _log_mpsc_pbuf_list_start = .
 *(SORT_BY_NAME(SORT_BY_ALIGNMENT(._log_mpsc_pbuf.static.*)))
                0x00000000000068cc                _log_mpsc_pbuf_list_end = .

log_msg_ptr_area
                0x00000000000068cc        0x0
                0x00000000000068cc                _log_msg_ptr_list_start = .
 *(SORT_BY_NAME(SORT_BY_ALIGNMENT(._log_msg_ptr.static.*)))
                0x00000000000068cc                _log_msg_ptr_list_end = .

log_dynamic_area
                0x00000000000068cc        0x0
                0x00000000000068cc                _log_dynamic_list_start = .
 *(SORT_BY_NAME(SORT_BY_ALIGNMENT(._log_dynamic.static.*)))
                0x00000000000068cc                _log_dynamic_list_end = .

k_timer_area    0x00000000000068cc        0x0
                0x00000000000068cc                _k_timer_list_start = .
 *(SORT_BY_NAME(SORT_BY_ALIGNMENT(._k_timer.static.*)))
                0x00000000000068cc                _k_timer_list_end = .

k_mem_slab_area
                0x00000000000068cc        0x0
                0x00000000000068cc                _k_mem_slab_list_start = .
 *(SORT_BY_NAME(SORT_BY_ALIGNMENT(._k_mem_slab.static.*)))
                0x00000000000068cc                _k_mem_slab_list_end = .

k_heap_area     0x00000000000068cc        0x0
                0x00000000000068cc                _k_heap_list_start = .
 *(SORT_BY_NAME(SORT_BY_ALIGNMENT(._k_heap.static.*)))
                0x00000000000068cc                _k_heap_list_end = .

k_mutex_area    0x00000000000068cc        0x0
                0x00000000000068cc                _k_mutex_list_start = .
 *(SORT_BY_NAME(SORT_BY_ALIGNMENT(._k_mutex.static.*)))
                0x00000000000068cc                _k_mutex_list_end = .

k_stack_area    0x00000000000068cc        0x0
                0x00000000000068cc                _k_stack_list_start = .
 *(SORT_BY_NAME(SORT_BY_ALIGNMENT(._k_stack.static.*)))
                0x00000000000068cc                _k_stack_list_end = .

k_msgq_area     0x00000000000068cc        0x0
                0x00000000000068cc                _k_msgq_list_start = .
 *(SORT_BY_NAME(SORT_BY_ALIGNMENT(._k_msgq.static.*)))
                0x00000000000068cc                _k_msgq_list_end = .

k_mbox_area     0x00000000000068cc        0x0
                0x00000000000068cc                _k_mbox_list_start = .
 *(SORT_BY_NAME(SORT_BY_ALIGNMENT(._k_mbox.static.*)))
                0x00000000000068cc                _k_mbox_list_end = .

k_pipe_area     0x00000000000068cc        0x0
                0x00000000000068cc                _k_pipe_list_start = .
 *(SORT_BY_NAME(SORT_BY_ALIGNMENT(._k_pipe.static.*)))
                0x00000000000068cc                _k_pipe_list_end = .

k_sem_area      0x00000000000068cc        0x0
                0x00000000000068cc                _k_sem_list_start = .
 *(SORT_BY_NAME(SORT_BY_ALIGNMENT(._k_sem.static.*)))
                0x00000000000068cc                _k_sem_list_end = .

k_event_area    0x00000000000068cc        0x0
                0x00000000000068cc                _k_event_list_start = .
 *(SORT_BY_NAME(SORT_BY_ALIGNMENT(._k_event.static.*)))
                0x00000000000068cc                _k_event_list_end = .

k_queue_area    0x00000000000068cc        0x0
                0x00000000000068cc                _k_queue_list_start = .
 *(SORT_BY_NAME(SORT_BY_ALIGNMENT(._k_queue.static.*)))
                0x00000000000068cc                _k_queue_list_end = .

k_fifo_area     0x00000000000068cc        0x0
                0x00000000000068cc                _k_fifo_list_start = .
 *(SORT_BY_NAME(SORT_BY_ALIGNMENT(._k_fifo.static.*)))
                0x00000000000068cc                _k_fifo_list_end = .

k_lifo_area     0x00000000000068cc        0x0
                0x00000000000068cc                _k_lifo_list_start = .
 *(SORT_BY_NAME(SORT_BY_ALIGNMENT(._k_lifo.static.*)))
                0x00000000000068cc                _k_lifo_list_end = .

k_condvar_area  0x00000000000068cc        0x0
                0x00000000000068cc                _k_condvar_list_start = .
 *(SORT_BY_NAME(SORT_BY_ALIGNMENT(._k_condvar.static.*)))
                0x00000000000068cc                _k_condvar_list_end = .

sys_mem_blocks_ptr_area
                0x00000000000068cc        0x0
                0x00000000000068cc                _sys_mem_blocks_ptr_list_start = .
 *(SORT_BY_NAME(SORT_BY_ALIGNMENT(._sys_mem_blocks_ptr.static.*)))
                0x00000000000068cc                _sys_mem_blocks_ptr_list_end = .

net_buf_pool_area
                0x00000000000068cc        0x0
                0x00000000000068cc                _net_buf_pool_list_start = .
 *(SORT_BY_NAME(SORT_BY_ALIGNMENT(._net_buf_pool.static.*)))
                0x00000000000068cc                _net_buf_pool_list_end = .
                0x00000000000068cc                __data_region_end = .
                0x0000000000008000                __kernel_ram_end = 0x8000
                0x0000000000003090                __kernel_ram_size = (__kernel_ram_end - __kernel_ram_start)

/DISCARD/
 *(SORT_BY_ALIGNMENT(.irq_info*))
 *(SORT_BY_ALIGNMENT(.intList*))

.last_ram_section
                0x00000000000068cc        0x0
                0x00000000000068cc                . = ALIGN (_region_min_align)
                0x00000000000068cc                _image_ram_end = .
                0x00000000000068cc                _image_ram_size = (_image_ram_end - _image_ram_start)
                0x00000000000068cc                _end = .
                0x00000000000068cc                z_mapped_end = .

.stab
 *(SORT_BY_ALIGNMENT(.stab))

.stabstr
 *(SORT_BY_ALIGNMENT(.stabstr))

.stab.excl
 *(SORT_BY_ALIGNMENT(.stab.excl))

.stab.exclstr
 *(SORT_BY_ALIGNMENT(.stab.exclstr))

.stab.index
 *(SORT_BY_ALIGNMENT(.stab.index))

.stab.indexstr
 *(SORT_BY_ALIGNMENT(.stab.indexstr))

.gnu.build.attributes
 *(SORT_BY_ALIGNMENT(.gnu.build.attributes) SORT_BY_ALIGNMENT(.gnu.build.attributes.*))

.comment        0x0000000000000000       0x20
 *(SORT_BY_ALIGNMENT(.comment))
 .comment       0x0000000000000000       0x20 CMakeFiles/zephyr_final.dir/isr_tables.c.obj
                                         0x21 (size before relaxing)
 .comment       0x0000000000000020       0x21 CMakeFiles/offsets.dir/arch/arm/core/offsets/offsets.c.obj
 .comment       0x0000000000000020       0x21 ../app/libapp.a(main.c.obj)
 .comment       0x0000000000000020       0x21 libzephyr.a(heap.c.obj)
 .comment       0x0000000000000020       0x21 libzephyr.a(printk.c.obj)
 .comment       0x0000000000000020       0x21 libzephyr.a(thread_entry.c.obj)
 .comment       0x0000000000000020       0x21 libzephyr.a(resource_table.c.obj)
 .comment       0x0000000000000020       0x21 libzephyr.a(configs.c.obj)
 .comment       0x0000000000000020       0x21 libzephyr.a(ctrl_partitions.c.obj)
 .comment       0x0000000000000020       0x21 libzephyr.a(soc.c.obj)
 .comment       0x0000000000000020       0x21 arch/arch/arm/core/libarch__arm__core.a(fatal.c.obj)
 .comment       0x0000000000000020       0x21 arch/arch/arm/core/libarch__arm__core.a(nmi.c.obj)
 .comment       0x0000000000000020       0x21 arch/arch/arm/core/libarch__arm__core.a(tls.c.obj)
 .comment       0x0000000000000020       0x21 arch/arch/arm/core/cortex_a_r/libarch__arm__core__cortex_a_r.a(fault.c.obj)
 .comment       0x0000000000000020       0x21 arch/arch/arm/core/cortex_a_r/libarch__arm__core__cortex_a_r.a(irq_init.c.obj)
 .comment       0x0000000000000020       0x21 arch/arch/arm/core/cortex_a_r/libarch__arm__core__cortex_a_r.a(reboot.c.obj)
 .comment       0x0000000000000020       0x21 arch/arch/arm/core/cortex_a_r/libarch__arm__core__cortex_a_r.a(stacks.c.obj)
 .comment       0x0000000000000020       0x21 arch/arch/arm/core/cortex_a_r/libarch__arm__core__cortex_a_r.a(irq_manage.c.obj)
 .comment       0x0000000000000020       0x21 arch/arch/arm/core/cortex_a_r/libarch__arm__core__cortex_a_r.a(prep_c.c.obj)
 .comment       0x0000000000000020       0x21 arch/arch/arm/core/cortex_a_r/libarch__arm__core__cortex_a_r.a(thread.c.obj)
 .comment       0x0000000000000020       0x21 arch/arch/arm/core/cortex_a_r/libarch__arm__core__cortex_a_r.a(smp.c.obj)
 .comment       0x0000000000000020       0x21 lib/libc/picolibc/liblib__libc__picolibc.a(exit.c.obj)
 .comment       0x0000000000000020       0x21 lib/libc/picolibc/liblib__libc__picolibc.a(stdio.c.obj)
 .comment       0x0000000000000020       0x21 lib/libc/common/liblib__libc__common.a(malloc.c.obj)