Archive member included to satisfy reference by file (symbol)

../app/libapp.a(main.c.obj)   (--whole-archive)
libzephyr.a(heap.c.obj)       (--whole-archive)
libzephyr.a(cbprintf_packaged.c.obj)
                              (--whole-archive)
libzephyr.a(printk.c.obj)     (--whole-archive)
libzephyr.a(sem.c.obj)        (--whole-archive)
libzephyr.a(thread_entry.c.obj)
                              (--whole-archive)
libzephyr.a(cbprintf_complete.c.obj)
                              (--whole-archive)
libzephyr.a(assert.c.obj)     (--whole-archive)
libzephyr.a(reboot.c.obj)     (--whole-archive)
libzephyr.a(dec.c.obj)        (--whole-archive)
libzephyr.a(hex.c.obj)        (--whole-archive)
libzephyr.a(rb.c.obj)         (--whole-archive)
libzephyr.a(timeutil.c.obj)   (--whole-archive)
libzephyr.a(bitarray.c.obj)   (--whole-archive)
libzephyr.a(ring_buffer.c.obj)
                              (--whole-archive)
libzephyr.a(resource_table.c.obj)
                              (--whole-archive)
libzephyr.a(configs.c.obj)    (--whole-archive)
libzephyr.a(ctrl_partitions.c.obj)
                              (--whole-archive)
libzephyr.a(soc.c.obj)        (--whole-archive)
libzephyr.a(tracing_none.c.obj)
                              (--whole-archive)
arch/common/libarch__common.a(sw_isr_common.c.obj)
                              (--whole-archive)
arch/arch/arm/core/libarch__arm__core.a(fatal.c.obj)
                              (--whole-archive)
arch/arch/arm/core/libarch__arm__core.a(nmi.c.obj)
                              (--whole-archive)
arch/arch/arm/core/libarch__arm__core.a(nmi_on_reset.S.obj)
                              (--whole-archive)
arch/arch/arm/core/libarch__arm__core.a(tls.c.obj)
                              (--whole-archive)
arch/arch/arm/core/cortex_a_r/libarch__arm__core__cortex_a_r.a(exc.S.obj)
                              (--whole-archive)
arch/arch/arm/core/cortex_a_r/libarch__arm__core__cortex_a_r.a(fault.c.obj)
                              (--whole-archive)
arch/arch/arm/core/cortex_a_r/libarch__arm__core__cortex_a_r.a(irq_init.c.obj)
                              (--whole-archive)
arch/arch/arm/core/cortex_a_r/libarch__arm__core__cortex_a_r.a(reboot.c.obj)
                              (--whole-archive)
arch/arch/arm/core/cortex_a_r/libarch__arm__core__cortex_a_r.a(reset.S.obj)
                              (--whole-archive)
arch/arch/arm/core/cortex_a_r/libarch__arm__core__cortex_a_r.a(stacks.c.obj)
                              (--whole-archive)
arch/arch/arm/core/cortex_a_r/libarch__arm__core__cortex_a_r.a(tcm.c.obj)
                              (--whole-archive)
arch/arch/arm/core/cortex_a_r/libarch__arm__core__cortex_a_r.a(vector_table.S.obj)
                              (--whole-archive)
arch/arch/arm/core/cortex_a_r/libarch__arm__core__cortex_a_r.a(irq_manage.c.obj)
                              (--whole-archive)
arch/arch/arm/core/cortex_a_r/libarch__arm__core__cortex_a_r.a(prep_c.c.obj)
                              (--whole-archive)
arch/arch/arm/core/cortex_a_r/libarch__arm__core__cortex_a_r.a(thread.c.obj)
                              (--whole-archive)
arch/arch/arm/core/cortex_a_r/libarch__arm__core__cortex_a_r.a(cpu_idle.S.obj)
                              (--whole-archive)
arch/arch/arm/core/cortex_a_r/libarch__arm__core__cortex_a_r.a(smp.c.obj)
                              (--whole-archive)
arch/arch/arm/core/cortex_a_r/libarch__arm__core__cortex_a_r.a(isr_wrapper.S.obj)
                              (--whole-archive)
arch/arch/arm/core/cortex_a_r/libarch__arm__core__cortex_a_r.a(__aeabi_read_tp.S.obj)
                              (--whole-archive)
arch/arch/arm/core/cortex_a_r/libarch__arm__core__cortex_a_r.a(swap_helper.S.obj)
                              (--whole-archive)
arch/arch/arm/core/cortex_a_r/libarch__arm__core__cortex_a_r.a(exc_exit.S.obj)
                              (--whole-archive)
lib/libc/picolibc/liblib__libc__picolibc.a(assert.c.obj)
                              (--whole-archive)
lib/libc/picolibc/liblib__libc__picolibc.a(cbprintf.c.obj)
                              (--whole-archive)
lib/libc/picolibc/liblib__libc__picolibc.a(chk_fail.c.obj)
                              (--whole-archive)
lib/libc/picolibc/liblib__libc__picolibc.a(errno_wrap.c.obj)
                              (--whole-archive)
lib/libc/picolibc/liblib__libc__picolibc.a(exit.c.obj)
                              (--whole-archive)
lib/libc/picolibc/liblib__libc__picolibc.a(locks.c.obj)
                              (--whole-archive)
lib/libc/picolibc/liblib__libc__picolibc.a(stdio.c.obj)
                              (--whole-archive)
lib/libc/common/liblib__libc__common.a(abort.c.obj)
                              (--whole-archive)
lib/libc/common/liblib__libc__common.a(malloc.c.obj)
                              (--whole-archive)
drivers/interrupt_controller/libdrivers__interrupt_controller.a(intc_vim.c.obj)
                              (--whole-archive)
[...]
Memory Configuration

Name             Origin             Length             Attributes
FLASH            0x0000000000000000 0x0000000000000000 xr
RAM              0x0000000000000000 0x0000000000008000 xw
ATCM             0x0000000000000000 0x0000000000008000 rw
BTCM             0x0000000041010000 0x0000000000008000 rw
RSC_TABLE        0x00000000a1100000 0x0000000000100000 rw
DRAM             0x00000000a1200000 0x0000000000e00000 rw
IDT_LIST         0x00000000ffff8000 0x0000000000008000 xw
*default*        0x0000000000000000 0xffffffffffffffff

Linker script and memory map

                0x0000000000001c08                vfprintf = __d_vfprintf
                0x0000000000000000                vfscanf = __d_vfscanf
LOAD CMakeFiles/zephyr_final.dir/misc/empty_file.c.obj
LOAD CMakeFiles/zephyr_final.dir/isr_tables.c.obj
LOAD CMakeFiles/offsets.dir/arch/arm/core/offsets/offsets.c.obj
LOAD ../app/libapp.a
LOAD libzephyr.a
LOAD arch/common/libarch__common.a
LOAD arch/arch/arm/core/libarch__arm__core.a
LOAD arch/arch/arm/core/cortex_a_r/libarch__arm__core__cortex_a_r.a
LOAD lib/libc/picolibc/liblib__libc__picolibc.a
LOAD lib/libc/common/liblib__libc__common.a
LOAD drivers/interrupt_controller/libdrivers__interrupt_controller.a
LOAD drivers/console/libdrivers__console.a
LOAD drivers/gpio/libdrivers__gpio.a
LOAD drivers/pinctrl/libdrivers__pinctrl.a
LOAD drivers/serial/libdrivers__serial.a
LOAD drivers/timer/libdrivers__timer.a
LOAD ../modules/libmetal/libmetal/lib/libmetal.a
LOAD ../modules/open-amp/open-amp/lib/libopen_amp.a
LOAD kernel/libkernel.a
LOAD arch/common/libisr_tables.a
LOAD /home/junpinfoo/zephyr-sdk-0.17.0/arm-zephyr-eabi/bin/../lib/gcc/../../picolibc/arm-zephyr-eabi/lib/thumb/v7-r+fp.sp/hard/libc.a
LOAD /home/junpinfoo/zephyr-sdk-0.17.0/arm-zephyr-eabi/bin/../lib/gcc/arm-zephyr-eabi/12.2.0/thumb/v7-r+fp.sp/hard/libgcc.a
                0x0000000000000004                _region_min_align = 0x4

.rel.plt        0x0000000000000000        0x0
 *(SORT_BY_ALIGNMENT(.rel.plt))
                [!provide]                        PROVIDE (__rel_iplt_start = .)
 *(SORT_BY_ALIGNMENT(.rel.iplt))
 .rel.iplt      0x0000000000000000        0x0 CMakeFiles/zephyr_final.dir/isr_tables.c.obj
                [!provide]                        PROVIDE (__rel_iplt_end = .)

.rela.plt       0x0000000000000000        0x0
 *(SORT_BY_ALIGNMENT(.rela.plt))
                [!provide]                        PROVIDE (__rela_iplt_start = .)
 *(SORT_BY_ALIGNMENT(.rela.iplt))
                [!provide]                        PROVIDE (__rela_iplt_end = .)

.rel.dyn
 *(SORT_BY_ALIGNMENT(.rel.*))

.rela.dyn
 *(SORT_BY_ALIGNMENT(.rela.*))

.plt
 *(SORT_BY_ALIGNMENT(.plt))

.iplt           0x0000000000000000        0x0
 *(SORT_BY_ALIGNMENT(.iplt))
 .iplt          0x0000000000000000        0x0 CMakeFiles/zephyr_final.dir/isr_tables.c.obj
                0x0000000000000000                __rom_region_start = 0x0

rom_start       0x0000000000000000       0x3c
                0x0000000000000000                __rom_start_address = .
 FILL mask 0x00
                0x0000000000000000                . = (. + (0x0 - (. - __rom_start_address)))
                0x0000000000000000                . = ALIGN (0x4)
                0x0000000000000000                _vector_start = .
 *(SORT_BY_ALIGNMENT(.exc_vector_table))
 *(SORT_BY_ALIGNMENT(.exc_vector_table.*))
 .exc_vector_table._vector_table_section
                0x0000000000000000       0x3c arch/arch/arm/core/cortex_a_r/libarch__arm__core__cortex_a_r.a(vector_table.S.obj)
                0x0000000000000000                _vector_table
 *(SORT_BY_ALIGNMENT(.vectors))
                0x000000000000003c                _vector_end = .

text            0x0000000000000040     0x3998
                0x0000000000000040                . = ALIGN (_region_min_align)
                0x0000000000000040                __text_region_start = .
                0x0000000000000040                z_mapped_start = .
 *(SORT_BY_ALIGNMENT(.text))
 .text          0x0000000000000040       0x30 /home/junpinfoo/zephyr-sdk-0.17.0/arm-zephyr-eabi/bin/../lib/gcc/arm-zephyr-eabi/12.2.0/thumb/v7-r+fp.sp/hard/libgcc.a(_aeabi_uldivmod.o)
                0x0000000000000040                __aeabi_uldivmod
 .text          0x0000000000000070        0x4 /home/junpinfoo/zephyr-sdk-0.17.0/arm-zephyr-eabi/bin/../lib/gcc/arm-zephyr-eabi/12.2.0/thumb/v7-r+fp.sp/hard/libgcc.a(_dvmd_tls.o)
                0x0000000000000070                __aeabi_ldiv0
                0x0000000000000070                __aeabi_idiv0
 .text          0x0000000000000074      0x29c /home/junpinfoo/zephyr-sdk-0.17.0/arm-zephyr-eabi/bin/../lib/gcc/arm-zephyr-eabi/12.2.0/thumb/v7-r+fp.sp/hard/libgcc.a(_udivmoddi4.o)
                0x0000000000000074                __udivmoddi4
 *(SORT_BY_ALIGNMENT(.text.*))
 .text.gpio_pin_set_dt.constprop.0.isra.0
                0x0000000000000310       0x24 ../app/libapp.a(main.c.obj)
 .text.initialize_gpio
                0x0000000000000334       0x6c ../app/libapp.a(main.c.obj)
 .text.main     0x00000000000003a0      0x27c ../app/libapp.a(main.c.obj)
                0x00000000000003a0                main
 .text.char_out
                0x000000000000061c        0xc libzephyr.a(printk.c.obj)
 .text.__printk_hook_install
                0x0000000000000628        0xc libzephyr.a(printk.c.obj)
                0x0000000000000628                __printk_hook_install
 .text.vprintk  0x0000000000000634       0x30 libzephyr.a(printk.c.obj)
                0x0000000000000634                vprintk
 .text.z_thread_entry
                0x0000000000000664       0x34 libzephyr.a(thread_entry.c.obj)
                0x0000000000000664                z_thread_entry
 .text.z_arm_nmi
                0x0000000000000698       0x14 arch/arch/arm/core/libarch__arm__core.a(nmi.c.obj)
                0x0000000000000698                z_arm_nmi
 .text.z_SysNmiOnReset
                0x00000000000006ac        0x8 arch/arch/arm/core/libarch__arm__core.a(nmi_on_reset.S.obj)
                0x00000000000006ac                z_SysNmiOnReset
 .text.arch_tls_stack_setup
                0x00000000000006b4       0x40 arch/arch/arm/core/libarch__arm__core.a(tls.c.obj)
                0x00000000000006b4                arch_tls_stack_setup
 .text.__exc    0x00000000000006f4      0x11c arch/arch/arm/core/cortex_a_r/libarch__arm__core__cortex_a_r.a(exc.S.obj)
                0x00000000000006f4                z_arm_undef_instruction
                0x0000000000000764                z_arm_prefetch_abort
                0x00000000000007b4                z_arm_data_abort
 .text.z_arm_fault_undef_instruction_fp
                0x0000000000000810       0x60 arch/arch/arm/core/cortex_a_r/libarch__arm__core__cortex_a_r.a(fault.c.obj)
                0x0000000000000810                z_arm_fault_undef_instruction_fp
 .text._reset_section
                0x0000000000000870       0x78 arch/arch/arm/core/cortex_a_r/libarch__arm__core__cortex_a_r.a(reset.S.obj)
                0x0000000000000870                z_arm_reset
                0x0000000000000870                __start
 .text.z_prep_c
                0x00000000000008e8       0x30 arch/arch/arm/core/cortex_a_r/libarch__arm__core__cortex_a_r.a(prep_c.c.obj)
                0x00000000000008e8                z_prep_c
 .text.arch_new_thread
                0x0000000000000918       0x44 arch/arch/arm/core/cortex_a_r/libarch__arm__core__cortex_a_r.a(thread.c.obj)
                0x0000000000000918                arch_new_thread
 .text.arch_float_disable
                0x000000000000095c       0x40 arch/arch/arm/core/cortex_a_r/libarch__arm__core__cortex_a_r.a(thread.c.obj)
                0x000000000000095c                arch_float_disable
 .text.arch_cpu_idle
                0x000000000000099c       0x14 arch/arch/arm/core/cortex_a_r/libarch__arm__core__cortex_a_r.a(cpu_idle.S.obj)
                0x000000000000099c                arch_cpu_idle
 .text._isr_wrapper
                0x00000000000009b0       0xb8 arch/arch/arm/core/cortex_a_r/libarch__arm__core__cortex_a_r.a(isr_wrapper.S.obj)
                0x00000000000009b0                _isr_wrapper
 .text.__aeabi_read_tp
                0x0000000000000a68        0x8 arch/arch/arm/core/cortex_a_r/libarch__arm__core__cortex_a_r.a(__aeabi_read_tp.S.obj)
                0x0000000000000a68                __aeabi_read_tp
 .text.z_arm_do_swap
                0x0000000000000a70       0xcc arch/arch/arm/core/cortex_a_r/libarch__arm__core__cortex_a_r.a(swap_helper.S.obj)
                0x0000000000000a70                z_arm_do_swap
 .text.z_arm_svc
                0x0000000000000b3c       0xc0 arch/arch/arm/core/cortex_a_r/libarch__arm__core__cortex_a_r.a(swap_helper.S.obj)
                0x0000000000000b3c                z_arm_svc
 .text.z_arm_cortex_r_svc
                0x0000000000000bfc        0x8 arch/arch/arm/core/cortex_a_r/libarch__arm__core__cortex_a_r.a(swap_helper.S.obj)
                0x0000000000000bfc                z_arm_cortex_r_svc
 .text._HandlerModeExit
                0x0000000000000c04      0x164 arch/arch/arm/core/cortex_a_r/libarch__arm__core__cortex_a_r.a(exc_exit.S.obj)
                0x0000000000000c04                z_arm_int_exit
                0x0000000000000cac                z_arm_exc_exit
 .text._exit    0x0000000000000d68       0x10 lib/libc/picolibc/liblib__libc__picolibc.a(exit.c.obj)
                0x0000000000000d68                _exit
 .text.z_impl_zephyr_fputc
                0x0000000000000d78       0x10 lib/libc/picolibc/liblib__libc__picolibc.a(stdio.c.obj)
                0x0000000000000d78                z_impl_zephyr_fputc
 .text.__stdout_hook_install
                0x0000000000000d88       0x18 lib/libc/picolibc/liblib__libc__picolibc.a(stdio.c.obj)
                0x0000000000000d88                __stdout_hook_install
 .text.malloc_prepare
                0x0000000000000da0       0x20 lib/libc/common/liblib__libc__common.a(malloc.c.obj)
 .text.z_vim_irq_get_active
                0x0000000000000dc0       0x48 drivers/interrupt_controller/libdrivers__interrupt_controller.a(intc_vim.c.obj)
                0x0000000000000dc0                z_vim_irq_get_active
 .text.z_vim_irq_eoi
                0x0000000000000e08       0x10 drivers/interrupt_controller/libdrivers__interrupt_controller.a(intc_vim.c.obj)
                0x0000000000000e08                z_vim_irq_eoi
 .text.z_vim_irq_priority_set
                0x0000000000000e18       0x50 drivers/interrupt_controller/libdrivers__interrupt_controller.a(intc_vim.c.obj)
                0x0000000000000e18                z_vim_irq_priority_set
 .text.z_vim_irq_enable
                0x0000000000000e68       0x24 drivers/interrupt_controller/libdrivers__interrupt_controller.a(intc_vim.c.obj)
                0x0000000000000e68                z_vim_irq_enable
 .text.uart_console_init
                0x0000000000000e8c       0x28 drivers/console/libdrivers__console.a(uart_console.c.obj)
 .text.console_out
                0x0000000000000eb4       0x28 drivers/console/libdrivers__console.a(uart_console.c.obj)
 .text.pinctrl_configure_pins
                0x0000000000000edc       0x2c drivers/pinctrl/libdrivers__pinctrl.a(pinctrl_ti_k3.c.obj)
                0x0000000000000edc                pinctrl_configure_pins
 .text.ti_dmtimer_isr
                0x0000000000000f08       0x68 drivers/timer/libdrivers__timer.a(ti_dmtimer.c.obj)
 .text.sys_clock_driver_init
                0x0000000000000f70       0xe8 drivers/timer/libdrivers__timer.a(ti_dmtimer.c.obj)
 .text.sys_clock_set_timeout
                0x0000000000001058       0x5c drivers/timer/libdrivers__timer.a(ti_dmtimer.c.obj)
                0x0000000000001058                sys_clock_set_timeout
 .text.sys_clock_cycle_get_32
                0x00000000000010b4       0x24 drivers/timer/libdrivers__timer.a(ti_dmtimer.c.obj)
                0x00000000000010b4                sys_clock_cycle_get_32
 .text.sys_clock_elapsed
                0x00000000000010d8       0x34 drivers/timer/libdrivers__timer.a(ti_dmtimer.c.obj)
                0x00000000000010d8                sys_clock_elapsed
 .text.z_impl_k_busy_wait
                0x000000000000110c       0x38 kernel/libkernel.a(busy_wait.c.obj)
                0x000000000000110c                z_impl_k_busy_wait
 .text.z_fatal_error
                0x0000000000001144       0x38 kernel/libkernel.a(fatal.c.obj)
                0x0000000000001144                z_fatal_error
 .text.z_sys_init_run_level
                0x000000000000117c       0x30 kernel/libkernel.a(init.c.obj)
 .text.bg_thread_main
                0x00000000000011ac       0xc4 kernel/libkernel.a(init.c.obj)
 .text.z_bss_zero
                0x0000000000001270       0x18 kernel/libkernel.a(init.c.obj)
                0x0000000000001270                z_bss_zero
 .text.z_init_cpu
                0x0000000000001288       0x68 kernel/libkernel.a(init.c.obj)
                0x0000000000001288                z_init_cpu
 .text.z_cstart
                0x00000000000012f0       0x94 kernel/libkernel.a(init.c.obj)
                0x00000000000012f0                z_cstart
 .text.z_setup_new_thread
                0x0000000000001384       0x6c kernel/libkernel.a(thread.c.obj)
                0x0000000000001384                z_setup_new_thread
 .text.z_dummy_thread_init
                0x00000000000013f0       0x14 kernel/libkernel.a(thread.c.obj)
                0x00000000000013f0                z_dummy_thread_init
 .text.ready_thread
                0x0000000000001404       0x80 kernel/libkernel.a(sched.c.obj)
 .text.z_swap_irqlock
                0x0000000000001484       0x24 kernel/libkernel.a(sched.c.obj)
 .text.move_thread_to_end_of_prio_q
                0x00000000000014a8       0x8c kernel/libkernel.a(sched.c.obj)
                0x00000000000014a8                move_thread_to_end_of_prio_q
 .text.z_reschedule
                0x0000000000001534       0x24 kernel/libkernel.a(sched.c.obj)
                0x0000000000001534                z_reschedule
 .text.z_reschedule_irqlock
                0x0000000000001558       0x24 kernel/libkernel.a(sched.c.obj)
                0x0000000000001558                z_reschedule_irqlock
 .text.k_sched_lock
                0x000000000000157c       0x20 kernel/libkernel.a(sched.c.obj)
                0x000000000000157c                k_sched_lock
 .text.k_sched_unlock
                0x000000000000159c       0x50 kernel/libkernel.a(sched.c.obj)
                0x000000000000159c                k_sched_unlock
 .text.z_sched_init
                0x00000000000015ec       0x10 kernel/libkernel.a(sched.c.obj)
                0x00000000000015ec                z_sched_init
 .text.z_impl_k_wakeup
                0x00000000000015fc       0x40 kernel/libkernel.a(sched.c.obj)
                0x00000000000015fc                z_impl_k_wakeup
 .text.z_impl_k_sched_current_thread_query
                0x000000000000163c        0xc kernel/libkernel.a(sched.c.obj)
                0x000000000000163c                z_impl_k_sched_current_thread_query
 .text.z_thread_abort
                0x0000000000001648      0x138 kernel/libkernel.a(sched.c.obj)
                0x0000000000001648                z_thread_abort
 .text.slice_timeout
                0x0000000000001780       0x20 kernel/libkernel.a(timeslicing.c.obj)
 .text.thread_is_sliceable
                0x00000000000017a0       0x3c kernel/libkernel.a(timeslicing.c.obj)
                0x00000000000017a0                thread_is_sliceable
 .text.z_reset_time_slice
                0x00000000000017dc       0x50 kernel/libkernel.a(timeslicing.c.obj)
                0x00000000000017dc                z_reset_time_slice
 .text.z_time_slice
                0x000000000000182c       0x40 kernel/libkernel.a(timeslicing.c.obj)
                0x000000000000182c                z_time_slice
 .text.first    0x000000000000186c       0x10 kernel/libkernel.a(timeout.c.obj)
 .text.elapsed  0x000000000000187c       0x14 kernel/libkernel.a(timeout.c.obj)
 .text.remove_timeout
                0x0000000000001890       0x38 kernel/libkernel.a(timeout.c.obj)
 .text.z_add_timeout
                0x00000000000018c8       0xdc kernel/libkernel.a(timeout.c.obj)
                0x00000000000018c8                z_add_timeout
 .text.sys_clock_announce
                0x00000000000019a4       0xa0 kernel/libkernel.a(timeout.c.obj)
                0x00000000000019a4                sys_clock_announce
 .text.boot_banner
                0x0000000000001a44        0xc kernel/libkernel.a(banner.c.obj)
                0x0000000000001a44                boot_banner
 .text.exit     0x0000000000001a50       0x1c /home/junpinfoo/zephyr-sdk-0.17.0/arm-zephyr-eabi/bin/../lib/gcc/../../picolibc/arm-zephyr-eabi/lib/thumb/v7-r+fp.sp/hard/libc.a(libc_stdlib_pico-exit.c.o)
                0x0000000000001a50                exit
 .text.printf   0x0000000000001a6c       0x24 /home/junpinfoo/zephyr-sdk-0.17.0/arm-zephyr-eabi/bin/../lib/gcc/../../picolibc/arm-zephyr-eabi/lib/thumb/v7-r+fp.sp/hard/libc.a(libc_tinystdio_printf.c.o)
                0x0000000000001a6c                printf
 .text.puts     0x0000000000001a90       0x40 /home/junpinfoo/zephyr-sdk-0.17.0/arm-zephyr-eabi/bin/../lib/gcc/../../picolibc/arm-zephyr-eabi/lib/thumb/v7-r+fp.sp/hard/libc.a(libc_tinystdio_puts.c.o)
                0x0000000000001a90                puts
 .text.skip_to_arg
                0x0000000000001ad0      0x138 /home/junpinfoo/zephyr-sdk-0.17.0/arm-zephyr-eabi/bin/../lib/gcc/../../picolibc/arm-zephyr-eabi/lib/thumb/v7-r+fp.sp/hard/libc.a(libc_tinystdio_vfprintf.c.o)
 .text.vfprintf
                0x0000000000001c08      0x9a0 /home/junpinfoo/zephyr-sdk-0.17.0/arm-zephyr-eabi/bin/../lib/gcc/../../picolibc/arm-zephyr-eabi/lib/thumb/v7-r+fp.sp/hard/libc.a(libc_tinystdio_vfprintf.c.o)
                0x0000000000001c08                __d_vfprintf
 .text.div10    0x00000000000025a8       0x28 /home/junpinfoo/zephyr-sdk-0.17.0/arm-zephyr-eabi/bin/../lib/gcc/../../picolibc/arm-zephyr-eabi/lib/thumb/v7-r+fp.sp/hard/libc.a(libc_tinystdio_dtoa_ryu.c.o)
 .text.__dtoa_engine
                0x00000000000025d0      0x4ac /home/junpinfoo/zephyr-sdk-0.17.0/arm-zephyr-eabi/bin/../lib/gcc/../../picolibc/arm-zephyr-eabi/lib/thumb/v7-r+fp.sp/hard/libc.a(libc_tinystdio_dtoa_ryu.c.o)
                0x00000000000025d0                __dtoa_engine
 .text.__log10Pow2
                0x0000000000002a7c        0xc /home/junpinfoo/zephyr-sdk-0.17.0/arm-zephyr-eabi/bin/../lib/gcc/../../picolibc/arm-zephyr-eabi/lib/thumb/v7-r+fp.sp/hard/libc.a(libc_tinystdio_ryu_log10.c.o)
                0x0000000000002a7c                __log10Pow2
 .text.__log10Pow5
                0x0000000000002a88        0xc /home/junpinfoo/zephyr-sdk-0.17.0/arm-zephyr-eabi/bin/../lib/gcc/../../picolibc/arm-zephyr-eabi/lib/thumb/v7-r+fp.sp/hard/libc.a(libc_tinystdio_ryu_log10.c.o)
                0x0000000000002a88                __log10Pow5
 .text.__pow5bits
                0x0000000000002a94       0x10 /home/junpinfoo/zephyr-sdk-0.17.0/arm-zephyr-eabi/bin/../lib/gcc/../../picolibc/arm-zephyr-eabi/lib/thumb/v7-r+fp.sp/hard/libc.a(libc_tinystdio_ryu_pow5bits.c.o)
                0x0000000000002a94                __pow5bits
 .text.__pow5Factor
                0x0000000000002aa4       0x30 /home/junpinfoo/zephyr-sdk-0.17.0/arm-zephyr-eabi/bin/../lib/gcc/../../picolibc/arm-zephyr-eabi/lib/thumb/v7-r+fp.sp/hard/libc.a(libc_tinystdio_ryu_table.c.o)
                0x0000000000002aa4                __pow5Factor
 .text.__double_computePow5
                0x0000000000002ad4       0xe4 /home/junpinfoo/zephyr-sdk-0.17.0/arm-zephyr-eabi/bin/../lib/gcc/../../picolibc/arm-zephyr-eabi/lib/thumb/v7-r+fp.sp/hard/libc.a(libc_tinystdio_ryu_table.c.o)
                0x0000000000002ad4                __double_computePow5
 .text.__double_computeInvPow5
                0x0000000000002bb8       0xf8 /home/junpinfoo/zephyr-sdk-0.17.0/arm-zephyr-eabi/bin/../lib/gcc/../../picolibc/arm-zephyr-eabi/lib/thumb/v7-r+fp.sp/hard/libc.a(libc_tinystdio_ryu_table.c.o)
                0x0000000000002bb8                __double_computeInvPow5
 .text.__libc_fini_array
                0x0000000000002cb0       0x2c /home/junpinfoo/zephyr-sdk-0.17.0/arm-zephyr-eabi/bin/../lib/gcc/../../picolibc/arm-zephyr-eabi/lib/thumb/v7-r+fp.sp/hard/libc.a(libc_misc_fini.c.o)
                0x0000000000002cb0                __libc_fini_array
 .text._OffsetAbsSyms
                0x0000000000002cdc        0x2 CMakeFiles/offsets.dir/arch/arm/core/offsets/offsets.c.obj
                0x0000000000002cdc                _OffsetAbsSyms
 .text.chunk_size
                0x0000000000002cde        0xa libzephyr.a(heap.c.obj)
 .text.free_list_add
                0x0000000000002ce8       0x4e libzephyr.a(heap.c.obj)
 .text.sys_heap_init
                0x0000000000002d36       0x7a libzephyr.a(heap.c.obj)
                0x0000000000002d36                sys_heap_init
 .text.arch_printk_char_out
                0x0000000000002db0        0x4 libzephyr.a(printk.c.obj)
                0x0000000000002db0                arch_printk_char_out
 .text.printk   0x0000000000002db4       0x1a libzephyr.a(printk.c.obj)
                0x0000000000002db4                printk
 .text._ConfigAbsSyms
                0x0000000000002dce        0x2 libzephyr.a(configs.c.obj)
                0x0000000000002dce                _ConfigAbsSyms
 .text.k3_unlock_all_ctrl_partitions
                0x0000000000002dd0        0x2 libzephyr.a(ctrl_partitions.c.obj)
                0x0000000000002dd0                k3_unlock_all_ctrl_partitions
 .text.z_soc_irq_get_active
                0x0000000000002dd2        0x4 libzephyr.a(soc.c.obj)
                0x0000000000002dd2                z_soc_irq_get_active
 .text.z_soc_irq_eoi
                0x0000000000002dd6        0x4 libzephyr.a(soc.c.obj)
                0x0000000000002dd6                z_soc_irq_eoi
 .text.z_soc_irq_init
                0x0000000000002dda        0x4 libzephyr.a(soc.c.obj)
                0x0000000000002dda                z_soc_irq_init
 .text.z_soc_irq_priority_set
                0x0000000000002dde        0x4 libzephyr.a(soc.c.obj)
                0x0000000000002dde                z_soc_irq_priority_set
 .text.z_soc_irq_enable
                0x0000000000002de2        0x4 libzephyr.a(soc.c.obj)
                0x0000000000002de2                z_soc_irq_enable
 .text.soc_early_init_hook
                0x0000000000002de6        0x4 libzephyr.a(soc.c.obj)
                0x0000000000002de6                soc_early_init_hook
 .text.z_arm_fatal_error
                0x0000000000002dea        0x4 arch/arch/arm/core/libarch__arm__core.a(fatal.c.obj)
                0x0000000000002dea                z_arm_fatal_error
 .text.z_do_kernel_oops
                0x0000000000002dee        0x8 arch/arch/arm/core/libarch__arm__core.a(fatal.c.obj)
                0x0000000000002dee                z_do_kernel_oops
 .text.dump_fault.constprop.0
                0x0000000000002df6       0x50 arch/arch/arm/core/cortex_a_r/libarch__arm__core__cortex_a_r.a(fault.c.obj)
 .text.z_arm_fault_undef_instruction
                0x0000000000002e46       0x1e arch/arch/arm/core/cortex_a_r/libarch__arm__core__cortex_a_r.a(fault.c.obj)
                0x0000000000002e46                z_arm_fault_undef_instruction
 .text.z_arm_fault_prefetch
                0x0000000000002e64       0x24 arch/arch/arm/core/cortex_a_r/libarch__arm__core__cortex_a_r.a(fault.c.obj)
                0x0000000000002e64                z_arm_fault_prefetch
 .text.z_arm_fault_data
                0x0000000000002e88       0x24 arch/arch/arm/core/cortex_a_r/libarch__arm__core__cortex_a_r.a(fault.c.obj)
                0x0000000000002e88                z_arm_fault_data
 .text.z_arm_interrupt_init
                0x0000000000002eac        0x4 arch/arch/arm/core/cortex_a_r/libarch__arm__core__cortex_a_r.a(irq_init.c.obj)
                0x0000000000002eac                z_arm_interrupt_init
 .text.relocate_vector_table
                0x0000000000002eb0        0x2 arch/arch/arm/core/cortex_a_r/libarch__arm__core__cortex_a_r.a(reboot.c.obj)
                0x0000000000002eb0                relocate_vector_table
 .text.z_arm_relocate_vector_table
                0x0000000000002eb2        0x8 arch/arch/arm/core/cortex_a_r/libarch__arm__core__cortex_a_r.a(reboot.c.obj)
                0x0000000000002eb2                z_arm_relocate_vector_table
 .text.z_irq_spurious
                0x0000000000002eba        0x8 arch/arch/arm/core/cortex_a_r/libarch__arm__core__cortex_a_r.a(irq_manage.c.obj)
                0x0000000000002eba                z_irq_spurious
 .text.picolibc_put
                0x0000000000002ec2        0xa lib/libc/picolibc/liblib__libc__picolibc.a(stdio.c.obj)
 .text.z_vim_irq_init
                0x0000000000002ecc        0xc drivers/interrupt_controller/libdrivers__interrupt_controller.a(intc_vim.c.obj)
                0x0000000000002ecc                z_vim_irq_init
 .text.gpio_davinci_configure
                0x0000000000002ed8       0x34 drivers/gpio/libdrivers__gpio.a(gpio_davinci.c.obj)
 .text.gpio_davinci_port_get_raw
                0x0000000000002f0c        0xc drivers/gpio/libdrivers__gpio.a(gpio_davinci.c.obj)
 .text.gpio_davinci_port_set_masked_raw
                0x0000000000002f18       0x12 drivers/gpio/libdrivers__gpio.a(gpio_davinci.c.obj)
 .text.gpio_davinci_port_set_bits_raw
                0x0000000000002f2a        0xe drivers/gpio/libdrivers__gpio.a(gpio_davinci.c.obj)
 .text.gpio_davinci_port_clear_bits_raw
                0x0000000000002f38        0xe drivers/gpio/libdrivers__gpio.a(gpio_davinci.c.obj)
 .text.gpio_davinci_port_toggle_bits
                0x0000000000002f46        0xe drivers/gpio/libdrivers__gpio.a(gpio_davinci.c.obj)
 .text.gpio_davinci_bank_0_config
                0x0000000000002f54        0x2 drivers/gpio/libdrivers__gpio.a(gpio_davinci.c.obj)
 .text.gpio_davinci_init
                0x0000000000002f56       0x32 drivers/gpio/libdrivers__gpio.a(gpio_davinci.c.obj)
 .text.pinctrl_lookup_state
                0x0000000000002f88       0x26 drivers/pinctrl/libdrivers__pinctrl.a(common.c.obj)
                0x0000000000002f88                pinctrl_lookup_state
 .text.pinctrl_ti_k3_init
                0x0000000000002fae        0x4 drivers/pinctrl/libdrivers__pinctrl.a(pinctrl_ti_k3.c.obj)
 .text.ns16550_read_char
                0x0000000000002fb2       0x2e drivers/serial/libdrivers__serial.a(uart_ns16550.c.obj)
 .text.uart_ns16550_config_get
                0x0000000000002fe0       0x1a drivers/serial/libdrivers__serial.a(uart_ns16550.c.obj)
 .text.uart_ns16550_poll_in
                0x0000000000002ffa       0x16 drivers/serial/libdrivers__serial.a(uart_ns16550.c.obj)
 .text.uart_ns16550_poll_out
                0x0000000000003010       0x32 drivers/serial/libdrivers__serial.a(uart_ns16550.c.obj)
 .text.uart_ns16550_err_check
                0x0000000000003042       0x26 drivers/serial/libdrivers__serial.a(uart_ns16550.c.obj)
 .text.uart_ns16550_fifo_fill
                0x0000000000003068       0x34 drivers/serial/libdrivers__serial.a(uart_ns16550.c.obj)
 .text.uart_ns16550_fifo_read
                0x000000000000309c       0x3a drivers/serial/libdrivers__serial.a(uart_ns16550.c.obj)
 .text.uart_ns16550_irq_tx_enable
                0x00000000000030d6       0x2a drivers/serial/libdrivers__serial.a(uart_ns16550.c.obj)
 .text.uart_ns16550_irq_tx_disable
                0x0000000000003100       0x28 drivers/serial/libdrivers__serial.a(uart_ns16550.c.obj)
 .text.uart_ns16550_irq_tx_ready
                0x0000000000003128       0x1e drivers/serial/libdrivers__serial.a(uart_ns16550.c.obj)
 .text.uart_ns16550_irq_tx_complete
                0x0000000000003146       0x2e drivers/serial/libdrivers__serial.a(uart_ns16550.c.obj)
 .text.uart_ns16550_irq_rx_enable
                0x0000000000003174       0x2a drivers/serial/libdrivers__serial.a(uart_ns16550.c.obj)
 .text.uart_ns16550_irq_rx_disable
                0x000000000000319e       0x28 drivers/serial/libdrivers__serial.a(uart_ns16550.c.obj)
 .text.uart_ns16550_irq_rx_ready
                0x00000000000031c6       0x1e drivers/serial/libdrivers__serial.a(uart_ns16550.c.obj)
 .text.uart_ns16550_irq_err_enable
                0x00000000000031e4       0x2a drivers/serial/libdrivers__serial.a(uart_ns16550.c.obj)
 .text.uart_ns16550_irq_err_disable
                0x000000000000320e       0x28 drivers/serial/libdrivers__serial.a(uart_ns16550.c.obj)
 .text.uart_ns16550_irq_is_pending
                0x0000000000003236       0x1a drivers/serial/libdrivers__serial.a(uart_ns16550.c.obj)
 .text.uart_ns16550_irq_update
                0x0000000000003250       0x26 drivers/serial/libdrivers__serial.a(uart_ns16550.c.obj)
 .text.uart_ns16550_irq_callback_set
                0x0000000000003276       0x16 drivers/serial/libdrivers__serial.a(uart_ns16550.c.obj)
 .text.uart_ns16550_isr
                0x000000000000328c        0xc drivers/serial/libdrivers__serial.a(uart_ns16550.c.obj)
 .text.uart_ns16550_irq_config_func0
                0x0000000000003298       0x16 drivers/serial/libdrivers__serial.a(uart_ns16550.c.obj)
 .text.uart_ns16550_configure
                0x00000000000032ae      0x1f6 drivers/serial/libdrivers__serial.a(uart_ns16550.c.obj)
 .text.uart_ns16550_init
                0x00000000000034a4       0x1a drivers/serial/libdrivers__serial.a(uart_ns16550.c.obj)
 .text.z_device_state_init
                0x00000000000034be        0x2 kernel/libkernel.a(device.c.obj)
                0x00000000000034be                z_device_state_init
 .text.z_impl_device_is_ready
                0x00000000000034c0       0x16 kernel/libkernel.a(device.c.obj)
                0x00000000000034c0                z_impl_device_is_ready
 .text.arch_system_halt
                0x00000000000034d6        0xc kernel/libkernel.a(fatal.c.obj)
                0x00000000000034d6                arch_system_halt
 .text.k_sys_fatal_error_handler
                0x00000000000034e2        0x6 kernel/libkernel.a(fatal.c.obj)
                0x00000000000034e2                k_sys_fatal_error_handler
 .text.do_device_init
                0x00000000000034e8       0x2e kernel/libkernel.a(init.c.obj)
 .text.z_early_memset
                0x0000000000003516        0x4 kernel/libkernel.a(init.c.obj)
                0x0000000000003516                z_early_memset
 .text.z_init_static
                0x000000000000351a        0x2 kernel/libkernel.a(init_static.c.obj)
                0x000000000000351a                z_init_static
 .text.idle     0x000000000000351c       0x12 kernel/libkernel.a(idle.c.obj)
                0x000000000000351c                idle
 .text.sys_dlist_remove
                0x000000000000352e       0x10 kernel/libkernel.a(sched.c.obj)
 .text.unpend_thread_no_timeout
                0x000000000000353e       0x14 kernel/libkernel.a(sched.c.obj)
 .text.z_ready_thread
                0x0000000000003552       0x16 kernel/libkernel.a(sched.c.obj)
                0x0000000000003552                z_ready_thread
 .text.z_sched_wake_thread
                0x0000000000003568       0x32 kernel/libkernel.a(sched.c.obj)
                0x0000000000003568                z_sched_wake_thread
 .text.z_thread_timeout
                0x000000000000359a        0x8 kernel/libkernel.a(sched.c.obj)
                0x000000000000359a                z_thread_timeout
 .text.z_reschedule_unlocked
                0x00000000000035a2        0xe kernel/libkernel.a(sched.c.obj)
 .text.z_impl_k_thread_abort
                0x00000000000035b0        0x4 kernel/libkernel.a(sched.c.obj)
                0x00000000000035b0                z_impl_k_thread_abort
 .text.next_timeout
                0x00000000000035b4       0x32 kernel/libkernel.a(timeout.c.obj)
 .text.z_abort_timeout
                0x00000000000035e6       0x3a kernel/libkernel.a(timeout.c.obj)
                0x00000000000035e6                z_abort_timeout
 .text.memcpy   0x0000000000003620       0x1c /home/junpinfoo/zephyr-sdk-0.17.0/arm-zephyr-eabi/bin/../lib/gcc/../../picolibc/arm-zephyr-eabi/lib/thumb/v7-r+fp.sp/hard/libc.a(memcpy.c.o)
                0x0000000000003620                memcpy
                0x0000000000003620                __aeabi_memcpy
                0x0000000000003620                __aeabi_memcpy4
                0x0000000000003620                __aeabi_memcpy8
 .text.memset   0x000000000000363c       0x10 /home/junpinfoo/zephyr-sdk-0.17.0/arm-zephyr-eabi/bin/../lib/gcc/../../picolibc/arm-zephyr-eabi/lib/thumb/v7-r+fp.sp/hard/libc.a(memset.c.o)
                0x000000000000363c                memset
 .text.strnlen  0x000000000000364c       0x18 /home/junpinfoo/zephyr-sdk-0.17.0/arm-zephyr-eabi/bin/../lib/gcc/../../picolibc/arm-zephyr-eabi/lib/thumb/v7-r+fp.sp/hard/libc.a(libc_string_strnlen.c.o)
                0x000000000000364c                strnlen
 .text.__ultoa_invert
                0x0000000000003664       0x4e /home/junpinfoo/zephyr-sdk-0.17.0/arm-zephyr-eabi/bin/../lib/gcc/../../picolibc/arm-zephyr-eabi/lib/thumb/v7-r+fp.sp/hard/libc.a(libc_tinystdio_vfprintf.c.o)
 .text.mulShiftAll64
                0x00000000000036b2      0x17a /home/junpinfoo/zephyr-sdk-0.17.0/arm-zephyr-eabi/bin/../lib/gcc/../../picolibc/arm-zephyr-eabi/lib/thumb/v7-r+fp.sp/hard/libc.a(libc_tinystdio_dtoa_ryu.c.o)
 .text.__umul128
                0x000000000000382c       0x36 /home/junpinfoo/zephyr-sdk-0.17.0/arm-zephyr-eabi/bin/../lib/gcc/../../picolibc/arm-zephyr-eabi/lib/thumb/v7-r+fp.sp/hard/libc.a(libc_tinystdio_ryu_umul128.c.o)
                0x000000000000382c                __umul128
 .text.__shiftright128
                0x0000000000003862       0x3e /home/junpinfoo/zephyr-sdk-0.17.0/arm-zephyr-eabi/bin/../lib/gcc/../../picolibc/arm-zephyr-eabi/lib/thumb/v7-r+fp.sp/hard/libc.a(libc_tinystdio_ryu_umul128.c.o)
                0x0000000000003862                __shiftright128
 .text.__dtox_engine
                0x00000000000038a0      0x12e /home/junpinfoo/zephyr-sdk-0.17.0/arm-zephyr-eabi/bin/../lib/gcc/../../picolibc/arm-zephyr-eabi/lib/thumb/v7-r+fp.sp/hard/libc.a(libc_tinystdio_dtox_engine.c.o)
                0x00000000000038a0                __dtox_engine
 *fill*         0x00000000000039ce        0x2 
 .text.__dtox_engine.__stub
                0x00000000000039d0        0x8 linker stubs
 *(SORT_BY_ALIGNMENT(.gnu.linkonce.t.*))
 *(SORT_BY_ALIGNMENT(.glue_7t))
 .glue_7t       0x00000000000039d8        0x0 linker stubs
 *(SORT_BY_ALIGNMENT(.glue_7))
 .glue_7        0x00000000000039d8        0x0 linker stubs
 *(SORT_BY_ALIGNMENT(.vfp11_veneer))
 .vfp11_veneer  0x00000000000039d8        0x0 linker stubs
 *(SORT_BY_ALIGNMENT(.v4_bx))
 .v4_bx         0x00000000000039d8        0x0 linker stubs
                0x00000000000039d8                __text_region_end = .
                0x00000000000039d8                . = ALIGN (_region_min_align)
 *fill*         0x00000000000039d8        0x0 

.ARM.exidx      0x00000000000039d8        0x8
                0x00000000000039d8                __exidx_start = .
 *(SORT_BY_ALIGNMENT(.ARM.exidx*) SORT_BY_ALIGNMENT(gnu.linkonce.armexidx.*))
 .ARM.exidx     0x00000000000039d8        0x8 /home/junpinfoo/zephyr-sdk-0.17.0/arm-zephyr-eabi/bin/../lib/gcc/arm-zephyr-eabi/12.2.0/thumb/v7-r+fp.sp/hard/libgcc.a(_udivmoddi4.o)
                0x00000000000039e0                __exidx_end = .

rodata_start    0x00000000000039e0        0x0
                0x00000000000039e0                . = ALIGN (_region_min_align)
                0x00000000000039e0                __rodata_region_start = .

initlevel       0x00000000000039e0       0x38
                0x00000000000039e0                __init_start = .
                0x00000000000039e0                __init_EARLY_start = .
 *(SORT_BY_NAME(SORT_BY_ALIGNMENT(.z_init_EARLY_P_?_*)))
 *(SORT_BY_NAME(SORT_BY_ALIGNMENT(.z_init_EARLY_P_??_*)))
 *(SORT_BY_NAME(SORT_BY_ALIGNMENT(.z_init_EARLY_P_???_*)))
                0x00000000000039e0                __init_PRE_KERNEL_1_start = .
 *(SORT_BY_NAME(SORT_BY_ALIGNMENT(.z_init_PRE_KERNEL_1_P_?_*)))
 *(SORT_BY_NAME(SORT_BY_ALIGNMENT(.z_init_PRE_KERNEL_1_P_??_*)))
 .z_init_PRE_KERNEL_1_P_40_SUB_00014_
                0x00000000000039e0        0x8 drivers/pinctrl/libdrivers__pinctrl.a(pinctrl_ti_k3.c.obj)
 .z_init_PRE_KERNEL_1_P_50_SUB_00017_
                0x00000000000039e8        0x8 drivers/serial/libdrivers__serial.a(uart_ns16550.c.obj)
 .z_init_PRE_KERNEL_1_P_60_SUB_0_
                0x00000000000039f0        0x8 drivers/console/libdrivers__console.a(uart_console.c.obj)
 *(SORT_BY_NAME(SORT_BY_ALIGNMENT(.z_init_PRE_KERNEL_1_P_???_*)))
                0x00000000000039f8                __init_PRE_KERNEL_2_start = .
 *(SORT_BY_NAME(SORT_BY_ALIGNMENT(.z_init_PRE_KERNEL_2_P_?_*)))
 .z_init_PRE_KERNEL_2_P_0_SUB_00012_
                0x00000000000039f8        0x8 drivers/timer/libdrivers__timer.a(ti_dmtimer.c.obj)
 .z_init_PRE_KERNEL_2_P_0_SUB_0_
                0x0000000000003a00        0x8 drivers/timer/libdrivers__timer.a(ti_dmtimer.c.obj)
 *(SORT_BY_NAME(SORT_BY_ALIGNMENT(.z_init_PRE_KERNEL_2_P_??_*)))
 .z_init_PRE_KERNEL_2_P_40_SUB_00028_
                0x0000000000003a08        0x8 drivers/gpio/libdrivers__gpio.a(gpio_davinci.c.obj)
 *(SORT_BY_NAME(SORT_BY_ALIGNMENT(.z_init_PRE_KERNEL_2_P_???_*)))
                0x0000000000003a10                __init_POST_KERNEL_start = .
 *(SORT_BY_NAME(SORT_BY_ALIGNMENT(.z_init_POST_KERNEL_P_?_*)))
 *(SORT_BY_NAME(SORT_BY_ALIGNMENT(.z_init_POST_KERNEL_P_??_*)))
 .z_init_POST_KERNEL_P_35_SUB_0_
                0x0000000000003a10        0x8 lib/libc/common/liblib__libc__common.a(malloc.c.obj)
 *(SORT_BY_NAME(SORT_BY_ALIGNMENT(.z_init_POST_KERNEL_P_???_*)))
                0x0000000000003a18                __init_APPLICATION_start = .
 *(SORT_BY_NAME(SORT_BY_ALIGNMENT(.z_init_APPLICATION_P_?_*)))
 *(SORT_BY_NAME(SORT_BY_ALIGNMENT(.z_init_APPLICATION_P_??_*)))
 *(SORT_BY_NAME(SORT_BY_ALIGNMENT(.z_init_APPLICATION_P_???_*)))
                0x0000000000003a18                __init_SMP_start = .
 *(SORT_BY_NAME(SORT_BY_ALIGNMENT(.z_init_SMP_P_?_*)))
 *(SORT_BY_NAME(SORT_BY_ALIGNMENT(.z_init_SMP_P_??_*)))
 *(SORT_BY_NAME(SORT_BY_ALIGNMENT(.z_init_SMP_P_???_*)))
                0x0000000000003a18                __init_end = .

device_area     0x0000000000003a18       0x80
                0x0000000000003a18                _device_list_start = .
 *(SORT_BY_NAME(SORT_BY_ALIGNMENT(._device.static.*_?_*)))
 ._device.static.2_0_
                0x0000000000003a18       0x20 drivers/timer/libdrivers__timer.a(ti_dmtimer.c.obj)
                0x0000000000003a18                __device_dts_ord_12
 *(SORT_BY_NAME(SORT_BY_ALIGNMENT(._device.static.*_??_*)))
 ._device.static.1_40_
                0x0000000000003a38       0x20 drivers/pinctrl/libdrivers__pinctrl.a(pinctrl_ti_k3.c.obj)
                0x0000000000003a38                __device_dts_ord_14
 ._device.static.1_50_
                0x0000000000003a58       0x20 drivers/serial/libdrivers__serial.a(uart_ns16550.c.obj)
                0x0000000000003a58                __device_dts_ord_17
 ._device.static.2_40_
                0x0000000000003a78       0x20 drivers/gpio/libdrivers__gpio.a(gpio_davinci.c.obj)
                0x0000000000003a78                __device_dts_ord_28
 *(SORT_BY_NAME(SORT_BY_ALIGNMENT(._device.static.*_???_*)))
 *(SORT_BY_NAME(SORT_BY_ALIGNMENT(._device.static.*_????_*)))
 *(SORT_BY_NAME(SORT_BY_ALIGNMENT(._device.static.*_?????_*)))
                0x0000000000003a98                _device_list_end = .

sw_isr_table    0x0000000000003a98     0x1000
                0x0000000000003a98                . = ALIGN (0x4)
 *(SORT_BY_ALIGNMENT(.gnu.linkonce.sw_isr_table*))
 .gnu.linkonce.sw_isr_table
                0x0000000000003a98     0x1000 CMakeFiles/zephyr_final.dir/isr_tables.c.obj
                0x0000000000003a98                _sw_isr_table

initlevel_error
                0x0000000000000000        0x0
 *(SORT_BY_NAME(SORT_BY_ALIGNMENT(.z_init_*)))
                0x0000000000000001                ASSERT ((SIZEOF (initlevel_error) == 0x0), Undefined initialization levels used.)

app_shmem_regions
                0x0000000000004a98        0x0
                0x0000000000004a98                __app_shmem_regions_start = .
 *(SORT_BY_NAME(SORT_BY_ALIGNMENT(.app_regions.*)))
                0x0000000000004a98                __app_shmem_regions_end = .

k_p4wq_initparam_area
                0x0000000000004a98        0x0
                0x0000000000004a98                _k_p4wq_initparam_list_start = .
 *(SORT_BY_NAME(SORT_BY_ALIGNMENT(._k_p4wq_initparam.static.*)))
                0x0000000000004a98                _k_p4wq_initparam_list_end = .

_static_thread_data_area
                0x0000000000004a98        0x0
                0x0000000000004a98                __static_thread_data_list_start = .
 *(SORT_BY_NAME(SORT_BY_ALIGNMENT(.__static_thread_data.static.*)))
                0x0000000000004a98                __static_thread_data_list_end = .

device_deps     0x0000000000004a98        0x0
                0x0000000000004a98                __device_deps_start = .
 *(SORT_BY_NAME(SORT_BY_ALIGNMENT(.__device_deps_pass2*)))
                0x0000000000004a98                __device_deps_end = .

gpio_driver_api_area
                0x0000000000004a98       0x24
                0x0000000000004a98                _gpio_driver_api_list_start = .
 *(SORT_BY_NAME(SORT_BY_ALIGNMENT(._gpio_driver_api.static.*)))
 ._gpio_driver_api.static.gpio_davinci_driver_api_
                0x0000000000004a98       0x24 drivers/gpio/libdrivers__gpio.a(gpio_davinci.c.obj)
                0x0000000000004abc                _gpio_driver_api_list_end = .

shared_irq_driver_api_area
                0x0000000000004abc        0x0
                0x0000000000004abc                _shared_irq_driver_api_list_start = .
 *(SORT_BY_NAME(SORT_BY_ALIGNMENT(._shared_irq_driver_api.static.*)))
                0x0000000000004abc                _shared_irq_driver_api_list_end = .

crypto_driver_api_area
                0x0000000000004abc        0x0
                0x0000000000004abc                _crypto_driver_api_list_start = .
 *(SORT_BY_NAME(SORT_BY_ALIGNMENT(._crypto_driver_api.static.*)))
                0x0000000000004abc                _crypto_driver_api_list_end = .

adc_driver_api_area
                0x0000000000004abc        0x0
                0x0000000000004abc                _adc_driver_api_list_start = .
 *(SORT_BY_NAME(SORT_BY_ALIGNMENT(._adc_driver_api.static.*)))
                0x0000000000004abc                _adc_driver_api_list_end = .

auxdisplay_driver_api_area
                0x0000000000004abc        0x0
                0x0000000000004abc                _auxdisplay_driver_api_list_start = .
 *(SORT_BY_NAME(SORT_BY_ALIGNMENT(._auxdisplay_driver_api.static.*)))
                0x0000000000004abc                _auxdisplay_driver_api_list_end = .

bbram_driver_api_area
                0x0000000000004abc        0x0
                0x0000000000004abc                _bbram_driver_api_list_start = .
 *(SORT_BY_NAME(SORT_BY_ALIGNMENT(._bbram_driver_api.static.*)))
                0x0000000000004abc                _bbram_driver_api_list_end = .

bt_hci_driver_api_area
                0x0000000000004abc        0x0
                0x0000000000004abc                _bt_hci_driver_api_list_start = .
 *(SORT_BY_NAME(SORT_BY_ALIGNMENT(._bt_hci_driver_api.static.*)))
                0x0000000000004abc                _bt_hci_driver_api_list_end = .

can_driver_api_area
                0x0000000000004abc        0x0
                0x0000000000004abc                _can_driver_api_list_start = .
 *(SORT_BY_NAME(SORT_BY_ALIGNMENT(._can_driver_api.static.*)))
                0x0000000000004abc                _can_driver_api_list_end = .

cellular_driver_api_area
                0x0000000000004abc        0x0
                0x0000000000004abc                _cellular_driver_api_list_start = .
 *(SORT_BY_NAME(SORT_BY_ALIGNMENT(._cellular_driver_api.static.*)))
                0x0000000000004abc                _cellular_driver_api_list_end = .

charger_driver_api_area
                0x0000000000004abc        0x0
                0x0000000000004abc                _charger_driver_api_list_start = .
 *(SORT_BY_NAME(SORT_BY_ALIGNMENT(._charger_driver_api.static.*)))
                0x0000000000004abc                _charger_driver_api_list_end = .

clock_control_driver_api_area
                0x0000000000004abc        0x0
                0x0000000000004abc                _clock_control_driver_api_list_start = .
 *(SORT_BY_NAME(SORT_BY_ALIGNMENT(._clock_control_driver_api.static.*)))
                0x0000000000004abc                _clock_control_driver_api_list_end = .

comparator_driver_api_area
                0x0000000000004abc        0x0
                0x0000000000004abc                _comparator_driver_api_list_start = .
 *(SORT_BY_NAME(SORT_BY_ALIGNMENT(._comparator_driver_api.static.*)))
                0x0000000000004abc                _comparator_driver_api_list_end = .

coredump_driver_api_area
                0x0000000000004abc        0x0
                0x0000000000004abc                _coredump_driver_api_list_start = .
 *(SORT_BY_NAME(SORT_BY_ALIGNMENT(._coredump_driver_api.static.*)))
                0x0000000000004abc                _coredump_driver_api_list_end = .

counter_driver_api_area
                0x0000000000004abc        0x0
                0x0000000000004abc                _counter_driver_api_list_start = .
 *(SORT_BY_NAME(SORT_BY_ALIGNMENT(._counter_driver_api.static.*)))
                0x0000000000004abc                _counter_driver_api_list_end = .

dac_driver_api_area
                0x0000000000004abc        0x0
                0x0000000000004abc                _dac_driver_api_list_start = .
 *(SORT_BY_NAME(SORT_BY_ALIGNMENT(._dac_driver_api.static.*)))
                0x0000000000004abc                _dac_driver_api_list_end = .

dai_driver_api_area
                0x0000000000004abc        0x0
                0x0000000000004abc                _dai_driver_api_list_start = .
 *(SORT_BY_NAME(SORT_BY_ALIGNMENT(._dai_driver_api.static.*)))
                0x0000000000004abc                _dai_driver_api_list_end = .

display_driver_api_area
                0x0000000000004abc        0x0
                0x0000000000004abc                _display_driver_api_list_start = .
 *(SORT_BY_NAME(SORT_BY_ALIGNMENT(._display_driver_api.static.*)))
                0x0000000000004abc                _display_driver_api_list_end = .

dma_driver_api_area
                0x0000000000004abc        0x0
                0x0000000000004abc                _dma_driver_api_list_start = .
 *(SORT_BY_NAME(SORT_BY_ALIGNMENT(._dma_driver_api.static.*)))
                0x0000000000004abc                _dma_driver_api_list_end = .

edac_driver_api_area
                0x0000000000004abc        0x0
                0x0000000000004abc                _edac_driver_api_list_start = .
 *(SORT_BY_NAME(SORT_BY_ALIGNMENT(._edac_driver_api.static.*)))
                0x0000000000004abc                _edac_driver_api_list_end = .

eeprom_driver_api_area
                0x0000000000004abc        0x0
                0x0000000000004abc                _eeprom_driver_api_list_start = .
 *(SORT_BY_NAME(SORT_BY_ALIGNMENT(._eeprom_driver_api.static.*)))
                0x0000000000004abc                _eeprom_driver_api_list_end = .

emul_bbram_driver_api_area
                0x0000000000004abc        0x0
                0x0000000000004abc                _emul_bbram_driver_api_list_start = .
 *(SORT_BY_NAME(SORT_BY_ALIGNMENT(._emul_bbram_driver_api.static.*)))
                0x0000000000004abc                _emul_bbram_driver_api_list_end = .

fuel_gauge_emul_driver_api_area
                0x0000000000004abc        0x0
                0x0000000000004abc                _fuel_gauge_emul_driver_api_list_start = .
 *(SORT_BY_NAME(SORT_BY_ALIGNMENT(._fuel_gauge_emul_driver_api.static.*)))
                0x0000000000004abc                _fuel_gauge_emul_driver_api_list_end = .

emul_sensor_driver_api_area
                0x0000000000004abc        0x0
                0x0000000000004abc                _emul_sensor_driver_api_list_start = .
 *(SORT_BY_NAME(SORT_BY_ALIGNMENT(._emul_sensor_driver_api.static.*)))
                0x0000000000004abc                _emul_sensor_driver_api_list_end = .

entropy_driver_api_area
                0x0000000000004abc        0x0
                0x0000000000004abc                _entropy_driver_api_list_start = .
 *(SORT_BY_NAME(SORT_BY_ALIGNMENT(._entropy_driver_api.static.*)))
                0x0000000000004abc                _entropy_driver_api_list_end = .

espi_driver_api_area
                0x0000000000004abc        0x0
                0x0000000000004abc                _espi_driver_api_list_start = .
 *(SORT_BY_NAME(SORT_BY_ALIGNMENT(._espi_driver_api.static.*)))
                0x0000000000004abc                _espi_driver_api_list_end = .

espi_saf_driver_api_area
                0x0000000000004abc        0x0
                0x0000000000004abc                _espi_saf_driver_api_list_start = .
 *(SORT_BY_NAME(SORT_BY_ALIGNMENT(._espi_saf_driver_api.static.*)))
                0x0000000000004abc                _espi_saf_driver_api_list_end = .

flash_driver_api_area
                0x0000000000004abc        0x0
                0x0000000000004abc                _flash_driver_api_list_start = .
 *(SORT_BY_NAME(SORT_BY_ALIGNMENT(._flash_driver_api.static.*)))
                0x0000000000004abc                _flash_driver_api_list_end = .

fpga_driver_api_area
                0x0000000000004abc        0x0
                0x0000000000004abc                _fpga_driver_api_list_start = .
 *(SORT_BY_NAME(SORT_BY_ALIGNMENT(._fpga_driver_api.static.*)))
                0x0000000000004abc                _fpga_driver_api_list_end = .

fuel_gauge_driver_api_area
                0x0000000000004abc        0x0
                0x0000000000004abc                _fuel_gauge_driver_api_list_start = .
 *(SORT_BY_NAME(SORT_BY_ALIGNMENT(._fuel_gauge_driver_api.static.*)))
                0x0000000000004abc                _fuel_gauge_driver_api_list_end = .

gnss_driver_api_area
                0x0000000000004abc        0x0
                0x0000000000004abc                _gnss_driver_api_list_start = .
 *(SORT_BY_NAME(SORT_BY_ALIGNMENT(._gnss_driver_api.static.*)))
                0x0000000000004abc                _gnss_driver_api_list_end = .

haptics_driver_api_area
                0x0000000000004abc        0x0
                0x0000000000004abc                _haptics_driver_api_list_start = .
 *(SORT_BY_NAME(SORT_BY_ALIGNMENT(._haptics_driver_api.static.*)))
                0x0000000000004abc                _haptics_driver_api_list_end = .

hwspinlock_driver_api_area
                0x0000000000004abc        0x0
                0x0000000000004abc                _hwspinlock_driver_api_list_start = .
 *(SORT_BY_NAME(SORT_BY_ALIGNMENT(._hwspinlock_driver_api.static.*)))
                0x0000000000004abc                _hwspinlock_driver_api_list_end = .

i2c_driver_api_area
                0x0000000000004abc        0x0
                0x0000000000004abc                _i2c_driver_api_list_start = .
 *(SORT_BY_NAME(SORT_BY_ALIGNMENT(._i2c_driver_api.static.*)))
                0x0000000000004abc                _i2c_driver_api_list_end = .

i2c_target_driver_api_area
                0x0000000000004abc        0x0
                0x0000000000004abc                _i2c_target_driver_api_list_start = .
 *(SORT_BY_NAME(SORT_BY_ALIGNMENT(._i2c_target_driver_api.static.*)))
                0x0000000000004abc                _i2c_target_driver_api_list_end = .

i2s_driver_api_area
                0x0000000000004abc        0x0
                0x0000000000004abc                _i2s_driver_api_list_start = .
 *(SORT_BY_NAME(SORT_BY_ALIGNMENT(._i2s_driver_api.static.*)))
                0x0000000000004abc                _i2s_driver_api_list_end = .

i3c_driver_api_area
                0x0000000000004abc        0x0
                0x0000000000004abc                _i3c_driver_api_list_start = .
 *(SORT_BY_NAME(SORT_BY_ALIGNMENT(._i3c_driver_api.static.*)))
                0x0000000000004abc                _i3c_driver_api_list_end = .

ipm_driver_api_area
                0x0000000000004abc        0x0
                0x0000000000004abc                _ipm_driver_api_list_start = .
 *(SORT_BY_NAME(SORT_BY_ALIGNMENT(._ipm_driver_api.static.*)))
                0x0000000000004abc                _ipm_driver_api_list_end = .

led_driver_api_area
                0x0000000000004abc        0x0
                0x0000000000004abc                _led_driver_api_list_start = .
 *(SORT_BY_NAME(SORT_BY_ALIGNMENT(._led_driver_api.static.*)))
                0x0000000000004abc                _led_driver_api_list_end = .

led_strip_driver_api_area
                0x0000000000004abc        0x0
                0x0000000000004abc                _led_strip_driver_api_list_start = .
 *(SORT_BY_NAME(SORT_BY_ALIGNMENT(._led_strip_driver_api.static.*)))
                0x0000000000004abc                _led_strip_driver_api_list_end = .

lora_driver_api_area
                0x0000000000004abc        0x0
                0x0000000000004abc                _lora_driver_api_list_start = .
 *(SORT_BY_NAME(SORT_BY_ALIGNMENT(._lora_driver_api.static.*)))
                0x0000000000004abc                _lora_driver_api_list_end = .

mbox_driver_api_area
                0x0000000000004abc        0x0
                0x0000000000004abc                _mbox_driver_api_list_start = .
 *(SORT_BY_NAME(SORT_BY_ALIGNMENT(._mbox_driver_api.static.*)))
                0x0000000000004abc                _mbox_driver_api_list_end = .

mdio_driver_api_area
                0x0000000000004abc        0x0
                0x0000000000004abc                _mdio_driver_api_list_start = .
 *(SORT_BY_NAME(SORT_BY_ALIGNMENT(._mdio_driver_api.static.*)))
                0x0000000000004abc                _mdio_driver_api_list_end = .

mipi_dbi_driver_api_area
                0x0000000000004abc        0x0
                0x0000000000004abc                _mipi_dbi_driver_api_list_start = .
 *(SORT_BY_NAME(SORT_BY_ALIGNMENT(._mipi_dbi_driver_api.static.*)))
                0x0000000000004abc                _mipi_dbi_driver_api_list_end = .

mipi_dsi_driver_api_area
                0x0000000000004abc        0x0
                0x0000000000004abc                _mipi_dsi_driver_api_list_start = .
 *(SORT_BY_NAME(SORT_BY_ALIGNMENT(._mipi_dsi_driver_api.static.*)))
                0x0000000000004abc                _mipi_dsi_driver_api_list_end = .

mspi_driver_api_area
                0x0000000000004abc        0x0
                0x0000000000004abc                _mspi_driver_api_list_start = .
 *(SORT_BY_NAME(SORT_BY_ALIGNMENT(._mspi_driver_api.static.*)))
                0x0000000000004abc                _mspi_driver_api_list_end = .

peci_driver_api_area
                0x0000000000004abc        0x0
                0x0000000000004abc                _peci_driver_api_list_start = .
 *(SORT_BY_NAME(SORT_BY_ALIGNMENT(._peci_driver_api.static.*)))
                0x0000000000004abc                _peci_driver_api_list_end = .

ps2_driver_api_area
                0x0000000000004abc        0x0
                0x0000000000004abc                _ps2_driver_api_list_start = .
 *(SORT_BY_NAME(SORT_BY_ALIGNMENT(._ps2_driver_api.static.*)))
                0x0000000000004abc                _ps2_driver_api_list_end = .

ptp_clock_driver_api_area
                0x0000000000004abc        0x0
                0x0000000000004abc                _ptp_clock_driver_api_list_start = .
 *(SORT_BY_NAME(SORT_BY_ALIGNMENT(._ptp_clock_driver_api.static.*)))
                0x0000000000004abc                _ptp_clock_driver_api_list_end = .

pwm_driver_api_area
                0x0000000000004abc        0x0
                0x0000000000004abc                _pwm_driver_api_list_start = .
 *(SORT_BY_NAME(SORT_BY_ALIGNMENT(._pwm_driver_api.static.*)))
                0x0000000000004abc                _pwm_driver_api_list_end = .

regulator_parent_driver_api_area
                0x0000000000004abc        0x0
                0x0000000000004abc                _regulator_parent_driver_api_list_start = .
 *(SORT_BY_NAME(SORT_BY_ALIGNMENT(._regulator_parent_driver_api.static.*)))
                0x0000000000004abc                _regulator_parent_driver_api_list_end = .

regulator_driver_api_area
                0x0000000000004abc        0x0
                0x0000000000004abc                _regulator_driver_api_list_start = .
 *(SORT_BY_NAME(SORT_BY_ALIGNMENT(._regulator_driver_api.static.*)))
                0x0000000000004abc                _regulator_driver_api_list_end = .

reset_driver_api_area
                0x0000000000004abc        0x0
                0x0000000000004abc                _reset_driver_api_list_start = .
 *(SORT_BY_NAME(SORT_BY_ALIGNMENT(._reset_driver_api.static.*)))
                0x0000000000004abc                _reset_driver_api_list_end = .

retained_mem_driver_api_area
                0x0000000000004abc        0x0
                0x0000000000004abc                _retained_mem_driver_api_list_start = .
 *(SORT_BY_NAME(SORT_BY_ALIGNMENT(._retained_mem_driver_api.static.*)))
                0x0000000000004abc                _retained_mem_driver_api_list_end = .

rtc_driver_api_area
                0x0000000000004abc        0x0
                0x0000000000004abc                _rtc_driver_api_list_start = .
 *(SORT_BY_NAME(SORT_BY_ALIGNMENT(._rtc_driver_api.static.*)))
                0x0000000000004abc                _rtc_driver_api_list_end = .

sdhc_driver_api_area
                0x0000000000004abc        0x0
                0x0000000000004abc                _sdhc_driver_api_list_start = .
 *(SORT_BY_NAME(SORT_BY_ALIGNMENT(._sdhc_driver_api.static.*)))
                0x0000000000004abc                _sdhc_driver_api_list_end = .

sensor_driver_api_area
                0x0000000000004abc        0x0
                0x0000000000004abc                _sensor_driver_api_list_start = .
 *(SORT_BY_NAME(SORT_BY_ALIGNMENT(._sensor_driver_api.static.*)))
                0x0000000000004abc                _sensor_driver_api_list_end = .

smbus_driver_api_area
                0x0000000000004abc        0x0
                0x0000000000004abc                _smbus_driver_api_list_start = .
 *(SORT_BY_NAME(SORT_BY_ALIGNMENT(._smbus_driver_api.static.*)))
                0x0000000000004abc                _smbus_driver_api_list_end = .

spi_driver_api_area
                0x0000000000004abc        0x0
                0x0000000000004abc                _spi_driver_api_list_start = .
 *(SORT_BY_NAME(SORT_BY_ALIGNMENT(._spi_driver_api.static.*)))
                0x0000000000004abc                _spi_driver_api_list_end = .

stepper_driver_api_area
                0x0000000000004abc        0x0
                0x0000000000004abc                _stepper_driver_api_list_start = .
 *(SORT_BY_NAME(SORT_BY_ALIGNMENT(._stepper_driver_api.static.*)))
                0x0000000000004abc                _stepper_driver_api_list_end = .

syscon_driver_api_area
                0x0000000000004abc        0x0
                0x0000000000004abc                _syscon_driver_api_list_start = .
 *(SORT_BY_NAME(SORT_BY_ALIGNMENT(._syscon_driver_api.static.*)))
                0x0000000000004abc                _syscon_driver_api_list_end = .

tee_driver_api_area
                0x0000000000004abc        0x0
                0x0000000000004abc                _tee_driver_api_list_start = .
 *(SORT_BY_NAME(SORT_BY_ALIGNMENT(._tee_driver_api.static.*)))
                0x0000000000004abc                _tee_driver_api_list_end = .

video_driver_api_area
                0x0000000000004abc        0x0
                0x0000000000004abc                _video_driver_api_list_start = .
 *(SORT_BY_NAME(SORT_BY_ALIGNMENT(._video_driver_api.static.*)))
                0x0000000000004abc                _video_driver_api_list_end = .

w1_driver_api_area
                0x0000000000004abc        0x0
                0x0000000000004abc                _w1_driver_api_list_start = .
 *(SORT_BY_NAME(SORT_BY_ALIGNMENT(._w1_driver_api.static.*)))
                0x0000000000004abc                _w1_driver_api_list_end = .

wdt_driver_api_area
                0x0000000000004abc        0x0
                0x0000000000004abc                _wdt_driver_api_list_start = .
 *(SORT_BY_NAME(SORT_BY_ALIGNMENT(._wdt_driver_api.static.*)))
                0x0000000000004abc                _wdt_driver_api_list_end = .

can_transceiver_driver_api_area
                0x0000000000004abc        0x0
                0x0000000000004abc                _can_transceiver_driver_api_list_start = .
 *(SORT_BY_NAME(SORT_BY_ALIGNMENT(._can_transceiver_driver_api.static.*)))
                0x0000000000004abc                _can_transceiver_driver_api_list_end = .

nrf_clock_control_driver_api_area
                0x0000000000004abc        0x0
                0x0000000000004abc                _nrf_clock_control_driver_api_list_start = .
 *(SORT_BY_NAME(SORT_BY_ALIGNMENT(._nrf_clock_control_driver_api.static.*)))
                0x0000000000004abc                _nrf_clock_control_driver_api_list_end = .

i3c_target_driver_api_area
                0x0000000000004abc        0x0
                0x0000000000004abc                _i3c_target_driver_api_list_start = .
 *(SORT_BY_NAME(SORT_BY_ALIGNMENT(._i3c_target_driver_api.static.*)))
                0x0000000000004abc                _i3c_target_driver_api_list_end = .

its_driver_api_area
                0x0000000000004abc        0x0
                0x0000000000004abc                _its_driver_api_list_start = .
 *(SORT_BY_NAME(SORT_BY_ALIGNMENT(._its_driver_api.static.*)))
                0x0000000000004abc                _its_driver_api_list_end = .

vtd_driver_api_area
                0x0000000000004abc        0x0
                0x0000000000004abc                _vtd_driver_api_list_start = .
 *(SORT_BY_NAME(SORT_BY_ALIGNMENT(._vtd_driver_api.static.*)))
                0x0000000000004abc                _vtd_driver_api_list_end = .

tgpio_driver_api_area
                0x0000000000004abc        0x0
                0x0000000000004abc                _tgpio_driver_api_list_start = .
 *(SORT_BY_NAME(SORT_BY_ALIGNMENT(._tgpio_driver_api.static.*)))
                0x0000000000004abc                _tgpio_driver_api_list_end = .

pcie_ctrl_driver_api_area
                0x0000000000004abc        0x0
                0x0000000000004abc                _pcie_ctrl_driver_api_list_start = .
 *(SORT_BY_NAME(SORT_BY_ALIGNMENT(._pcie_ctrl_driver_api.static.*)))
                0x0000000000004abc                _pcie_ctrl_driver_api_list_end = .

pcie_ep_driver_api_area
                0x0000000000004abc        0x0
                0x0000000000004abc                _pcie_ep_driver_api_list_start = .
 *(SORT_BY_NAME(SORT_BY_ALIGNMENT(._pcie_ep_driver_api.static.*)))
                0x0000000000004abc                _pcie_ep_driver_api_list_end = .

svc_driver_api_area
                0x0000000000004abc        0x0
                0x0000000000004abc                _svc_driver_api_list_start = .
 *(SORT_BY_NAME(SORT_BY_ALIGNMENT(._svc_driver_api.static.*)))
                0x0000000000004abc                _svc_driver_api_list_end = .

uart_driver_api_area
                0x0000000000004abc       0x4c
                0x0000000000004abc                _uart_driver_api_list_start = .
 *(SORT_BY_NAME(SORT_BY_ALIGNMENT(._uart_driver_api.static.*)))
 ._uart_driver_api.static.uart_ns16550_driver_api_
                0x0000000000004abc       0x4c drivers/serial/libdrivers__serial.a(uart_ns16550.c.obj)
                0x0000000000004b08                _uart_driver_api_list_end = .

bc12_emul_driver_api_area
                0x0000000000004b08        0x0
                0x0000000000004b08                _bc12_emul_driver_api_list_start = .
 *(SORT_BY_NAME(SORT_BY_ALIGNMENT(._bc12_emul_driver_api.static.*)))
                0x0000000000004b08                _bc12_emul_driver_api_list_end = .

bc12_driver_api_area
                0x0000000000004b08        0x0
                0x0000000000004b08                _bc12_driver_api_list_start = .
 *(SORT_BY_NAME(SORT_BY_ALIGNMENT(._bc12_driver_api.static.*)))
                0x0000000000004b08                _bc12_driver_api_list_end = .

usbc_ppc_driver_api_area
                0x0000000000004b08        0x0
                0x0000000000004b08                _usbc_ppc_driver_api_list_start = .
 *(SORT_BY_NAME(SORT_BY_ALIGNMENT(._usbc_ppc_driver_api.static.*)))
                0x0000000000004b08                _usbc_ppc_driver_api_list_end = .

tcpc_driver_api_area
                0x0000000000004b08        0x0
                0x0000000000004b08                _tcpc_driver_api_list_start = .
 *(SORT_BY_NAME(SORT_BY_ALIGNMENT(._tcpc_driver_api.static.*)))
                0x0000000000004b08                _tcpc_driver_api_list_end = .

usbc_vbus_driver_api_area
                0x0000000000004b08        0x0
                0x0000000000004b08                _usbc_vbus_driver_api_list_start = .
 *(SORT_BY_NAME(SORT_BY_ALIGNMENT(._usbc_vbus_driver_api.static.*)))
                0x0000000000004b08                _usbc_vbus_driver_api_list_end = .

ivshmem_driver_api_area
                0x0000000000004b08        0x0
                0x0000000000004b08                _ivshmem_driver_api_list_start = .
 *(SORT_BY_NAME(SORT_BY_ALIGNMENT(._ivshmem_driver_api.static.*)))
                0x0000000000004b08                _ivshmem_driver_api_list_end = .

ethphy_driver_api_area
                0x0000000000004b08        0x0
                0x0000000000004b08                _ethphy_driver_api_list_start = .
 *(SORT_BY_NAME(SORT_BY_ALIGNMENT(._ethphy_driver_api.static.*)))
                0x0000000000004b08                _ethphy_driver_api_list_end = .

ztest           0x0000000000004b08        0x0
                0x0000000000004b08                _ztest_expected_result_entry_list_start = .
 *(SORT_BY_NAME(SORT_BY_ALIGNMENT(._ztest_expected_result_entry.static.*)))
                0x0000000000004b08                _ztest_expected_result_entry_list_end = .
                0x0000000000004b08                _ztest_suite_node_list_start = .
 *(SORT_BY_NAME(SORT_BY_ALIGNMENT(._ztest_suite_node.static.*)))
                0x0000000000004b08                _ztest_suite_node_list_end = .
                0x0000000000004b08                _ztest_unit_test_list_start = .
 *(SORT_BY_NAME(SORT_BY_ALIGNMENT(._ztest_unit_test.static.*)))
                0x0000000000004b08                _ztest_unit_test_list_end = .
                0x0000000000004b08                _ztest_test_rule_list_start = .
 *(SORT_BY_NAME(SORT_BY_ALIGNMENT(._ztest_test_rule.static.*)))
                0x0000000000004b08                _ztest_test_rule_list_end = .

init_array      0x0000000000004b08        0x0
 *(SORT_BY_NAME(SORT_BY_ALIGNMENT(.ctors*)))
 *(SORT_BY_NAME(SORT_BY_ALIGNMENT(.init_array*)))
                0x0000000000000001                ASSERT ((SIZEOF (init_array) == 0x0), GNU-style constructors required but STATIC_INIT_GNU not enabled)

bt_l2cap_fixed_chan_area
                0x0000000000004b08        0x0
                0x0000000000004b08                _bt_l2cap_fixed_chan_list_start = .
 *(SORT_BY_NAME(SORT_BY_ALIGNMENT(._bt_l2cap_fixed_chan.static.*)))
                0x0000000000004b08                _bt_l2cap_fixed_chan_list_end = .

bt_gatt_service_static_area
                0x0000000000004b08        0x0
                0x0000000000004b08                _bt_gatt_service_static_list_start = .
 *(SORT_BY_NAME(SORT_BY_ALIGNMENT(._bt_gatt_service_static.static.*)))
                0x0000000000004b08                _bt_gatt_service_static_list_end = .

log_strings_area
                0x0000000000004b08        0x0
                0x0000000000004b08                _log_strings_list_start = .
 *(SORT_BY_NAME(SORT_BY_ALIGNMENT(._log_strings.static.*)))
                0x0000000000004b08                _log_strings_list_end = .

log_stmesp_ptr_area
                0x0000000000004b08        0x0
                0x0000000000004b08                _log_stmesp_ptr_list_start = .
 *(SORT_BY_NAME(SORT_BY_ALIGNMENT(._log_stmesp_ptr.static.*)))
                0x0000000000004b08                _log_stmesp_ptr_list_end = .

log_stmesp_str_area
                0x0000000000004b08        0x0
                0x0000000000004b08                _log_stmesp_str_list_start = .
 *(SORT_BY_NAME(SORT_BY_ALIGNMENT(._log_stmesp_str.static.*)))
                0x0000000000004b08                _log_stmesp_str_list_end = .

log_const_area  0x0000000000004b08        0x0
                0x0000000000004b08                _log_const_list_start = .
 *(SORT_BY_NAME(SORT_BY_ALIGNMENT(._log_const.static.*)))
                0x0000000000004b08                _log_const_list_end = .

log_backend_area
                0x0000000000004b08        0x0
                0x0000000000004b08                _log_backend_list_start = .
 *(SORT_BY_NAME(SORT_BY_ALIGNMENT(._log_backend.static.*)))
                0x0000000000004b08                _log_backend_list_end = .

log_link_area   0x0000000000004b08        0x0
                0x0000000000004b08                _log_link_list_start = .
 *(SORT_BY_NAME(SORT_BY_ALIGNMENT(._log_link.static.*)))
                0x0000000000004b08                _log_link_list_end = .

tracing_backend_area
                0x0000000000004b08        0x0
                0x0000000000004b08                _tracing_backend_list_start = .
 *(SORT_BY_NAME(SORT_BY_ALIGNMENT(._tracing_backend.static.*)))
                0x0000000000004b08                _tracing_backend_list_end = .

zephyr_dbg_info
 *(SORT_BY_ALIGNMENT(.dbg_thread_info))

intc_table_area
                0x0000000000004b08        0x0
                0x0000000000004b08                _intc_table_list_start = .
 *(SORT_BY_NAME(SORT_BY_ALIGNMENT(._intc_table.static.*)))
                0x0000000000004b08                _intc_table_list_end = .

symbol_to_keep  0x0000000000004b08        0x0
                0x0000000000004b08                __symbol_to_keep_start = .
 *(SORT_BY_NAME(SORT_BY_ALIGNMENT(.symbol_to_keep*)))
                0x0000000000004b08                __symbol_to_keep_end = .

shell_area      0x0000000000004b08        0x0
                0x0000000000004b08                _shell_list_start = .
 *(SORT_BY_NAME(SORT_BY_ALIGNMENT(._shell.static.*)))
                0x0000000000004b08                _shell_list_end = .

shell_root_cmds_area
                0x0000000000004b08        0x0
                0x0000000000004b08                _shell_root_cmds_list_start = .
 *(SORT_BY_NAME(SORT_BY_ALIGNMENT(._shell_root_cmds.static.*)))
                0x0000000000004b08                _shell_root_cmds_list_end = .

shell_subcmds_area
                0x0000000000004b08        0x0
                0x0000000000004b08                _shell_subcmds_list_start = .
 *(SORT_BY_NAME(SORT_BY_ALIGNMENT(._shell_subcmds.static.*)))
                0x0000000000004b08                _shell_subcmds_list_end = .

shell_dynamic_subcmds_area
                0x0000000000004b08        0x0
                0x0000000000004b08                _shell_dynamic_subcmds_list_start = .
 *(SORT_BY_NAME(SORT_BY_ALIGNMENT(._shell_dynamic_subcmds.static.*)))
                0x0000000000004b08                _shell_dynamic_subcmds_list_end = .

cfb_font_area   0x0000000000004b08        0x0
                0x0000000000004b08                _cfb_font_list_start = .
 *(SORT_BY_NAME(SORT_BY_ALIGNMENT(._cfb_font.static.*)))
                0x0000000000004b08                _cfb_font_list_end = .

tdata           0x0000000000004b08        0x0
 *(SORT_BY_ALIGNMENT(.tdata) SORT_BY_ALIGNMENT(.tdata.*) SORT_BY_ALIGNMENT(.gnu.linkonce.td.*))

tbss            0x0000000000004b08        0x4
 *(SORT_BY_ALIGNMENT(.tbss) SORT_BY_ALIGNMENT(.tbss.*) SORT_BY_ALIGNMENT(.gnu.linkonce.tb.*) SORT_BY_ALIGNMENT(.tcommon))
 .tbss.z_tls_current
                0x0000000000004b08        0x4 libzephyr.a(thread_entry.c.obj)
                0x0000000000004b08                z_tls_current
                0x0000000000004b08                PROVIDE (__tdata_start = ADDR (tdata))
                0x0000000000000001                PROVIDE (__tdata_align = ALIGNOF (tdata))
                0x0000000000000000                PROVIDE (__tdata_size = (((SIZEOF (tdata) + __tdata_align) - 0x1) & ~ ((__tdata_align - 0x1))))
                [!provide]                        PROVIDE (__tdata_end = (__tdata_start + __tdata_size))
                0x0000000000000004                PROVIDE (__tbss_align = ALIGNOF (tbss))
                [!provide]                        PROVIDE (__tbss_start = ADDR (tbss))
                0x0000000000000004                PROVIDE (__tbss_size = (((SIZEOF (tbss) + __tbss_align) - 0x1) & ~ ((__tbss_align - 0x1))))
                [!provide]                        PROVIDE (__tbss_end = (__tbss_start + __tbss_size))
                [!provide]                        PROVIDE (__tls_start = __tdata_start)
                [!provide]                        PROVIDE (__tls_end = __tbss_end)
                [!provide]                        PROVIDE (__tls_size = (__tbss_end - __tdata_start))

rodata          0x0000000000004b08      0x4ec
 *(SORT_BY_ALIGNMENT(.rodata))
 *(SORT_BY_ALIGNMENT(.rodata.*))
 .rodata.DOUBLE_POW5_TABLE
                0x0000000000004b08       0xd0 /home/junpinfoo/zephyr-sdk-0.17.0/arm-zephyr-eabi/bin/../lib/gcc/../../picolibc/arm-zephyr-eabi/lib/thumb/v7-r+fp.sp/hard/libc.a(libc_tinystdio_ryu_table.c.o)
 .rodata.DOUBLE_POW5_SPLIT2
                0x0000000000004bd8       0xd0 /home/junpinfoo/zephyr-sdk-0.17.0/arm-zephyr-eabi/bin/../lib/gcc/../../picolibc/arm-zephyr-eabi/lib/thumb/v7-r+fp.sp/hard/libc.a(libc_tinystdio_ryu_table.c.o)
 .rodata.DOUBLE_POW5_INV_SPLIT2
                0x0000000000004ca8       0xf0 /home/junpinfoo/zephyr-sdk-0.17.0/arm-zephyr-eabi/bin/../lib/gcc/../../picolibc/arm-zephyr-eabi/lib/thumb/v7-r+fp.sp/hard/libc.a(libc_tinystdio_ryu_table.c.o)
 .rodata.neopixel
                0x0000000000004d98        0x8 ../app/libapp.a(main.c.obj)
 .rodata.btn    0x0000000000004da0        0x8 ../app/libapp.a(main.c.obj)
 .rodata.led    0x0000000000004da8        0x8 ../app/libapp.a(main.c.obj)
 .rodata.stdout
                0x0000000000004db0        0x4 lib/libc/picolibc/liblib__libc__picolibc.a(stdio.c.obj)
                0x0000000000004db0                stdout
                0x0000000000004db0                stderr
 .rodata.gpio_davinci_0_config
                0x0000000000004db4       0x14 drivers/gpio/libdrivers__gpio.a(gpio_davinci.c.obj)
 .rodata.__pinctrl_dev_config__device_dts_ord_28
                0x0000000000004dc8        0x8 drivers/gpio/libdrivers__gpio.a(gpio_davinci.c.obj)
 .rodata.__pinctrl_states__device_dts_ord_28
                0x0000000000004dd0        0x8 drivers/gpio/libdrivers__gpio.a(gpio_davinci.c.obj)
 .rodata.__pinctrl_state_pins_0__device_dts_ord_28
                0x0000000000004dd8        0x8 drivers/gpio/libdrivers__gpio.a(gpio_davinci.c.obj)
 .rodata.uart_ns16550_dev_cfg_0
                0x0000000000004de0       0x1c drivers/serial/libdrivers__serial.a(uart_ns16550.c.obj)
 .rodata.__pinctrl_dev_config__device_dts_ord_17
                0x0000000000004dfc        0x8 drivers/serial/libdrivers__serial.a(uart_ns16550.c.obj)
 .rodata.__pinctrl_states__device_dts_ord_17
                0x0000000000004e04        0x8 drivers/serial/libdrivers__serial.a(uart_ns16550.c.obj)
 .rodata.__pinctrl_state_pins_0__device_dts_ord_17
                0x0000000000004e0c       0x10 drivers/serial/libdrivers__serial.a(uart_ns16550.c.obj)
 .rodata.ti_dm_timer_config_0
                0x0000000000004e1c        0x4 drivers/timer/libdrivers__timer.a(ti_dmtimer.c.obj)
 .rodata.levels.0
                0x0000000000004e20       0x18 kernel/libkernel.a(init.c.obj)
 .rodata.POW5_OFFSETS
                0x0000000000004e38       0x54 /home/junpinfoo/zephyr-sdk-0.17.0/arm-zephyr-eabi/bin/../lib/gcc/../../picolibc/arm-zephyr-eabi/lib/thumb/v7-r+fp.sp/hard/libc.a(libc_tinystdio_ryu_table.c.o)
 .rodata.POW5_INV_OFFSETS
                0x0000000000004e8c       0x54 /home/junpinfoo/zephyr-sdk-0.17.0/arm-zephyr-eabi/bin/../lib/gcc/../../picolibc/arm-zephyr-eabi/lib/thumb/v7-r+fp.sp/hard/libc.a(libc_tinystdio_ryu_table.c.o)
 .rodata.initialize_gpio.str1.1
                0x0000000000004ee0       0x5d ../app/libapp.a(main.c.obj)
 .rodata.main.str1.1
                0x0000000000004f3d       0x2d ../app/libapp.a(main.c.obj)
 .rodata._exit.str1.1
                0x0000000000004f6a        0x5 lib/libc/picolibc/liblib__libc__picolibc.a(exit.c.obj)
 .rodata.str1.1
                0x0000000000004f6f        0xd drivers/gpio/libdrivers__gpio.a(gpio_davinci.c.obj)
 .rodata.str1.1
                0x0000000000004f7c        0xe drivers/pinctrl/libdrivers__pinctrl.a(pinctrl_ti_k3.c.obj)
 .rodata.str1.1
                0x0000000000004f8a        0xd drivers/serial/libdrivers__serial.a(uart_ns16550.c.obj)
 .rodata.str1.1
                0x0000000000004f97        0xe drivers/timer/libdrivers__timer.a(ti_dmtimer.c.obj)
 .rodata.z_cstart.str1.1
                0x0000000000004fa5        0x5 kernel/libkernel.a(init.c.obj)
 .rodata.boot_banner.str1.1
                0x0000000000004faa       0x3b kernel/libkernel.a(banner.c.obj)
 .rodata.vfprintf.str1.1
                0x0000000000004fe5        0xf /home/junpinfoo/zephyr-sdk-0.17.0/arm-zephyr-eabi/bin/../lib/gcc/../../picolibc/arm-zephyr-eabi/lib/thumb/v7-r+fp.sp/hard/libc.a(libc_tinystdio_vfprintf.c.o)
 *(SORT_BY_ALIGNMENT(.gnu.linkonce.r.*))
                0x0000000000004ff4                . = ALIGN (0x4)
                0x0000000000004ff4                . = ALIGN (_region_min_align)
                0x0000000000004ff4                __rodata_region_end = .
                0x0000000000004ff4                __rom_region_end = .
                0x0000000000004ff4                . = ALIGN (_region_min_align)
                0x000000000000001c                _image_rom_end_order = ((LOG2CEIL (__rom_region_end) - 0x1) << 0x1)

.got            0x0000000000004ff4        0x0
 *(SORT_BY_ALIGNMENT(.got.plt))
 *(SORT_BY_ALIGNMENT(.igot.plt))
 .igot.plt      0x0000000000004ff4        0x0 CMakeFiles/zephyr_final.dir/isr_tables.c.obj
 *(SORT_BY_ALIGNMENT(.got))
 *(SORT_BY_ALIGNMENT(.igot))
                0x0000000000000000                . = 0x0
                0x0000000000000000                . = ALIGN (_region_min_align)
                0x0000000000000000                _image_ram_start = .

bss             0x0000000000004ff8      0x2aa
                0x0000000000004ff8                . = ALIGN (0x4)
                0x0000000000004ff8                __bss_start = .
                0x0000000000004ff8                __kernel_ram_start = .
 *(SORT_BY_ALIGNMENT(.bss))
 *(SORT_BY_ALIGNMENT(.bss.*))
 .bss.z_idle_threads
                0x0000000000004ff8       0xb8 kernel/libkernel.a(init.c.obj)
                0x0000000000004ff8                z_idle_threads
 .bss.z_main_thread
                0x00000000000050b0       0xb8 kernel/libkernel.a(init.c.obj)
                0x00000000000050b0                z_main_thread
 .bss._thread_dummy
                0x0000000000005168       0xb8 kernel/libkernel.a(sched.c.obj)
                0x0000000000005168                _thread_dummy
 .bss.slice_timeouts
                0x0000000000005220       0x18 kernel/libkernel.a(timeslicing.c.obj)
 .bss.curr_tick
                0x0000000000005238        0x8 kernel/libkernel.a(timeout.c.obj)
 .bss.junk_delay
                0x0000000000005240        0x4 ../app/libapp.a(main.c.obj)
                0x0000000000005240                junk_delay
 .bss.pR5Base   0x0000000000005244        0x4 ../app/libapp.a(main.c.obj)
 .bss._stdout_hook
                0x0000000000005248        0x4 lib/libc/picolibc/liblib__libc__picolibc.a(stdio.c.obj)
 .bss.z_malloc_heap
                0x000000000000524c        0xc lib/libc/common/liblib__libc__common.a(malloc.c.obj)
 .bss.gpio_davinci_0_data
                0x0000000000005258        0xc drivers/gpio/libdrivers__gpio.a(gpio_davinci.c.obj)
 .bss.ti_dm_timer_data_0
                0x0000000000005264        0x4 drivers/timer/libdrivers__timer.a(ti_dmtimer.c.obj)
 .bss.systick_timer_dev
                0x0000000000005268        0x4 drivers/timer/libdrivers__timer.a(ti_dmtimer.c.obj)
 .bss._kernel   0x000000000000526c       0x28 kernel/libkernel.a(init.c.obj)
                0x000000000000526c                _kernel
 .bss.slice_max_prio
                0x0000000000005294        0x4 kernel/libkernel.a(timeslicing.c.obj)
 .bss.slice_ticks
                0x0000000000005298        0x4 kernel/libkernel.a(timeslicing.c.obj)
 .bss.announce_remaining
                0x000000000000529c        0x4 kernel/libkernel.a(timeout.c.obj)
 .bss.pinctrl_ti_k3_dev
                0x00000000000052a0        0x0 drivers/pinctrl/libdrivers__pinctrl.a(pinctrl_ti_k3.c.obj)
 .bss.z_sys_post_kernel
                0x00000000000052a0        0x1 kernel/libkernel.a(init.c.obj)
                0x00000000000052a0                z_sys_post_kernel
 .bss._sched_spinlock
                0x00000000000052a1        0x0 kernel/libkernel.a(sched.c.obj)
                0x00000000000052a1                _sched_spinlock
 .bss.slice_expired
                0x00000000000052a1        0x1 kernel/libkernel.a(timeslicing.c.obj)
 *(SORT_BY_ALIGNMENT(COMMON))
 *(SORT_BY_ALIGNMENT(.kernel_bss.*))
                0x00000000000052a4                __bss_end = ALIGN (0x4)

noinit          0x00000000000052a8     0x1640
 *(SORT_BY_ALIGNMENT(.noinit))
 *(SORT_BY_ALIGNMENT(.noinit.*))
 .noinit."WEST_TOPDIR/zephyr/arch/arm/core/cortex_a_r/stacks.c".4
                0x00000000000052a8      0x400 arch/arch/arm/core/cortex_a_r/libarch__arm__core__cortex_a_r.a(stacks.c.obj)
                0x00000000000052a8                z_arm_sys_stack
 .noinit."WEST_TOPDIR/zephyr/arch/arm/core/cortex_a_r/stacks.c".3
                0x00000000000056a8      0x200 arch/arch/arm/core/cortex_a_r/libarch__arm__core__cortex_a_r.a(stacks.c.obj)
                0x00000000000056a8                z_arm_svc_stack
 .noinit."WEST_TOPDIR/zephyr/arch/arm/core/cortex_a_r/stacks.c".2
                0x00000000000058a8      0x100 arch/arch/arm/core/cortex_a_r/libarch__arm__core__cortex_a_r.a(stacks.c.obj)
                0x00000000000058a8                z_arm_undef_stack
 .noinit."WEST_TOPDIR/zephyr/arch/arm/core/cortex_a_r/stacks.c".1
                0x00000000000059a8      0x100 arch/arch/arm/core/cortex_a_r/libarch__arm__core__cortex_a_r.a(stacks.c.obj)
                0x00000000000059a8                z_arm_abort_stack
 .noinit."WEST_TOPDIR/zephyr/arch/arm/core/cortex_a_r/stacks.c".0
                0x0000000000005aa8      0x100 arch/arch/arm/core/cortex_a_r/libarch__arm__core__cortex_a_r.a(stacks.c.obj)
                0x0000000000005aa8                z_arm_fiq_stack
 .noinit."WEST_TOPDIR/zephyr/kernel/init.c".2
                0x0000000000005ba8      0x800 kernel/libkernel.a(init.c.obj)
                0x0000000000005ba8                z_interrupt_stacks
 .noinit."WEST_TOPDIR/zephyr/kernel/init.c".1
                0x00000000000063a8      0x140 kernel/libkernel.a(init.c.obj)
 .noinit."WEST_TOPDIR/zephyr/kernel/init.c".0
                0x00000000000064e8      0x400 kernel/libkernel.a(init.c.obj)
                0x00000000000064e8                z_main_stack

datas           0x00000000000068e8       0x64
                0x00000000000068e8                __data_region_start = .
                0x00000000000068e8                __data_start = .
 *(SORT_BY_ALIGNMENT(.data))
 *(SORT_BY_ALIGNMENT(.data.*))
 .data._char_out
                0x00000000000068e8        0x4 libzephyr.a(printk.c.obj)
 .data.handler  0x00000000000068ec        0x4 arch/arch/arm/core/libarch__arm__core.a(nmi.c.obj)
 .data.arm_cpu_boot_params
                0x00000000000068f0       0x2c arch/arch/arm/core/cortex_a_r/libarch__arm__core__cortex_a_r.a(smp.c.obj)
                0x00000000000068f0                arm_cpu_boot_params
 .data.__stdout
                0x000000000000691c       0x10 lib/libc/picolibc/liblib__libc__picolibc.a(stdio.c.obj)
 .data.pinctrl_ti_k3_cfg
                0x000000000000692c        0x4 drivers/pinctrl/libdrivers__pinctrl.a(pinctrl_ti_k3.c.obj)
 .data.uart_ns16550_dev_data_0
                0x0000000000006930       0x14 drivers/serial/libdrivers__serial.a(uart_ns16550.c.obj)
 .data.timeout_list
                0x0000000000006944        0x8 kernel/libkernel.a(timeout.c.obj)
 *(SORT_BY_ALIGNMENT(.kernel.*))
                0x000000000000694c                __data_end = .
                0x0000000000000064                __data_size = (__data_end - __data_start)
                0x00000000000068e8                __data_load_start = LOADADDR (datas)
                0x00000000000068e8                __data_region_load_start = LOADADDR (datas)

device_states   0x000000000000694c        0x8
                0x000000000000694c                __device_states_start = .
 *(SORT_BY_ALIGNMENT(.z_devstate))
 .z_devstate    0x000000000000694c        0x2 drivers/gpio/libdrivers__gpio.a(gpio_davinci.c.obj)
 .z_devstate    0x000000000000694e        0x2 drivers/pinctrl/libdrivers__pinctrl.a(pinctrl_ti_k3.c.obj)
 .z_devstate    0x0000000000006950        0x2 drivers/serial/libdrivers__serial.a(uart_ns16550.c.obj)
 .z_devstate    0x0000000000006952        0x2 drivers/timer/libdrivers__timer.a(ti_dmtimer.c.obj)
 *(SORT_BY_ALIGNMENT(.z_devstate.*))
                0x0000000000006954                __device_states_end = .

log_mpsc_pbuf_area
                0x0000000000006954        0x0
                0x0000000000006954                _log_mpsc_pbuf_list_start = .
 *(SORT_BY_NAME(SORT_BY_ALIGNMENT(._log_mpsc_pbuf.static.*)))
                0x0000000000006954                _log_mpsc_pbuf_list_end = .

log_msg_ptr_area
                0x0000000000006954        0x0
                0x0000000000006954                _log_msg_ptr_list_start = .
 *(SORT_BY_NAME(SORT_BY_ALIGNMENT(._log_msg_ptr.static.*)))
                0x0000000000006954                _log_msg_ptr_list_end = .

log_dynamic_area
                0x0000000000006954        0x0
                0x0000000000006954                _log_dynamic_list_start = .
 *(SORT_BY_NAME(SORT_BY_ALIGNMENT(._log_dynamic.static.*)))
                0x0000000000006954                _log_dynamic_list_end = .

k_timer_area    0x0000000000006954        0x0
                0x0000000000006954                _k_timer_list_start = .
 *(SORT_BY_NAME(SORT_BY_ALIGNMENT(._k_timer.static.*)))
                0x0000000000006954                _k_timer_list_end = .

k_mem_slab_area
                0x0000000000006954        0x0
                0x0000000000006954                _k_mem_slab_list_start = .
 *(SORT_BY_NAME(SORT_BY_ALIGNMENT(._k_mem_slab.static.*)))
                0x0000000000006954                _k_mem_slab_list_end = .

k_heap_area     0x0000000000006954        0x0
                0x0000000000006954                _k_heap_list_start = .
 *(SORT_BY_NAME(SORT_BY_ALIGNMENT(._k_heap.static.*)))
                0x0000000000006954                _k_heap_list_end = .

k_mutex_area    0x0000000000006954        0x0
                0x0000000000006954                _k_mutex_list_start = .
 *(SORT_BY_NAME(SORT_BY_ALIGNMENT(._k_mutex.static.*)))
                0x0000000000006954                _k_mutex_list_end = .

k_stack_area    0x0000000000006954        0x0
                0x0000000000006954                _k_stack_list_start = .
 *(SORT_BY_NAME(SORT_BY_ALIGNMENT(._k_stack.static.*)))
                0x0000000000006954                _k_stack_list_end = .

k_msgq_area     0x0000000000006954        0x0
                0x0000000000006954                _k_msgq_list_start = .
 *(SORT_BY_NAME(SORT_BY_ALIGNMENT(._k_msgq.static.*)))
                0x0000000000006954                _k_msgq_list_end = .

k_mbox_area     0x0000000000006954        0x0
                0x0000000000006954                _k_mbox_list_start = .
 *(SORT_BY_NAME(SORT_BY_ALIGNMENT(._k_mbox.static.*)))
                0x0000000000006954                _k_mbox_list_end = .

k_pipe_area     0x0000000000006954        0x0
                0x0000000000006954                _k_pipe_list_start = .
 *(SORT_BY_NAME(SORT_BY_ALIGNMENT(._k_pipe.static.*)))
                0x0000000000006954                _k_pipe_list_end = .

k_sem_area      0x0000000000006954        0x0
                0x0000000000006954                _k_sem_list_start = .
 *(SORT_BY_NAME(SORT_BY_ALIGNMENT(._k_sem.static.*)))
                0x0000000000006954                _k_sem_list_end = .

k_event_area    0x0000000000006954        0x0
                0x0000000000006954                _k_event_list_start = .
 *(SORT_BY_NAME(SORT_BY_ALIGNMENT(._k_event.static.*)))
                0x0000000000006954                _k_event_list_end = .

k_queue_area    0x0000000000006954        0x0
                0x0000000000006954                _k_queue_list_start = .
 *(SORT_BY_NAME(SORT_BY_ALIGNMENT(._k_queue.static.*)))
                0x0000000000006954                _k_queue_list_end = .

k_fifo_area     0x0000000000006954        0x0
                0x0000000000006954                _k_fifo_list_start = .
 *(SORT_BY_NAME(SORT_BY_ALIGNMENT(._k_fifo.static.*)))
                0x0000000000006954                _k_fifo_list_end = .

k_lifo_area     0x0000000000006954        0x0
                0x0000000000006954                _k_lifo_list_start = .
 *(SORT_BY_NAME(SORT_BY_ALIGNMENT(._k_lifo.static.*)))
                0x0000000000006954                _k_lifo_list_end = .

k_condvar_area  0x0000000000006954        0x0
                0x0000000000006954                _k_condvar_list_start = .
 *(SORT_BY_NAME(SORT_BY_ALIGNMENT(._k_condvar.static.*)))
                0x0000000000006954                _k_condvar_list_end = .

sys_mem_blocks_ptr_area
                0x0000000000006954        0x0
                0x0000000000006954                _sys_mem_blocks_ptr_list_start = .
 *(SORT_BY_NAME(SORT_BY_ALIGNMENT(._sys_mem_blocks_ptr.static.*)))
                0x0000000000006954                _sys_mem_blocks_ptr_list_end = .

net_buf_pool_area
                0x0000000000006954        0x0
                0x0000000000006954                _net_buf_pool_list_start = .
 *(SORT_BY_NAME(SORT_BY_ALIGNMENT(._net_buf_pool.static.*)))
                0x0000000000006954                _net_buf_pool_list_end = .
                0x0000000000006954                __data_region_end = .
                0x0000000000008000                __kernel_ram_end = 0x8000
                0x0000000000003008                __kernel_ram_size = (__kernel_ram_end - __kernel_ram_start)

/DISCARD/
 *(SORT_BY_ALIGNMENT(.irq_info*))
 *(SORT_BY_ALIGNMENT(.intList*))

.last_ram_section
                0x0000000000006954        0x0
                0x0000000000006954                . = ALIGN (_region_min_align)
                0x0000000000006954                _image_ram_end = .
                0x0000000000006954                _image_ram_size = (_image_ram_end - _image_ram_start)
                0x0000000000006954                _end = .
                0x0000000000006954                z_mapped_end = .

.stab
 *(SORT_BY_ALIGNMENT(.stab))

.stabstr
 *(SORT_BY_ALIGNMENT(.stabstr))

.stab.excl
 *(SORT_BY_ALIGNMENT(.stab.excl))

.stab.exclstr
 *(SORT_BY_ALIGNMENT(.stab.exclstr))

.stab.index
 *(SORT_BY_ALIGNMENT(.stab.index))

.stab.indexstr
 *(SORT_BY_ALIGNMENT(.stab.indexstr))

.gnu.build.attributes
 *(SORT_BY_ALIGNMENT(.gnu.build.attributes) SORT_BY_ALIGNMENT(.gnu.build.attributes.*))

.comment        0x0000000000000000       0x20
 *(SORT_BY_ALIGNMENT(.comment))
 .comment       0x0000000000000000       0x20 CMakeFiles/zephyr_final.dir/isr_tables.c.obj
                                         0x21 (size before relaxing)
 .comment       0x0000000000000020       0x21 CMakeFiles/offsets.dir/arch/arm/core/offsets/offsets.c.obj
 .comment       0x0000000000000020       0x21 ../app/libapp.a(main.c.obj)
 .comment       0x0000000000000020       0x21 libzephyr.a(heap.c.obj)
 .comment       0x0000000000000020       0x21 libzephyr.a(printk.c.obj)
 .comment       0x0000000000000020       0x21 libzephyr.a(thread_entry.c.obj)
 .comment       0x0000000000000020       0x21 libzephyr.a(resource_table.c.obj)
 .comment       0x0000000000000020       0x21 libzephyr.a(configs.c.obj)
 .comment       0x0000000000000020       0x21 libzephyr.a(ctrl_partitions.c.obj)
 .comment       0x0000000000000020       0x21 libzephyr.a(soc.c.obj)
 .comment       0x0000000000000020       0x21 arch/arch/arm/core/libarch__arm__core.a(fatal.c.obj)
 .comment       0x0000000000000020       0x21 arch/arch/arm/core/libarch__arm__core.a(nmi.c.obj)
 .comment       0x0000000000000020       0x21 arch/arch/arm/core/libarch__arm__core.a(tls.c.obj)
 .comment       0x0000000000000020       0x21 arch/arch/arm/core/cortex_a_r/libarch__arm__core__cortex_a_r.a(fault.c.obj)
 .comment       0x0000000000000020       0x21 arch/arch/arm/core/cortex_a_r/libarch__arm__core__cortex_a_r.a(irq_init.c.obj)
 .comment       0x0000000000000020       0x21 arch/arch/arm/core/cortex_a_r/libarch__arm__core__cortex_a_r.a(reboot.c.obj)
 .comment       0x0000000000000020       0x21 arch/arch/arm/core/cortex_a_r/libarch__arm__core__cortex_a_r.a(stacks.c.obj)
 .comment       0x0000000000000020       0x21 arch/arch/arm/core/cortex_a_r/libarch__arm__core__cortex_a_r.a(irq_manage.c.obj)
 .comment       0x0000000000000020       0x21 arch/arch/arm/core/cortex_a_r/libarch__arm__core__cortex_a_r.a(prep_c.c.obj)
 .comment       0x0000000000000020       0x21 arch/arch/arm/core/cortex_a_r/libarch__arm__core__cortex_a_r.a(thread.c.obj)
 .comment       0x0000000000000020       0x21 arch/arch/arm/core/cortex_a_r/libarch__arm__core__cortex_a_r.a(smp.c.obj)
 .comment       0x0000000000000020       0x21 lib/libc/picolibc/liblib__libc__picolibc.a(exit.c.obj)
 .comment       0x0000000000000020       0x21 lib/libc/picolibc/liblib__libc__picolibc.a(stdio.c.obj)
 .comment       0x0000000000000020       0x21 lib/libc/common/liblib__libc__common.a(malloc.c.obj)
 .comment       0x0000000000000020       0x21 drivers/interrupt_controller/libdrivers__interrupt_controller.a(intc_vim.c.obj)